....................F................................................... [ 41%]
........................................................................ [ 83%]
............................                                             [100%]
=================================== FAILURES ===================================
_ test_interrupted_run_reports_verified_action_receipt_without_claiming_delivery _

records = <function records.<locals>.connect at 0xf9f86624da60>

    def test_interrupted_run_reports_verified_action_receipt_without_claiming_delivery(records):
        auth, client = identity(), str(uuid4())
        run = insert(
            records, auth, client, "cancelled", error_message="Run interrupted", verified_status=None
        )
        operation = record_calendar_receipt(records, auth, run)
        result = chat_recovery.read_outcome(auth, "web:main", client)
        assert result["state"] == "cancelled" and not result["verified"]
        assert result["effects"][0]["operation_id"] == operation
        assert result["effects"][0]["verified"] is True
        assert "calendar change is recorded as complete and verified" in result["text"]
        assert "delivery is not verified" in result["text"]
>       assert "Run interrupted" in result["text"]
E       AssertionError: assert 'Run interrupted' in 'The calendar change is recorded as complete and verified. Notifications were requested; delivery is not verified. (Operation 1db15c1c-8bd1-455c-9e74-4f19f7c077c1)\n\nExecution was interrupted. Any remaining work is not confirmed.'

robothor/engine/tests/test_chat_recovery.py:218: AssertionError
=============================== warnings summary ===============================
../robothor-runtime-modernization/.venv/lib/python3.14/site-packages/fastapi/testclient.py:1
  /home/philip/robothor-runtime-modernization/.venv/lib/python3.14/site-packages/fastapi/testclient.py:1: StarletteDeprecationWarning: Using `httpx` with `starlette.testclient` is deprecated; install `httpx2` instead.
    from starlette.testclient import TestClient as TestClient  # noqa

../robothor-runtime-modernization/.venv/lib/python3.14/site-packages/starlette/testclient.py:53
  /home/philip/robothor-runtime-modernization/.venv/lib/python3.14/site-packages/starlette/testclient.py:53: DeprecationWarning: The anyio.abc.BlockingPortal alias is deprecated, use anyio.from_thread.BlockingPortal instead.
    _PortalFactoryType = Callable[[], AbstractContextManager[anyio.abc.BlockingPortal]]

-- Docs: https://docs.pytest.org/en/stable/how-to/capture-warnings.html
=========================== short test summary info ============================
FAILED robothor/engine/tests/test_chat_recovery.py::test_interrupted_run_reports_verified_action_receipt_without_claiming_delivery
1 failed, 171 passed, 2 warnings in 15.45s
