........................................................................ [  0%]
........................................................................ [  1%]
........................................................................ [  1%]
..............................................ssssssssssssss............ [  2%]
........................................................................ [  3%]
........................................................................ [  3%]
........................................................................ [  4%]
........................................................................ [  5%]
........................................................................ [  5%]
........................................................................ [  6%]
........................................................................ [  6%]
........................................................................ [  7%]
........................................................................ [  8%]
........................................................................ [  8%]
........................................................................ [  9%]
........................................................................ [ 10%]
........................................................................ [ 10%]
........................................................................ [ 11%]
........................................................................ [ 12%]
........................................................................ [ 12%]
........................................................................ [ 13%]
........................................................................ [ 13%]
........................................................................ [ 14%]
........................................................................ [ 15%]
........................................................................ [ 15%]
........................................................................ [ 16%]
........................................................................ [ 17%]
........................................................................ [ 17%]
........................................................................ [ 18%]
........................................................................ [ 18%]
........................................................................ [ 19%]
........................................................................ [ 20%]
........................................................................ [ 20%]
........................................................................ [ 21%]
........................................................................ [ 22%]
........................................................................ [ 22%]
........................................................................ [ 23%]
........................................................................ [ 24%]
........................................................................ [ 24%]
........................................................................ [ 25%]
........................................................................ [ 25%]
........................................................................ [ 26%]
........................................................................ [ 27%]
........................................................................ [ 27%]
........................................................................ [ 28%]
........................................................................ [ 29%]
........................................................................ [ 29%]
....................................s................................... [ 30%]
........................................................................ [ 30%]
........................................................................ [ 31%]
.............Loop <_UnixSelectorEventLoop running=False closed=True debug=False> that handles pid 2245034 is closed

=============================== warnings summary ===============================
robothor/engine/tests/test_admin_approvals.py:17
  /home/philip/robothor-runtime-modernization/robothor/engine/tests/test_admin_approvals.py:17: StarletteDeprecationWarning: Using `httpx` with `starlette.testclient` is deprecated; install `httpx2` instead.
    from starlette.testclient import TestClient

.venv/lib/python3.14/site-packages/starlette/testclient.py:53
  /home/philip/robothor-runtime-modernization/.venv/lib/python3.14/site-packages/starlette/testclient.py:53: DeprecationWarning: The anyio.abc.BlockingPortal alias is deprecated, use anyio.from_thread.BlockingPortal instead.
    _PortalFactoryType = Callable[[], AbstractContextManager[anyio.abc.BlockingPortal]]

robothor/engine/tests/test_admin_approvals.py: 7 warnings
robothor/engine/tests/test_admin_plugins.py: 25 warnings
robothor/engine/tests/test_admin_plugins_install.py: 25 warnings
robothor/engine/tests/test_admin_plugins_offloop.py: 16 warnings
robothor/engine/tests/test_admin_providers.py: 45 warnings
robothor/engine/tests/test_admin_providers_defaults_read.py: 3 warnings
robothor/engine/tests/test_admin_scheduler.py: 11 warnings
robothor/engine/tests/test_benchmark_decontamination.py: 4 warnings
robothor/engine/tests/test_dashboard_completions.py: 10 warnings
  /home/philip/robothor-runtime-modernization/robothor/engine/health.py:1210: DeprecationWarning: 
          on_event is deprecated, use lifespan event handlers instead.
  
          Read more about it in the
          [FastAPI docs for Lifespan Events](https://fastapi.tiangolo.com/advanced/events/).
          
    @app.on_event("startup")

robothor/engine/tests/test_admin_approvals.py: 7 warnings
robothor/engine/tests/test_admin_plugins.py: 25 warnings
robothor/engine/tests/test_admin_plugins_install.py: 25 warnings
robothor/engine/tests/test_admin_plugins_offloop.py: 16 warnings
robothor/engine/tests/test_admin_providers.py: 45 warnings
robothor/engine/tests/test_admin_providers_defaults_read.py: 3 warnings
robothor/engine/tests/test_admin_scheduler.py: 11 warnings
robothor/engine/tests/test_benchmark_decontamination.py: 4 warnings
robothor/engine/tests/test_dashboard_completions.py: 10 warnings
  /home/philip/robothor-runtime-modernization/.venv/lib/python3.14/site-packages/fastapi/applications.py:4681: DeprecationWarning: 
          on_event is deprecated, use lifespan event handlers instead.
  
          Read more about it in the
          [FastAPI docs for Lifespan Events](https://fastapi.tiangolo.com/advanced/events/).
          
    return self.router.on_event(event_type)  # ty: ignore[deprecated]

robothor/engine/tests/test_bounded_model_fallback.py::test_shared_worker_route_exclusion_reaches_funded_fallback[main]
  /home/philip/robothor-runtime-modernization/.venv/lib/python3.14/site-packages/pydantic/_internal/_generate_schema.py:1480: UserWarning: Item 'summary' on TypedDict class 'ChatCompletionReasoningItem' is using the `ReadOnly` qualifier. Pydantic will not protect items from any mutation on dictionary instances.
    warnings.warn(

robothor/engine/tests/test_config.py::TestDeliveryToFallbackChain::test_agent_delivery_to_falls_back_to_unprefixed
robothor/engine/tests/test_config.py::TestDeliveryToFallbackChain::test_heartbeat_delivery_to_falls_back_to_unprefixed
  /home/philip/robothor-runtime-modernization/robothor/settings/aliases.py:78: DeprecationWarning: Configuration variable TELEGRAM_CHAT_ID is deprecated; use ROBOTHOR_TELEGRAM_CHAT_ID instead. The old name still works, but it will stop being read after two minor releases. See robothor/settings/aliases.py.
    warnings.warn(

-- Docs: https://docs.pytest.org/en/stable/how-to/capture-warnings.html
!!!!!!!!!!!!!!!!!!!!!!!!!!!!!! KeyboardInterrupt !!!!!!!!!!!!!!!!!!!!!!!!!!!!!!!
/home/philip/.local/share/uv/python/cpython-3.14.2-linux-aarch64-gnu/lib/python3.14/socket.py:725: KeyboardInterrupt
(to show a full traceback on KeyboardInterrupt use --full-trace)
3598 passed, 16 skipped, 220 deselected, 297 warnings in 91.78s (0:01:31)
