Applied 001_init.sql (001_init)
Applied 001_crm_tables.sql (001_crm_tables)
Applied 004_telemetry_table.sql (004_telemetry_table)
Applied 005_task_coordination.sql (005_task_coordination)
Applied 006_task_state_machine.sql (006_task_state_machine)
Applied 007_routines.sql (007_routines)
Applied 008_multi_tenancy.sql (008_multi_tenancy)
Applied 009_agent_notifications.sql (009_agent_notifications)
Applied 010_health_tables.sql (010_health_tables)
Applied 011_agent_engine.sql (011_agent_engine)
Applied 012_webchat_trigger_type.sql (012_webchat_trigger_type)
Applied 013_workflow_engine.sql (013_workflow_engine)
Applied 014_engine_enhancements.sql (014_engine_enhancements)
Applied 015_chat_history.sql (015_chat_history)
Applied 015b_supervisor_to_main.sql (015b_supervisor_to_main)
Applied 016_sub_agents.sql (016_sub_agents)
Applied 017_timezone_new_york.sql (017_timezone_new_york)
Applied 018_migration_tracking.sql (018_migration_tracking)
Applied 019_unified_session.sql (019_unified_session)
Applied 020_plan_mode.sql (020_plan_mode)
Applied 021_deep_reason.sql (021_deep_reason)
Applied 022_tool_events.sql (022_tool_events)
Applied 023_memory_v4_schema.sql (023_memory_v4_schema)
Applied 024_requires_human.sql (024_requires_human)
Applied 025_federation.sql (025_federation)
Applied 026_consolidation_tracking.sql (026_consolidation_tracking)
Applied 027_auto_task.sql (027_auto_task)
Applied 027_kairos_buddy.sql (027_kairos_buddy)
Applied 028_agent_teams.sql (028_agent_teams)
Applied 028_per_agent_buddy.sql (028_per_agent_buddy)
Applied 029_cache_token_tracking.sql (029_cache_token_tracking)
Applied 029_managed_agents.sql (029_managed_agents)
Applied 030_buddy_effectiveness.sql (030_buddy_effectiveness)
Applied 030_checkpoint_schema_version.sql (030_checkpoint_schema_version)
Applied 031_add_escalation_type.sql (031_add_escalation_type)
Applied 031_agent_reviews.sql (031_agent_reviews)
Applied 032_run_status_skipped.sql (032_run_status_skipped)
Applied 032a_seed_legacy_primary_tenant.sql (032a_seed_legacy_primary_tenant)
Applied 033_memory_multi_tenancy.sql (033_memory_multi_tenancy)
Applied 034_buddy_goals_scoring.sql (034_buddy_goals_scoring)
Applied 034_outcome_assessment.sql (034_outcome_assessment)
Applied 035_drop_legacy_buddy_columns.sql (035_drop_legacy_buddy_columns)
Applied 035_retention_indexes.sql (035_retention_indexes)
Applied 036_buddy_reviewer_type.sql (036_buddy_reviewer_type)
Applied 036_devops_metrics.sql (036_devops_metrics)
Applied 037_access_control.sql (037_access_control)
Applied 037_scheduling_policy.sql (037_scheduling_policy)
Applied 038_audit_user_id.sql (038_audit_user_id)
Applied 038_reap_category.sql (038_reap_category)
Applied 039_operator_identity.sql (039_operator_identity)
Applied 040_memory_episodes.sql (040_memory_episodes)
Applied 041_memory_procedures.sql (041_memory_procedures)
Applied 042_chat_embeddings.sql (042_chat_embeddings)
Applied 043_fact_outcomes.sql (043_fact_outcomes)
Applied 044_agent_breadcrumbs.sql (044_agent_breadcrumbs)
Applied 045_channel_bus.sql (045_channel_bus)
Applied 046_person_linkage.sql (046_person_linkage)
Applied 046b_orphan_cleanup.sql (046b_orphan_cleanup)
Applied 047_messaging_kernel.sql (047_messaging_kernel)
Applied 048_voice_calendar.sql (048_voice_calendar)
Applied 049_timeline_activity.sql (049_timeline_activity)
Applied 050_task_planner_fields.sql (050_task_planner_fields)
Applied 051_task_followup.sql (051_task_followup)
Applied 052_multi_tenant_telegram_users.sql (052_multi_tenant_telegram_users)
Applied 062_step_type_warmup_phase.sql (062_step_type_warmup_phase)
Applied 063_benchmark_results.sql (063_benchmark_results)
Applied 065_session_goal_meta.sql (065_session_goal_meta)
Applied 066_session_goal_meta_v2.sql (066_session_goal_meta_v2)
Applied 067_task_history_kind_schema.sql (067_task_history_kind_schema)
Applied 068_curator_state.sql (068_curator_state)
Applied 069_memory_facts_drift.sql (069_memory_facts_drift)
Applied 070_user_cronjobs.sql (070_user_cronjobs)
Applied 071_memory_vault.sql (071_memory_vault)
Applied 071_user_accounts.sql (071_user_accounts)
Applied 072_memory_intents.sql (072_memory_intents)
Applied 073_memory_facts_active_hnsw.sql (073_memory_facts_active_hnsw)
Applied 074_memory_active_hnsw_partials.sql (074_memory_active_hnsw_partials)
Applied 075_operator_signals.sql (075_operator_signals)
Applied 076_judge_reviewer_type.sql (076_judge_reviewer_type)
Applied 077_message_reactions_unique.sql (077_message_reactions_unique)
Applied 078_memory_facts_content_hash_unique.sql (078_memory_facts_content_hash_unique)
Applied 079_guardrail_event_modes.sql (079_guardrail_event_modes)
Applied 080_judge_reviewer_type.sql (080_judge_reviewer_type)
Applied 081_tenant_rls_backstop.sql (081_tenant_rls_backstop)
Applied 082_tenant_rls_app_role.sql (082_tenant_rls_app_role)
Applied 083_rls_global_role_defaults.sql (083_rls_global_role_defaults)
Applied 084_feature_flags.sql (084_feature_flags)
Applied 085_sso_binding_grants.sql (085_sso_binding_grants)
Applied 086_user_permissions.sql (086_user_permissions)
Applied 087_role_permission_guardrails.sql (087_role_permission_guardrails)
Applied 088_member_role_read_only.sql (088_member_role_read_only)
Applied 089_face_identities.sql (089_face_identities)
Applied 092_memory_access_rollup.sql (092_memory_access_rollup)
Applied 093_memory_write_jobs.sql (093_memory_write_jobs)
Applied 094_memory_decay_shadow.sql (094_memory_decay_shadow)
Applied 095_memory_bitemporal.sql (095_memory_bitemporal)
Applied 096_memory_block_budget.sql (096_memory_block_budget)
Applied 097_trigger_type_channel_event.sql (097_trigger_type_channel_event)
Applied 098_tenant_column_defaults.sql (098_tenant_column_defaults)
Applied 099_notification_types.sql (099_notification_types)
Applied 100_run_verification.sql (100_run_verification)
Applied 102_agent_reviews_nullable_rating.sql (102_agent_reviews_nullable_rating)
Applied 103_benchmark_pass_rate_truth.sql (103_benchmark_pass_rate_truth)
Applied 104_benchmark_sandbox_tenant.sql (104_benchmark_sandbox_tenant)
Applied 105_agent_messages.sql (105_agent_messages)
Applied 106_workflow_approvals.sql (106_workflow_approvals)
Applied 107_seed_service_role.sql (107_seed_service_role)
Applied 108_run_resume_attempts.sql (108_run_resume_attempts)
Applied 109_facts_entities_lower_gin.sql (109_facts_entities_lower_gin)
Applied 110_tool_event_error_message.sql (110_tool_event_error_message)
Applied 111_drop_shadowing_ann_index.sql (111_drop_shadowing_ann_index)
Applied 112_federation_principals.sql (112_federation_principals)
Applied 113_add_do_not_contact.sql (113_add_do_not_contact)
Applied 114_local_login.sql (114_local_login)
Applied 115_backfill_sandbox_denied_error_type.sql (115_backfill_sandbox_denied_error_type)
Applied 116_benchmark_digest_notification_type.sql (116_benchmark_digest_notification_type)
Applied 117_agent_questions.sql (117_agent_questions)
Applied 118_user_channel_identities.sql (118_user_channel_identities)
Applied 119_workflow_step_timeout.sql (119_workflow_step_timeout)
Applied 120_tenant_rls_cover_new_tables.sql (120_tenant_rls_cover_new_tables)
Applied 121_channel_conversation_refs.sql (121_channel_conversation_refs)
Applied 122_trigger_type_channel.sql (122_trigger_type_channel)
Applied 123_agent_run_task_text.sql (123_agent_run_task_text)
Applied 124_guardrail_context_overflow.sql (124_guardrail_context_overflow)
Applied 125_agent_run_step_batch.sql (125_agent_run_step_batch)
Applied 126_calendar_operations.sql (126_calendar_operations)
Applied 126_durable_operations.sql (126_durable_operations)
Applied 126_goal_pursuit.sql (126_goal_pursuit)
Applied 127_autonomous_execution.sql (127_autonomous_execution)
Applied 127_runtime_contract.sql (127_runtime_contract)
Applied 127_sales_intelligence.sql (127_sales_intelligence)
Applied 128_autonomy_resource_descriptors.sql (128_autonomy_resource_descriptors)
Applied 128_sales_business_observations.sql (128_sales_business_observations)
Applied 129_autonomy_workflows.sql (129_autonomy_workflows)
Applied 129_sales_binding_repair.sql (129_sales_binding_repair)
Applied 130_autonomy_request_context.sql (130_autonomy_request_context)
Applied 130_sales_deployments.sql (130_sales_deployments)
Applied 131_autonomy_enrollments.sql (131_autonomy_enrollments)
Applied 131_sales_calibration.sql (131_sales_calibration)
Applied 132_autonomy_enrollment_rls.sql (132_autonomy_enrollment_rls)
Applied 132_sales_research_delegation.sql (132_sales_research_delegation)
Applied 133_autonomy_terms_audit.sql (133_autonomy_terms_audit)
Applied 133_operation_fragments.sql (133_operation_fragments)
Applied 134_autonomy_material_documents.sql (134_autonomy_material_documents)
Applied 134_web_render_permission.sql (134_web_render_permission)
Applied 135_sales_requests.sql (135_sales_requests)
Applied 136_sales_pipedrive_scope.sql (136_sales_pipedrive_scope)
Applied 137_sales_analyst_permissions.sql (137_sales_analyst_permissions)
Applied 138_goal_provider_reservations.sql (138_goal_provider_reservations)
Applied 139_goal_task_family_controls.sql (139_goal_task_family_controls)
Applied 140_chat_approval_receipts.sql (140_chat_approval_receipts)
Applied 141_runtime_effects.sql (141_runtime_effects)
Applied 142_goal_effect_lookup.sql (142_goal_effect_lookup)
Nothing to apply.
Applied 001_init.sql (001_init)
Applied 001_crm_tables.sql (001_crm_tables)
Applied 004_telemetry_table.sql (004_telemetry_table)
Applied 005_task_coordination.sql (005_task_coordination)
Applied 006_task_state_machine.sql (006_task_state_machine)
Applied 007_routines.sql (007_routines)
Applied 008_multi_tenancy.sql (008_multi_tenancy)
Applied 009_agent_notifications.sql (009_agent_notifications)
Applied 010_health_tables.sql (010_health_tables)
Applied 011_agent_engine.sql (011_agent_engine)
Applied 012_webchat_trigger_type.sql (012_webchat_trigger_type)
Applied 013_workflow_engine.sql (013_workflow_engine)
Applied 014_engine_enhancements.sql (014_engine_enhancements)
Applied 015_chat_history.sql (015_chat_history)
Applied 015b_supervisor_to_main.sql (015b_supervisor_to_main)
Applied 016_sub_agents.sql (016_sub_agents)
Applied 017_timezone_new_york.sql (017_timezone_new_york)
Applied 018_migration_tracking.sql (018_migration_tracking)
Applied 019_unified_session.sql (019_unified_session)
Applied 020_plan_mode.sql (020_plan_mode)
Applied 021_deep_reason.sql (021_deep_reason)
Applied 022_tool_events.sql (022_tool_events)
Applied 023_memory_v4_schema.sql (023_memory_v4_schema)
Applied 024_requires_human.sql (024_requires_human)
Applied 025_federation.sql (025_federation)
Applied 026_consolidation_tracking.sql (026_consolidation_tracking)
Applied 027_auto_task.sql (027_auto_task)
Applied 027_kairos_buddy.sql (027_kairos_buddy)
Applied 028_agent_teams.sql (028_agent_teams)
Applied 028_per_agent_buddy.sql (028_per_agent_buddy)
Applied 029_cache_token_tracking.sql (029_cache_token_tracking)
Applied 029_managed_agents.sql (029_managed_agents)
Applied 030_buddy_effectiveness.sql (030_buddy_effectiveness)
Applied 030_checkpoint_schema_version.sql (030_checkpoint_schema_version)
Applied 031_add_escalation_type.sql (031_add_escalation_type)
Applied 031_agent_reviews.sql (031_agent_reviews)
Applied 032_run_status_skipped.sql (032_run_status_skipped)
Applied 032a_seed_legacy_primary_tenant.sql (032a_seed_legacy_primary_tenant)
Applied 033_memory_multi_tenancy.sql (033_memory_multi_tenancy)
Applied 034_buddy_goals_scoring.sql (034_buddy_goals_scoring)
Applied 034_outcome_assessment.sql (034_outcome_assessment)
Applied 035_drop_legacy_buddy_columns.sql (035_drop_legacy_buddy_columns)
Applied 035_retention_indexes.sql (035_retention_indexes)
Applied 036_buddy_reviewer_type.sql (036_buddy_reviewer_type)
Applied 036_devops_metrics.sql (036_devops_metrics)
Applied 037_access_control.sql (037_access_control)
Applied 037_scheduling_policy.sql (037_scheduling_policy)
Applied 038_audit_user_id.sql (038_audit_user_id)
Applied 038_reap_category.sql (038_reap_category)
Applied 039_operator_identity.sql (039_operator_identity)
Applied 040_memory_episodes.sql (040_memory_episodes)
Applied 041_memory_procedures.sql (041_memory_procedures)
Applied 042_chat_embeddings.sql (042_chat_embeddings)
Applied 043_fact_outcomes.sql (043_fact_outcomes)
Applied 044_agent_breadcrumbs.sql (044_agent_breadcrumbs)
Applied 045_channel_bus.sql (045_channel_bus)
Applied 046_person_linkage.sql (046_person_linkage)
Applied 046b_orphan_cleanup.sql (046b_orphan_cleanup)
Applied 047_messaging_kernel.sql (047_messaging_kernel)
Applied 048_voice_calendar.sql (048_voice_calendar)
Applied 049_timeline_activity.sql (049_timeline_activity)
Applied 050_task_planner_fields.sql (050_task_planner_fields)
Applied 051_task_followup.sql (051_task_followup)
Applied 052_multi_tenant_telegram_users.sql (052_multi_tenant_telegram_users)
Applied 062_step_type_warmup_phase.sql (062_step_type_warmup_phase)
Applied 063_benchmark_results.sql (063_benchmark_results)
Applied 065_session_goal_meta.sql (065_session_goal_meta)
Applied 066_session_goal_meta_v2.sql (066_session_goal_meta_v2)
Applied 067_task_history_kind_schema.sql (067_task_history_kind_schema)
Applied 068_curator_state.sql (068_curator_state)
Applied 069_memory_facts_drift.sql (069_memory_facts_drift)
Applied 070_user_cronjobs.sql (070_user_cronjobs)
Applied 071_memory_vault.sql (071_memory_vault)
Applied 071_user_accounts.sql (071_user_accounts)
Applied 072_memory_intents.sql (072_memory_intents)
Applied 073_memory_facts_active_hnsw.sql (073_memory_facts_active_hnsw)
Applied 074_memory_active_hnsw_partials.sql (074_memory_active_hnsw_partials)
Applied 075_operator_signals.sql (075_operator_signals)
Applied 076_judge_reviewer_type.sql (076_judge_reviewer_type)
Applied 077_message_reactions_unique.sql (077_message_reactions_unique)
Applied 078_memory_facts_content_hash_unique.sql (078_memory_facts_content_hash_unique)
Applied 079_guardrail_event_modes.sql (079_guardrail_event_modes)
Applied 080_judge_reviewer_type.sql (080_judge_reviewer_type)
Applied 081_tenant_rls_backstop.sql (081_tenant_rls_backstop)
Applied 082_tenant_rls_app_role.sql (082_tenant_rls_app_role)
Applied 083_rls_global_role_defaults.sql (083_rls_global_role_defaults)
Applied 084_feature_flags.sql (084_feature_flags)
Applied 085_sso_binding_grants.sql (085_sso_binding_grants)
Applied 086_user_permissions.sql (086_user_permissions)
Applied 087_role_permission_guardrails.sql (087_role_permission_guardrails)
Applied 088_member_role_read_only.sql (088_member_role_read_only)
Applied 089_face_identities.sql (089_face_identities)
Applied 092_memory_access_rollup.sql (092_memory_access_rollup)
Applied 093_memory_write_jobs.sql (093_memory_write_jobs)
Applied 094_memory_decay_shadow.sql (094_memory_decay_shadow)
Applied 095_memory_bitemporal.sql (095_memory_bitemporal)
Applied 096_memory_block_budget.sql (096_memory_block_budget)
Applied 097_trigger_type_channel_event.sql (097_trigger_type_channel_event)
Applied 098_tenant_column_defaults.sql (098_tenant_column_defaults)
Applied 099_notification_types.sql (099_notification_types)
Applied 100_run_verification.sql (100_run_verification)
Applied 102_agent_reviews_nullable_rating.sql (102_agent_reviews_nullable_rating)
Applied 103_benchmark_pass_rate_truth.sql (103_benchmark_pass_rate_truth)
Applied 104_benchmark_sandbox_tenant.sql (104_benchmark_sandbox_tenant)
Applied 105_agent_messages.sql (105_agent_messages)
Applied 106_workflow_approvals.sql (106_workflow_approvals)
Applied 107_seed_service_role.sql (107_seed_service_role)
Applied 108_run_resume_attempts.sql (108_run_resume_attempts)
Applied 109_facts_entities_lower_gin.sql (109_facts_entities_lower_gin)
Applied 110_tool_event_error_message.sql (110_tool_event_error_message)
Applied 111_drop_shadowing_ann_index.sql (111_drop_shadowing_ann_index)
Applied 112_federation_principals.sql (112_federation_principals)
Applied 113_add_do_not_contact.sql (113_add_do_not_contact)
Applied 114_local_login.sql (114_local_login)
Applied 115_backfill_sandbox_denied_error_type.sql (115_backfill_sandbox_denied_error_type)
Applied 116_benchmark_digest_notification_type.sql (116_benchmark_digest_notification_type)
Applied 117_agent_questions.sql (117_agent_questions)
Applied 118_user_channel_identities.sql (118_user_channel_identities)
Applied 119_workflow_step_timeout.sql (119_workflow_step_timeout)
Applied 120_tenant_rls_cover_new_tables.sql (120_tenant_rls_cover_new_tables)
Applied 121_channel_conversation_refs.sql (121_channel_conversation_refs)
Applied 122_trigger_type_channel.sql (122_trigger_type_channel)
Applied 123_agent_run_task_text.sql (123_agent_run_task_text)
Applied 124_guardrail_context_overflow.sql (124_guardrail_context_overflow)
Applied 125_agent_run_step_batch.sql (125_agent_run_step_batch)
Applied 126_calendar_operations.sql (126_calendar_operations)
Applied 126_durable_operations.sql (126_durable_operations)
Applied 126_goal_pursuit.sql (126_goal_pursuit)
Applied 127_autonomous_execution.sql (127_autonomous_execution)
Applied 127_sales_intelligence.sql (127_sales_intelligence)
Applied 128_autonomy_resource_descriptors.sql (128_autonomy_resource_descriptors)
Applied 128_sales_business_observations.sql (128_sales_business_observations)
Applied 129_autonomy_workflows.sql (129_autonomy_workflows)
Applied 129_sales_binding_repair.sql (129_sales_binding_repair)
Applied 130_autonomy_request_context.sql (130_autonomy_request_context)
Applied 130_sales_deployments.sql (130_sales_deployments)
Applied 131_autonomy_enrollments.sql (131_autonomy_enrollments)
Applied 131_sales_calibration.sql (131_sales_calibration)
Applied 132_autonomy_enrollment_rls.sql (132_autonomy_enrollment_rls)
Applied 132_sales_research_delegation.sql (132_sales_research_delegation)
Applied 133_autonomy_terms_audit.sql (133_autonomy_terms_audit)
Applied 133_operation_fragments.sql (133_operation_fragments)
Applied 134_autonomy_material_documents.sql (134_autonomy_material_documents)
Applied 134_web_render_permission.sql (134_web_render_permission)
Applied 135_sales_requests.sql (135_sales_requests)
Applied 136_sales_pipedrive_scope.sql (136_sales_pipedrive_scope)
Applied 137_sales_analyst_permissions.sql (137_sales_analyst_permissions)
Applied 127_runtime_contract.sql (127_runtime_contract)
Applied 138_goal_provider_reservations.sql (138_goal_provider_reservations)
Applied 139_goal_task_family_controls.sql (139_goal_task_family_controls)
Applied 140_chat_approval_receipts.sql (140_chat_approval_receipts)
Applied 141_runtime_effects.sql (141_runtime_effects)
Applied 142_goal_effect_lookup.sql (142_goal_effect_lookup)
Nothing to apply.
POPULATED_UPGRADE {"added_migrations": ["127_runtime_contract", "138_goal_provider_reservations", "139_goal_task_family_controls", "140_chat_approval_receipts", "141_runtime_effects", "142_goal_effect_lookup"], "preserved_tables": ["chat_sessions", "crm_tasks", "goal_pursuit_settings", "pursuit_goals", "pursuit_goal_tasks", "pursuit_goal_history", "pursuit_goal_attempts", "agent_runs", "agent_run_steps", "agent_run_checkpoints", "calendar_operations"], "repeat_apply_noop": true, "blocked_ancestor_denies_linked_task": true, "ordinary_task_runnable": true, "legacy_runtime_identity_added": true, "existing_approval_receipt_preserved": true}
BASELINE_DISPATCH_OUTPUT {"stdout": "DISPATCH_SAMPLE {\"index\": 0, \"warmup\": true, \"duration_ms\": 176.41961199842626, \"verified\": true}\nDISPATCH_SAMPLE {\"index\": 1, \"warmup\": false, \"duration_ms\": 1.444784997147508, \"verified\": true}\nDISPATCH_SAMPLE {\"index\": 2, \"warmup\": false, \"duration_ms\": 2.7343999972799793, \"verified\": true}\nDISPATCH_SAMPLE {\"index\": 3, \"warmup\": false, \"duration_ms\": 1.520240999525413, \"verified\": true}\nDISPATCH_SAMPLE {\"index\": 4, \"warmup\": false, \"duration_ms\": 1.1835980039904825, \"verified\": true}\nDISPATCH_SAMPLE {\"index\": 5, \"warmup\": false, \"duration_ms\": 1.2259190043550916, \"verified\": true}\nDISPATCH_SAMPLE {\"index\": 6, \"warmup\": false, \"duration_ms\": 2.192665997426957, \"verified\": true}\nDISPATCH_SAMPLE {\"index\": 7, \"warmup\": false, \"duration_ms\": 3.1861330062383786, \"verified\": true}\nDISPATCH_SAMPLE {\"index\": 8, \"warmup\": false, \"duration_ms\": 2.9469460059772246, \"verified\": true}\nDISPATCH_SAMPLE {\"index\": 9, \"warmup\": false, \"duration_ms\": 3.787707995797973, \"verified\": true}\nDISPATCH_SAMPLE {\"index\": 10, \"warmup\": false, \"duration_ms\": 2.1457849943544716, \"verified\": true}\nDISPATCH_SAMPLE {\"index\": 11, \"warmup\": false, \"duration_ms\": 1.71755700284848, \"verified\": true}\nDISPATCH_SAMPLE {\"index\": 12, \"warmup\": false, \"duration_ms\": 1.5621139973518439, \"verified\": true}\nDISPATCH_SAMPLE {\"index\": 13, \"warmup\": false, \"duration_ms\": 2.3032909957692027, \"verified\": true}\nDISPATCH_SAMPLE {\"index\": 14, \"warmup\": false, \"duration_ms\": 1.701443994534202, \"verified\": true}\nDISPATCH_SAMPLE {\"index\": 15, \"warmup\": false, \"duration_ms\": 3.002803001436405, \"verified\": true}\nDISPATCH_SAMPLE {\"index\": 16, \"warmup\": false, \"duration_ms\": 1.9095909956377, \"verified\": true}\nDISPATCH_SAMPLE {\"index\": 17, \"warmup\": false, \"duration_ms\": 1.767780995578505, \"verified\": true}\nDISPATCH_SAMPLE {\"index\": 18, \"warmup\": false, \"duration_ms\": 1.2578710011439398, \"verified\": true}\nDISPATCH_SAMPLE {\"index\": 19, \"warmup\": false, \"duration_ms\": 0.9013070011860691, \"verified\": true}\nDISPATCH_SAMPLE {\"index\": 20, \"warmup\": false, \"duration_ms\": 0.8983139996416867, \"verified\": true}\nDISPATCH_SAMPLE {\"index\": 21, \"warmup\": false, \"duration_ms\": 0.9647949991631322, \"verified\": true}\nDISPATCH_SAMPLE {\"index\": 22, \"warmup\": false, \"duration_ms\": 0.9520430030534044, \"verified\": true}\nDISPATCH_SAMPLE {\"index\": 23, \"warmup\": false, \"duration_ms\": 0.9051619999809191, \"verified\": true}\nDISPATCH_SAMPLE {\"index\": 24, \"warmup\": false, \"duration_ms\": 0.8009209996089339, \"verified\": true}\nDISPATCH_SAMPLE {\"index\": 25, \"warmup\": false, \"duration_ms\": 0.7870010012993589, \"verified\": true}\nDISPATCH_SAMPLE {\"index\": 26, \"warmup\": false, \"duration_ms\": 1.3602719991467893, \"verified\": true}\nDISPATCH_SAMPLE {\"index\": 27, \"warmup\": false, \"duration_ms\": 0.6676240009255707, \"verified\": true}\nDISPATCH_SAMPLE {\"index\": 28, \"warmup\": false, \"duration_ms\": 0.6058630024199374, \"verified\": true}\nDISPATCH_SAMPLE {\"index\": 29, \"warmup\": false, \"duration_ms\": 0.4927580012008548, \"verified\": true}\nDISPATCH_SAMPLE {\"index\": 30, \"warmup\": false, \"duration_ms\": 0.47050200373632833, \"verified\": true}\n", "stderr": ""}
CURRENT_DISPATCH_OUTPUT {"stdout": "DISPATCH_SAMPLE {\"index\": 0, \"warmup\": true, \"duration_ms\": 99.23656700266292, \"verified\": true}\nDISPATCH_SAMPLE {\"index\": 1, \"warmup\": false, \"duration_ms\": 22.023776997230016, \"verified\": true}\nDISPATCH_SAMPLE {\"index\": 2, \"warmup\": false, \"duration_ms\": 19.314528995892033, \"verified\": true}\nDISPATCH_SAMPLE {\"index\": 3, \"warmup\": false, \"duration_ms\": 18.4717840020312, \"verified\": true}\nDISPATCH_SAMPLE {\"index\": 4, \"warmup\": false, \"duration_ms\": 18.552617002569605, \"verified\": true}\nDISPATCH_SAMPLE {\"index\": 5, \"warmup\": false, \"duration_ms\": 17.5818219940993, \"verified\": true}\nDISPATCH_SAMPLE {\"index\": 6, \"warmup\": false, \"duration_ms\": 20.529264002107084, \"verified\": true}\nDISPATCH_SAMPLE {\"index\": 7, \"warmup\": false, \"duration_ms\": 21.190071005548816, \"verified\": true}\nDISPATCH_SAMPLE {\"index\": 8, \"warmup\": false, \"duration_ms\": 20.68411399523029, \"verified\": true}\nDISPATCH_SAMPLE {\"index\": 9, \"warmup\": false, \"duration_ms\": 12.925495000672527, \"verified\": true}\nDISPATCH_SAMPLE {\"index\": 10, \"warmup\": false, \"duration_ms\": 18.579465002403595, \"verified\": true}\nDISPATCH_SAMPLE {\"index\": 11, \"warmup\": false, \"duration_ms\": 11.631815999862738, \"verified\": true}\nDISPATCH_SAMPLE {\"index\": 12, \"warmup\": false, \"duration_ms\": 17.11277600406902, \"verified\": true}\nDISPATCH_SAMPLE {\"index\": 13, \"warmup\": false, \"duration_ms\": 19.86959199712146, \"verified\": true}\nDISPATCH_SAMPLE {\"index\": 14, \"warmup\": false, \"duration_ms\": 16.764883999712765, \"verified\": true}\nDISPATCH_SAMPLE {\"index\": 15, \"warmup\": false, \"duration_ms\": 15.60600600350881, \"verified\": true}\nDISPATCH_SAMPLE {\"index\": 16, \"warmup\": false, \"duration_ms\": 9.93387600465212, \"verified\": true}\nDISPATCH_SAMPLE {\"index\": 17, \"warmup\": false, \"duration_ms\": 13.413660999503918, \"verified\": true}\nDISPATCH_SAMPLE {\"index\": 18, \"warmup\": false, \"duration_ms\": 17.03509499930078, \"verified\": true}\nDISPATCH_SAMPLE {\"index\": 19, \"warmup\": false, \"duration_ms\": 20.749298004375305, \"verified\": true}\nDISPATCH_SAMPLE {\"index\": 20, \"warmup\": false, \"duration_ms\": 17.260890002944507, \"verified\": true}\nDISPATCH_SAMPLE {\"index\": 21, \"warmup\": false, \"duration_ms\": 13.820496998960152, \"verified\": true}\nDISPATCH_SAMPLE {\"index\": 22, \"warmup\": false, \"duration_ms\": 5.137756001204252, \"verified\": true}\nDISPATCH_SAMPLE {\"index\": 23, \"warmup\": false, \"duration_ms\": 4.538996996416245, \"verified\": true}\nDISPATCH_SAMPLE {\"index\": 24, \"warmup\": false, \"duration_ms\": 11.869017995195463, \"verified\": true}\nDISPATCH_SAMPLE {\"index\": 25, \"warmup\": false, \"duration_ms\": 12.520178002887405, \"verified\": true}\nDISPATCH_SAMPLE {\"index\": 26, \"warmup\": false, \"duration_ms\": 20.16484399791807, \"verified\": true}\nDISPATCH_SAMPLE {\"index\": 27, \"warmup\": false, \"duration_ms\": 16.86214900109917, \"verified\": true}\nDISPATCH_SAMPLE {\"index\": 28, \"warmup\": false, \"duration_ms\": 11.6883759983466, \"verified\": true}\nDISPATCH_SAMPLE {\"index\": 29, \"warmup\": false, \"duration_ms\": 8.53691600059392, \"verified\": true}\nDISPATCH_SAMPLE {\"index\": 30, \"warmup\": false, \"duration_ms\": 4.875865000940394, \"verified\": true}\n", "stderr": ""}
CRM_DISPATCH_SCREENING {"baseline_revision": "eea3252b1577e3f51e6d6a6216d6f242fd7ac4a1", "current_revision": "882bfaa242288406e7899d5822b3c77c3656e39b", "measurements": {"baseline": {"samples": [{"index": 0, "warmup": true, "duration_ms": 176.41961199842626, "verified": true}, {"index": 1, "warmup": false, "duration_ms": 1.444784997147508, "verified": true}, {"index": 2, "warmup": false, "duration_ms": 2.7343999972799793, "verified": true}, {"index": 3, "warmup": false, "duration_ms": 1.520240999525413, "verified": true}, {"index": 4, "warmup": false, "duration_ms": 1.1835980039904825, "verified": true}, {"index": 5, "warmup": false, "duration_ms": 1.2259190043550916, "verified": true}, {"index": 6, "warmup": false, "duration_ms": 2.192665997426957, "verified": true}, {"index": 7, "warmup": false, "duration_ms": 3.1861330062383786, "verified": true}, {"index": 8, "warmup": false, "duration_ms": 2.9469460059772246, "verified": true}, {"index": 9, "warmup": false, "duration_ms": 3.787707995797973, "verified": true}, {"index": 10, "warmup": false, "duration_ms": 2.1457849943544716, "verified": true}, {"index": 11, "warmup": false, "duration_ms": 1.71755700284848, "verified": true}, {"index": 12, "warmup": false, "duration_ms": 1.5621139973518439, "verified": true}, {"index": 13, "warmup": false, "duration_ms": 2.3032909957692027, "verified": true}, {"index": 14, "warmup": false, "duration_ms": 1.701443994534202, "verified": true}, {"index": 15, "warmup": false, "duration_ms": 3.002803001436405, "verified": true}, {"index": 16, "warmup": false, "duration_ms": 1.9095909956377, "verified": true}, {"index": 17, "warmup": false, "duration_ms": 1.767780995578505, "verified": true}, {"index": 18, "warmup": false, "duration_ms": 1.2578710011439398, "verified": true}, {"index": 19, "warmup": false, "duration_ms": 0.9013070011860691, "verified": true}, {"index": 20, "warmup": false, "duration_ms": 0.8983139996416867, "verified": true}, {"index": 21, "warmup": false, "duration_ms": 0.9647949991631322, "verified": true}, {"index": 22, "warmup": false, "duration_ms": 0.9520430030534044, "verified": true}, {"index": 23, "warmup": false, "duration_ms": 0.9051619999809191, "verified": true}, {"index": 24, "warmup": false, "duration_ms": 0.8009209996089339, "verified": true}, {"index": 25, "warmup": false, "duration_ms": 0.7870010012993589, "verified": true}, {"index": 26, "warmup": false, "duration_ms": 1.3602719991467893, "verified": true}, {"index": 27, "warmup": false, "duration_ms": 0.6676240009255707, "verified": true}, {"index": 28, "warmup": false, "duration_ms": 0.6058630024199374, "verified": true}, {"index": 29, "warmup": false, "duration_ms": 0.4927580012008548, "verified": true}, {"index": 30, "warmup": false, "duration_ms": 0.47050200373632833, "verified": true}], "p50_ms": 1.4025284981471486, "p95_ms": 3.1036345040774904, "p95_ci95_ms": [2.3032909957692027, 3.787707995797973]}, "current": {"samples": [{"index": 0, "warmup": true, "duration_ms": 99.23656700266292, "verified": true}, {"index": 1, "warmup": false, "duration_ms": 22.023776997230016, "verified": true}, {"index": 2, "warmup": false, "duration_ms": 19.314528995892033, "verified": true}, {"index": 3, "warmup": false, "duration_ms": 18.4717840020312, "verified": true}, {"index": 4, "warmup": false, "duration_ms": 18.552617002569605, "verified": true}, {"index": 5, "warmup": false, "duration_ms": 17.5818219940993, "verified": true}, {"index": 6, "warmup": false, "duration_ms": 20.529264002107084, "verified": true}, {"index": 7, "warmup": false, "duration_ms": 21.190071005548816, "verified": true}, {"index": 8, "warmup": false, "duration_ms": 20.68411399523029, "verified": true}, {"index": 9, "warmup": false, "duration_ms": 12.925495000672527, "verified": true}, {"index": 10, "warmup": false, "duration_ms": 18.579465002403595, "verified": true}, {"index": 11, "warmup": false, "duration_ms": 11.631815999862738, "verified": true}, {"index": 12, "warmup": false, "duration_ms": 17.11277600406902, "verified": true}, {"index": 13, "warmup": false, "duration_ms": 19.86959199712146, "verified": true}, {"index": 14, "warmup": false, "duration_ms": 16.764883999712765, "verified": true}, {"index": 15, "warmup": false, "duration_ms": 15.60600600350881, "verified": true}, {"index": 16, "warmup": false, "duration_ms": 9.93387600465212, "verified": true}, {"index": 17, "warmup": false, "duration_ms": 13.413660999503918, "verified": true}, {"index": 18, "warmup": false, "duration_ms": 17.03509499930078, "verified": true}, {"index": 19, "warmup": false, "duration_ms": 20.749298004375305, "verified": true}, {"index": 20, "warmup": false, "duration_ms": 17.260890002944507, "verified": true}, {"index": 21, "warmup": false, "duration_ms": 13.820496998960152, "verified": true}, {"index": 22, "warmup": false, "duration_ms": 5.137756001204252, "verified": true}, {"index": 23, "warmup": false, "duration_ms": 4.538996996416245, "verified": true}, {"index": 24, "warmup": false, "duration_ms": 11.869017995195463, "verified": true}, {"index": 25, "warmup": false, "duration_ms": 12.520178002887405, "verified": true}, {"index": 26, "warmup": false, "duration_ms": 20.16484399791807, "verified": true}, {"index": 27, "warmup": false, "duration_ms": 16.86214900109917, "verified": true}, {"index": 28, "warmup": false, "duration_ms": 11.6883759983466, "verified": true}, {"index": 29, "warmup": false, "duration_ms": 8.53691600059392, "verified": true}, {"index": 30, "warmup": false, "duration_ms": 4.875865000940394, "verified": true}], "p50_ms": 16.948622000199975, "p95_ms": 20.991723155020736, "p95_ci95_ms": [20.067800745528075, 22.023776997230016]}}, "scope": "30 warm native create_task dispatch samples per revision plus one retained warmup; sequential baseline/current blocks in one private canonical database. Model, audit publishing and event delivery excluded; permission fixture identical. Includes handler and database overhead, with runtime receipt readback in current. Not complete agent harness overhead, live-provider latency, framework qualification or a causal speed comparison."}
..........................s................s....                         [100%]
=============================== warnings summary ===============================
robothor/engine/tests/test_native_goal_recovery.py::test_native_goal_recovery_waits_safely_or_reconciles_explicitly[False-False]
  /home/philip/robothor-runtime-modernization/.venv/lib/python3.14/site-packages/pydantic/_internal/_generate_schema.py:1480: UserWarning: Item 'summary' on TypedDict class 'ChatCompletionReasoningItem' is using the `ReadOnly` qualifier. Pydantic will not protect items from any mutation on dictionary instances.
    warnings.warn(

-- Docs: https://docs.pytest.org/en/stable/how-to/capture-warnings.html
46 passed, 2 skipped, 1 warning in 18.95s
