Applied 001_init.sql (001_init)
Applied 001_crm_tables.sql (001_crm_tables)
Applied 004_telemetry_table.sql (004_telemetry_table)
Applied 005_task_coordination.sql (005_task_coordination)
Applied 006_task_state_machine.sql (006_task_state_machine)
Applied 007_routines.sql (007_routines)
Applied 008_multi_tenancy.sql (008_multi_tenancy)
Applied 009_agent_notifications.sql (009_agent_notifications)
Applied 010_health_tables.sql (010_health_tables)
Applied 011_agent_engine.sql (011_agent_engine)
Applied 012_webchat_trigger_type.sql (012_webchat_trigger_type)
Applied 013_workflow_engine.sql (013_workflow_engine)
Applied 014_engine_enhancements.sql (014_engine_enhancements)
Applied 015_chat_history.sql (015_chat_history)
Applied 015b_supervisor_to_main.sql (015b_supervisor_to_main)
Applied 016_sub_agents.sql (016_sub_agents)
Applied 017_timezone_new_york.sql (017_timezone_new_york)
Applied 018_migration_tracking.sql (018_migration_tracking)
Applied 019_unified_session.sql (019_unified_session)
Applied 020_plan_mode.sql (020_plan_mode)
Applied 021_deep_reason.sql (021_deep_reason)
Applied 022_tool_events.sql (022_tool_events)
Applied 023_memory_v4_schema.sql (023_memory_v4_schema)
Applied 024_requires_human.sql (024_requires_human)
Applied 025_federation.sql (025_federation)
Applied 026_consolidation_tracking.sql (026_consolidation_tracking)
Applied 027_auto_task.sql (027_auto_task)
Applied 027_kairos_buddy.sql (027_kairos_buddy)
Applied 028_agent_teams.sql (028_agent_teams)
Applied 028_per_agent_buddy.sql (028_per_agent_buddy)
Applied 029_cache_token_tracking.sql (029_cache_token_tracking)
Applied 029_managed_agents.sql (029_managed_agents)
Applied 030_buddy_effectiveness.sql (030_buddy_effectiveness)
Applied 030_checkpoint_schema_version.sql (030_checkpoint_schema_version)
Applied 031_add_escalation_type.sql (031_add_escalation_type)
Applied 031_agent_reviews.sql (031_agent_reviews)
Applied 032_run_status_skipped.sql (032_run_status_skipped)
Applied 032a_seed_legacy_primary_tenant.sql (032a_seed_legacy_primary_tenant)
Applied 033_memory_multi_tenancy.sql (033_memory_multi_tenancy)
Applied 034_buddy_goals_scoring.sql (034_buddy_goals_scoring)
Applied 034_outcome_assessment.sql (034_outcome_assessment)
Applied 035_drop_legacy_buddy_columns.sql (035_drop_legacy_buddy_columns)
Applied 035_retention_indexes.sql (035_retention_indexes)
Applied 036_buddy_reviewer_type.sql (036_buddy_reviewer_type)
Applied 036_devops_metrics.sql (036_devops_metrics)
Applied 037_access_control.sql (037_access_control)
Applied 037_scheduling_policy.sql (037_scheduling_policy)
Applied 038_audit_user_id.sql (038_audit_user_id)
Applied 038_reap_category.sql (038_reap_category)
Applied 039_operator_identity.sql (039_operator_identity)
Applied 040_memory_episodes.sql (040_memory_episodes)
Applied 041_memory_procedures.sql (041_memory_procedures)
Applied 042_chat_embeddings.sql (042_chat_embeddings)
Applied 043_fact_outcomes.sql (043_fact_outcomes)
Applied 044_agent_breadcrumbs.sql (044_agent_breadcrumbs)
Applied 045_channel_bus.sql (045_channel_bus)
Applied 046_person_linkage.sql (046_person_linkage)
Applied 046b_orphan_cleanup.sql (046b_orphan_cleanup)
Applied 047_messaging_kernel.sql (047_messaging_kernel)
Applied 048_voice_calendar.sql (048_voice_calendar)
Applied 049_timeline_activity.sql (049_timeline_activity)
Applied 050_task_planner_fields.sql (050_task_planner_fields)
Applied 051_task_followup.sql (051_task_followup)
Applied 052_multi_tenant_telegram_users.sql (052_multi_tenant_telegram_users)
Applied 062_step_type_warmup_phase.sql (062_step_type_warmup_phase)
Applied 063_benchmark_results.sql (063_benchmark_results)
Applied 065_session_goal_meta.sql (065_session_goal_meta)
Applied 066_session_goal_meta_v2.sql (066_session_goal_meta_v2)
Applied 067_task_history_kind_schema.sql (067_task_history_kind_schema)
Applied 068_curator_state.sql (068_curator_state)
Applied 069_memory_facts_drift.sql (069_memory_facts_drift)
Applied 070_user_cronjobs.sql (070_user_cronjobs)
Applied 071_memory_vault.sql (071_memory_vault)
Applied 071_user_accounts.sql (071_user_accounts)
Applied 072_memory_intents.sql (072_memory_intents)
Applied 073_memory_facts_active_hnsw.sql (073_memory_facts_active_hnsw)
Applied 074_memory_active_hnsw_partials.sql (074_memory_active_hnsw_partials)
Applied 075_operator_signals.sql (075_operator_signals)
Applied 076_judge_reviewer_type.sql (076_judge_reviewer_type)
Applied 077_message_reactions_unique.sql (077_message_reactions_unique)
Applied 078_memory_facts_content_hash_unique.sql (078_memory_facts_content_hash_unique)
Applied 079_guardrail_event_modes.sql (079_guardrail_event_modes)
Applied 080_judge_reviewer_type.sql (080_judge_reviewer_type)
Applied 081_tenant_rls_backstop.sql (081_tenant_rls_backstop)
Applied 082_tenant_rls_app_role.sql (082_tenant_rls_app_role)
Applied 083_rls_global_role_defaults.sql (083_rls_global_role_defaults)
Applied 084_feature_flags.sql (084_feature_flags)
Applied 085_sso_binding_grants.sql (085_sso_binding_grants)
Applied 086_user_permissions.sql (086_user_permissions)
Applied 087_role_permission_guardrails.sql (087_role_permission_guardrails)
Applied 088_member_role_read_only.sql (088_member_role_read_only)
Applied 089_face_identities.sql (089_face_identities)
Applied 092_memory_access_rollup.sql (092_memory_access_rollup)
Applied 093_memory_write_jobs.sql (093_memory_write_jobs)
Applied 094_memory_decay_shadow.sql (094_memory_decay_shadow)
Applied 095_memory_bitemporal.sql (095_memory_bitemporal)
Applied 096_memory_block_budget.sql (096_memory_block_budget)
Applied 097_trigger_type_channel_event.sql (097_trigger_type_channel_event)
Applied 098_tenant_column_defaults.sql (098_tenant_column_defaults)
Applied 099_notification_types.sql (099_notification_types)
Applied 100_run_verification.sql (100_run_verification)
Applied 102_agent_reviews_nullable_rating.sql (102_agent_reviews_nullable_rating)
Applied 103_benchmark_pass_rate_truth.sql (103_benchmark_pass_rate_truth)
Applied 104_benchmark_sandbox_tenant.sql (104_benchmark_sandbox_tenant)
Applied 105_agent_messages.sql (105_agent_messages)
Applied 106_workflow_approvals.sql (106_workflow_approvals)
Applied 107_seed_service_role.sql (107_seed_service_role)
Applied 108_run_resume_attempts.sql (108_run_resume_attempts)
Applied 109_facts_entities_lower_gin.sql (109_facts_entities_lower_gin)
Applied 110_tool_event_error_message.sql (110_tool_event_error_message)
Applied 111_drop_shadowing_ann_index.sql (111_drop_shadowing_ann_index)
Applied 112_federation_principals.sql (112_federation_principals)
Applied 113_add_do_not_contact.sql (113_add_do_not_contact)
Applied 114_local_login.sql (114_local_login)
Applied 115_backfill_sandbox_denied_error_type.sql (115_backfill_sandbox_denied_error_type)
Applied 116_benchmark_digest_notification_type.sql (116_benchmark_digest_notification_type)
Applied 117_agent_questions.sql (117_agent_questions)
Applied 118_user_channel_identities.sql (118_user_channel_identities)
Applied 119_workflow_step_timeout.sql (119_workflow_step_timeout)
Applied 120_tenant_rls_cover_new_tables.sql (120_tenant_rls_cover_new_tables)
Applied 121_channel_conversation_refs.sql (121_channel_conversation_refs)
Applied 122_trigger_type_channel.sql (122_trigger_type_channel)
Applied 123_agent_run_task_text.sql (123_agent_run_task_text)
Applied 124_guardrail_context_overflow.sql (124_guardrail_context_overflow)
Applied 125_agent_run_step_batch.sql (125_agent_run_step_batch)
Applied 126_calendar_operations.sql (126_calendar_operations)
Applied 126_durable_operations.sql (126_durable_operations)
Applied 126_goal_pursuit.sql (126_goal_pursuit)
Applied 127_autonomous_execution.sql (127_autonomous_execution)
Applied 127_runtime_contract.sql (127_runtime_contract)
Applied 127_sales_intelligence.sql (127_sales_intelligence)
Applied 128_autonomy_resource_descriptors.sql (128_autonomy_resource_descriptors)
Applied 128_sales_business_observations.sql (128_sales_business_observations)
Applied 129_autonomy_workflows.sql (129_autonomy_workflows)
Applied 129_sales_binding_repair.sql (129_sales_binding_repair)
Applied 130_autonomy_request_context.sql (130_autonomy_request_context)
Applied 130_sales_deployments.sql (130_sales_deployments)
Applied 131_autonomy_enrollments.sql (131_autonomy_enrollments)
Applied 131_sales_calibration.sql (131_sales_calibration)
Applied 132_autonomy_enrollment_rls.sql (132_autonomy_enrollment_rls)
Applied 132_sales_research_delegation.sql (132_sales_research_delegation)
Applied 133_autonomy_terms_audit.sql (133_autonomy_terms_audit)
Applied 133_operation_fragments.sql (133_operation_fragments)
Applied 134_autonomy_material_documents.sql (134_autonomy_material_documents)
Applied 134_web_render_permission.sql (134_web_render_permission)
Applied 135_sales_requests.sql (135_sales_requests)
Applied 136_sales_pipedrive_scope.sql (136_sales_pipedrive_scope)
Applied 137_sales_analyst_permissions.sql (137_sales_analyst_permissions)
Applied 138_goal_provider_reservations.sql (138_goal_provider_reservations)
Applied 139_goal_task_family_controls.sql (139_goal_task_family_controls)
Applied 140_chat_approval_receipts.sql (140_chat_approval_receipts)
Applied 141_runtime_effects.sql (141_runtime_effects)
Applied 142_goal_effect_lookup.sql (142_goal_effect_lookup)
Nothing to apply.
Applied 001_init.sql (001_init)
Applied 001_crm_tables.sql (001_crm_tables)
Applied 004_telemetry_table.sql (004_telemetry_table)
Applied 005_task_coordination.sql (005_task_coordination)
Applied 006_task_state_machine.sql (006_task_state_machine)
Applied 007_routines.sql (007_routines)
Applied 008_multi_tenancy.sql (008_multi_tenancy)
Applied 009_agent_notifications.sql (009_agent_notifications)
Applied 010_health_tables.sql (010_health_tables)
Applied 011_agent_engine.sql (011_agent_engine)
Applied 012_webchat_trigger_type.sql (012_webchat_trigger_type)
Applied 013_workflow_engine.sql (013_workflow_engine)
Applied 014_engine_enhancements.sql (014_engine_enhancements)
Applied 015_chat_history.sql (015_chat_history)
Applied 015b_supervisor_to_main.sql (015b_supervisor_to_main)
Applied 016_sub_agents.sql (016_sub_agents)
Applied 017_timezone_new_york.sql (017_timezone_new_york)
Applied 018_migration_tracking.sql (018_migration_tracking)
Applied 019_unified_session.sql (019_unified_session)
Applied 020_plan_mode.sql (020_plan_mode)
Applied 021_deep_reason.sql (021_deep_reason)
Applied 022_tool_events.sql (022_tool_events)
Applied 023_memory_v4_schema.sql (023_memory_v4_schema)
Applied 024_requires_human.sql (024_requires_human)
Applied 025_federation.sql (025_federation)
Applied 026_consolidation_tracking.sql (026_consolidation_tracking)
Applied 027_auto_task.sql (027_auto_task)
Applied 027_kairos_buddy.sql (027_kairos_buddy)
Applied 028_agent_teams.sql (028_agent_teams)
Applied 028_per_agent_buddy.sql (028_per_agent_buddy)
Applied 029_cache_token_tracking.sql (029_cache_token_tracking)
Applied 029_managed_agents.sql (029_managed_agents)
Applied 030_buddy_effectiveness.sql (030_buddy_effectiveness)
Applied 030_checkpoint_schema_version.sql (030_checkpoint_schema_version)
Applied 031_add_escalation_type.sql (031_add_escalation_type)
Applied 031_agent_reviews.sql (031_agent_reviews)
Applied 032_run_status_skipped.sql (032_run_status_skipped)
Applied 032a_seed_legacy_primary_tenant.sql (032a_seed_legacy_primary_tenant)
Applied 033_memory_multi_tenancy.sql (033_memory_multi_tenancy)
Applied 034_buddy_goals_scoring.sql (034_buddy_goals_scoring)
Applied 034_outcome_assessment.sql (034_outcome_assessment)
Applied 035_drop_legacy_buddy_columns.sql (035_drop_legacy_buddy_columns)
Applied 035_retention_indexes.sql (035_retention_indexes)
Applied 036_buddy_reviewer_type.sql (036_buddy_reviewer_type)
Applied 036_devops_metrics.sql (036_devops_metrics)
Applied 037_access_control.sql (037_access_control)
Applied 037_scheduling_policy.sql (037_scheduling_policy)
Applied 038_audit_user_id.sql (038_audit_user_id)
Applied 038_reap_category.sql (038_reap_category)
Applied 039_operator_identity.sql (039_operator_identity)
Applied 040_memory_episodes.sql (040_memory_episodes)
Applied 041_memory_procedures.sql (041_memory_procedures)
Applied 042_chat_embeddings.sql (042_chat_embeddings)
Applied 043_fact_outcomes.sql (043_fact_outcomes)
Applied 044_agent_breadcrumbs.sql (044_agent_breadcrumbs)
Applied 045_channel_bus.sql (045_channel_bus)
Applied 046_person_linkage.sql (046_person_linkage)
Applied 046b_orphan_cleanup.sql (046b_orphan_cleanup)
Applied 047_messaging_kernel.sql (047_messaging_kernel)
Applied 048_voice_calendar.sql (048_voice_calendar)
Applied 049_timeline_activity.sql (049_timeline_activity)
Applied 050_task_planner_fields.sql (050_task_planner_fields)
Applied 051_task_followup.sql (051_task_followup)
Applied 052_multi_tenant_telegram_users.sql (052_multi_tenant_telegram_users)
Applied 062_step_type_warmup_phase.sql (062_step_type_warmup_phase)
Applied 063_benchmark_results.sql (063_benchmark_results)
Applied 065_session_goal_meta.sql (065_session_goal_meta)
Applied 066_session_goal_meta_v2.sql (066_session_goal_meta_v2)
Applied 067_task_history_kind_schema.sql (067_task_history_kind_schema)
Applied 068_curator_state.sql (068_curator_state)
Applied 069_memory_facts_drift.sql (069_memory_facts_drift)
Applied 070_user_cronjobs.sql (070_user_cronjobs)
Applied 071_memory_vault.sql (071_memory_vault)
Applied 071_user_accounts.sql (071_user_accounts)
Applied 072_memory_intents.sql (072_memory_intents)
Applied 073_memory_facts_active_hnsw.sql (073_memory_facts_active_hnsw)
Applied 074_memory_active_hnsw_partials.sql (074_memory_active_hnsw_partials)
Applied 075_operator_signals.sql (075_operator_signals)
Applied 076_judge_reviewer_type.sql (076_judge_reviewer_type)
Applied 077_message_reactions_unique.sql (077_message_reactions_unique)
Applied 078_memory_facts_content_hash_unique.sql (078_memory_facts_content_hash_unique)
Applied 079_guardrail_event_modes.sql (079_guardrail_event_modes)
Applied 080_judge_reviewer_type.sql (080_judge_reviewer_type)
Applied 081_tenant_rls_backstop.sql (081_tenant_rls_backstop)
Applied 082_tenant_rls_app_role.sql (082_tenant_rls_app_role)
Applied 083_rls_global_role_defaults.sql (083_rls_global_role_defaults)
Applied 084_feature_flags.sql (084_feature_flags)
Applied 085_sso_binding_grants.sql (085_sso_binding_grants)
Applied 086_user_permissions.sql (086_user_permissions)
Applied 087_role_permission_guardrails.sql (087_role_permission_guardrails)
Applied 088_member_role_read_only.sql (088_member_role_read_only)
Applied 089_face_identities.sql (089_face_identities)
Applied 092_memory_access_rollup.sql (092_memory_access_rollup)
Applied 093_memory_write_jobs.sql (093_memory_write_jobs)
Applied 094_memory_decay_shadow.sql (094_memory_decay_shadow)
Applied 095_memory_bitemporal.sql (095_memory_bitemporal)
Applied 096_memory_block_budget.sql (096_memory_block_budget)
Applied 097_trigger_type_channel_event.sql (097_trigger_type_channel_event)
Applied 098_tenant_column_defaults.sql (098_tenant_column_defaults)
Applied 099_notification_types.sql (099_notification_types)
Applied 100_run_verification.sql (100_run_verification)
Applied 102_agent_reviews_nullable_rating.sql (102_agent_reviews_nullable_rating)
Applied 103_benchmark_pass_rate_truth.sql (103_benchmark_pass_rate_truth)
Applied 104_benchmark_sandbox_tenant.sql (104_benchmark_sandbox_tenant)
Applied 105_agent_messages.sql (105_agent_messages)
Applied 106_workflow_approvals.sql (106_workflow_approvals)
Applied 107_seed_service_role.sql (107_seed_service_role)
Applied 108_run_resume_attempts.sql (108_run_resume_attempts)
Applied 109_facts_entities_lower_gin.sql (109_facts_entities_lower_gin)
Applied 110_tool_event_error_message.sql (110_tool_event_error_message)
Applied 111_drop_shadowing_ann_index.sql (111_drop_shadowing_ann_index)
Applied 112_federation_principals.sql (112_federation_principals)
Applied 113_add_do_not_contact.sql (113_add_do_not_contact)
Applied 114_local_login.sql (114_local_login)
Applied 115_backfill_sandbox_denied_error_type.sql (115_backfill_sandbox_denied_error_type)
Applied 116_benchmark_digest_notification_type.sql (116_benchmark_digest_notification_type)
Applied 117_agent_questions.sql (117_agent_questions)
Applied 118_user_channel_identities.sql (118_user_channel_identities)
Applied 119_workflow_step_timeout.sql (119_workflow_step_timeout)
Applied 120_tenant_rls_cover_new_tables.sql (120_tenant_rls_cover_new_tables)
Applied 121_channel_conversation_refs.sql (121_channel_conversation_refs)
Applied 122_trigger_type_channel.sql (122_trigger_type_channel)
Applied 123_agent_run_task_text.sql (123_agent_run_task_text)
Applied 124_guardrail_context_overflow.sql (124_guardrail_context_overflow)
Applied 125_agent_run_step_batch.sql (125_agent_run_step_batch)
Applied 126_calendar_operations.sql (126_calendar_operations)
Applied 126_durable_operations.sql (126_durable_operations)
Applied 126_goal_pursuit.sql (126_goal_pursuit)
Applied 127_autonomous_execution.sql (127_autonomous_execution)
Applied 127_sales_intelligence.sql (127_sales_intelligence)
Applied 128_autonomy_resource_descriptors.sql (128_autonomy_resource_descriptors)
Applied 128_sales_business_observations.sql (128_sales_business_observations)
Applied 129_autonomy_workflows.sql (129_autonomy_workflows)
Applied 129_sales_binding_repair.sql (129_sales_binding_repair)
Applied 130_autonomy_request_context.sql (130_autonomy_request_context)
Applied 130_sales_deployments.sql (130_sales_deployments)
Applied 131_autonomy_enrollments.sql (131_autonomy_enrollments)
Applied 131_sales_calibration.sql (131_sales_calibration)
Applied 132_autonomy_enrollment_rls.sql (132_autonomy_enrollment_rls)
Applied 132_sales_research_delegation.sql (132_sales_research_delegation)
Applied 133_autonomy_terms_audit.sql (133_autonomy_terms_audit)
Applied 133_operation_fragments.sql (133_operation_fragments)
Applied 134_autonomy_material_documents.sql (134_autonomy_material_documents)
Applied 134_web_render_permission.sql (134_web_render_permission)
Applied 135_sales_requests.sql (135_sales_requests)
Applied 136_sales_pipedrive_scope.sql (136_sales_pipedrive_scope)
Applied 137_sales_analyst_permissions.sql (137_sales_analyst_permissions)
Applied 127_runtime_contract.sql (127_runtime_contract)
Applied 138_goal_provider_reservations.sql (138_goal_provider_reservations)
Applied 139_goal_task_family_controls.sql (139_goal_task_family_controls)
Applied 140_chat_approval_receipts.sql (140_chat_approval_receipts)
Applied 141_runtime_effects.sql (141_runtime_effects)
Applied 142_goal_effect_lookup.sql (142_goal_effect_lookup)
Nothing to apply.
POPULATED_UPGRADE {"added_migrations": ["127_runtime_contract", "138_goal_provider_reservations", "139_goal_task_family_controls", "140_chat_approval_receipts", "141_runtime_effects", "142_goal_effect_lookup"], "preserved_tables": ["chat_sessions", "crm_tasks", "goal_pursuit_settings", "pursuit_goals", "pursuit_goal_tasks", "pursuit_goal_history", "pursuit_goal_attempts", "agent_runs", "agent_run_steps", "agent_run_checkpoints", "calendar_operations"], "repeat_apply_noop": true, "blocked_ancestor_denies_linked_task": true, "ordinary_task_runnable": true, "legacy_runtime_identity_added": true, "existing_approval_receipt_preserved": true}
BASELINE_DISPATCH_OUTPUT {"stdout": "DISPATCH_SAMPLE {\"index\": 0, \"warmup\": true, \"duration_ms\": 86.55665100377519, \"verified\": true, \"inclusive_stages\": []}\nDISPATCH_SAMPLE {\"index\": 1, \"warmup\": false, \"duration_ms\": 2.7386880028643645, \"verified\": true, \"inclusive_stages\": []}\nDISPATCH_SAMPLE {\"index\": 2, \"warmup\": false, \"duration_ms\": 2.820225003233645, \"verified\": true, \"inclusive_stages\": []}\nDISPATCH_SAMPLE {\"index\": 3, \"warmup\": false, \"duration_ms\": 2.211577993875835, \"verified\": true, \"inclusive_stages\": []}\nDISPATCH_SAMPLE {\"index\": 4, \"warmup\": false, \"duration_ms\": 1.4524810030707158, \"verified\": true, \"inclusive_stages\": []}\nDISPATCH_SAMPLE {\"index\": 5, \"warmup\": false, \"duration_ms\": 1.0462680002092384, \"verified\": true, \"inclusive_stages\": []}\nDISPATCH_SAMPLE {\"index\": 6, \"warmup\": false, \"duration_ms\": 1.086588999896776, \"verified\": true, \"inclusive_stages\": []}\nDISPATCH_SAMPLE {\"index\": 7, \"warmup\": false, \"duration_ms\": 0.8795940011623316, \"verified\": true, \"inclusive_stages\": []}\nDISPATCH_SAMPLE {\"index\": 8, \"warmup\": false, \"duration_ms\": 1.0980759980157018, \"verified\": true, \"inclusive_stages\": []}\nDISPATCH_SAMPLE {\"index\": 9, \"warmup\": false, \"duration_ms\": 0.88949799828697, \"verified\": true, \"inclusive_stages\": []}\nDISPATCH_SAMPLE {\"index\": 10, \"warmup\": false, \"duration_ms\": 0.8811950028757565, \"verified\": true, \"inclusive_stages\": []}\nDISPATCH_SAMPLE {\"index\": 11, \"warmup\": false, \"duration_ms\": 0.818504995550029, \"verified\": true, \"inclusive_stages\": []}\nDISPATCH_SAMPLE {\"index\": 12, \"warmup\": false, \"duration_ms\": 0.795081999967806, \"verified\": true, \"inclusive_stages\": []}\nDISPATCH_SAMPLE {\"index\": 13, \"warmup\": false, \"duration_ms\": 0.8315140003105626, \"verified\": true, \"inclusive_stages\": []}\nDISPATCH_SAMPLE {\"index\": 14, \"warmup\": false, \"duration_ms\": 0.9745709976414219, \"verified\": true, \"inclusive_stages\": []}\nDISPATCH_SAMPLE {\"index\": 15, \"warmup\": false, \"duration_ms\": 1.208109999424778, \"verified\": true, \"inclusive_stages\": []}\nDISPATCH_SAMPLE {\"index\": 16, \"warmup\": false, \"duration_ms\": 0.9028909989865497, \"verified\": true, \"inclusive_stages\": []}\nDISPATCH_SAMPLE {\"index\": 17, \"warmup\": false, \"duration_ms\": 1.048203994287178, \"verified\": true, \"inclusive_stages\": []}\nDISPATCH_SAMPLE {\"index\": 18, \"warmup\": false, \"duration_ms\": 1.717092003673315, \"verified\": true, \"inclusive_stages\": []}\nDISPATCH_SAMPLE {\"index\": 19, \"warmup\": false, \"duration_ms\": 1.0583480034256354, \"verified\": true, \"inclusive_stages\": []}\nDISPATCH_SAMPLE {\"index\": 20, \"warmup\": false, \"duration_ms\": 0.8394180040340871, \"verified\": true, \"inclusive_stages\": []}\nDISPATCH_SAMPLE {\"index\": 21, \"warmup\": false, \"duration_ms\": 0.8065860019996762, \"verified\": true, \"inclusive_stages\": []}\nDISPATCH_SAMPLE {\"index\": 22, \"warmup\": false, \"duration_ms\": 1.6187869987334125, \"verified\": true, \"inclusive_stages\": []}\nDISPATCH_SAMPLE {\"index\": 23, \"warmup\": false, \"duration_ms\": 1.23967800027458, \"verified\": true, \"inclusive_stages\": []}\nDISPATCH_SAMPLE {\"index\": 24, \"warmup\": false, \"duration_ms\": 1.1915020004380494, \"verified\": true, \"inclusive_stages\": []}\nDISPATCH_SAMPLE {\"index\": 25, \"warmup\": false, \"duration_ms\": 1.1195490005775355, \"verified\": true, \"inclusive_stages\": []}\nDISPATCH_SAMPLE {\"index\": 26, \"warmup\": false, \"duration_ms\": 0.7512239972129464, \"verified\": true, \"inclusive_stages\": []}\nDISPATCH_SAMPLE {\"index\": 27, \"warmup\": false, \"duration_ms\": 0.7162319961935282, \"verified\": true, \"inclusive_stages\": []}\nDISPATCH_SAMPLE {\"index\": 28, \"warmup\": false, \"duration_ms\": 1.4303200005088001, \"verified\": true, \"inclusive_stages\": []}\nDISPATCH_SAMPLE {\"index\": 29, \"warmup\": false, \"duration_ms\": 0.5697979941032827, \"verified\": true, \"inclusive_stages\": []}\nDISPATCH_SAMPLE {\"index\": 30, \"warmup\": false, \"duration_ms\": 0.4495249959290959, \"verified\": true, \"inclusive_stages\": []}\n", "stderr": "<string>:30: DeprecationWarning: 'asyncio.iscoroutinefunction' is deprecated and slated for removal in Python 3.16; use inspect.iscoroutinefunction() instead\n"}
CURRENT_DISPATCH_OUTPUT {"stdout": "DISPATCH_SAMPLE {\"index\": 0, \"warmup\": true, \"duration_ms\": 82.67177399829961, \"verified\": true, \"inclusive_stages\": [{\"stage\": \"runtime_denial\", \"ms\": 8.401184997637756}, {\"stage\": \"read_only_classification\", \"ms\": 28.97347199905198}, {\"stage\": \"effect_begin\", \"ms\": 3.4723440039670095}, {\"stage\": \"runtime_denial\", \"ms\": 2.3756590017001145}, {\"stage\": \"effect_mark_dispatched\", \"ms\": 1.3780320005025715}, {\"stage\": \"business_handler\", \"ms\": 30.2928629971575}, {\"stage\": \"effect_finish\", \"ms\": 0.9365229998365976}, {\"stage\": \"effect_read\", \"ms\": 1.0763969985418953}, {\"stage\": \"effect_read\", \"ms\": 0.899738006410189}, {\"stage\": \"crm_readback\", \"ms\": 0.5018939991714433}, {\"stage\": \"effect_resolve\", \"ms\": 1.8982620022143237}, {\"stage\": \"effect_read\", \"ms\": 0.3834919989458285}, {\"stage\": \"receipt_recovery\", \"ms\": 3.3690150012262166}]}\nDISPATCH_SAMPLE {\"index\": 1, \"warmup\": false, \"duration_ms\": 22.3184830028913, \"verified\": true, \"inclusive_stages\": [{\"stage\": \"runtime_denial\", \"ms\": 2.430124004604295}, {\"stage\": \"read_only_classification\", \"ms\": 5.614160996628925}, {\"stage\": \"effect_begin\", \"ms\": 2.873776997148525}, {\"stage\": \"runtime_denial\", \"ms\": 1.7852849996415898}, {\"stage\": \"effect_mark_dispatched\", \"ms\": 0.9874030001810752}, {\"stage\": \"business_handler\", \"ms\": 3.012722998391837}, {\"stage\": \"effect_finish\", \"ms\": 0.9293390030506998}, {\"stage\": \"effect_read\", \"ms\": 0.768313002481591}, {\"stage\": \"effect_read\", \"ms\": 0.7347770006163046}, {\"stage\": \"crm_readback\", \"ms\": 0.6435270042857155}, {\"stage\": \"effect_resolve\", \"ms\": 1.8327259967918508}, {\"stage\": \"effect_read\", \"ms\": 0.5056209993199445}, {\"stage\": \"receipt_recovery\", \"ms\": 3.1203089965856634}]}\nDISPATCH_SAMPLE {\"index\": 2, \"warmup\": false, \"duration_ms\": 13.833409000653774, \"verified\": true, \"inclusive_stages\": [{\"stage\": \"runtime_denial\", \"ms\": 0.9635949973016977}, {\"stage\": \"read_only_classification\", \"ms\": 5.459599997266196}, {\"stage\": \"effect_begin\", \"ms\": 1.103741000406444}, {\"stage\": \"runtime_denial\", \"ms\": 0.9873879971564747}, {\"stage\": \"effect_mark_dispatched\", \"ms\": 0.4745170008391142}, {\"stage\": \"business_handler\", \"ms\": 1.4920489993528463}, {\"stage\": \"effect_finish\", \"ms\": 0.45157400018069893}, {\"stage\": \"effect_read\", \"ms\": 0.43811700015794486}, {\"stage\": \"effect_read\", \"ms\": 0.372180002159439}, {\"stage\": \"crm_readback\", \"ms\": 0.3159079933539033}, {\"stage\": \"effect_resolve\", \"ms\": 1.2143819985794835}, {\"stage\": \"effect_read\", \"ms\": 0.4181969998171553}, {\"stage\": \"receipt_recovery\", \"ms\": 2.0799920021090657}]}\nDISPATCH_SAMPLE {\"index\": 3, \"warmup\": false, \"duration_ms\": 13.186073003453203, \"verified\": true, \"inclusive_stages\": [{\"stage\": \"runtime_denial\", \"ms\": 1.01105200155871}, {\"stage\": \"read_only_classification\", \"ms\": 5.648001002555247}, {\"stage\": \"effect_begin\", \"ms\": 1.021500000206288}, {\"stage\": \"runtime_denial\", \"ms\": 0.8579140048823319}, {\"stage\": \"effect_mark_dispatched\", \"ms\": 0.4312050004955381}, {\"stage\": \"business_handler\", \"ms\": 1.2584459982463159}, {\"stage\": \"effect_finish\", \"ms\": 0.4157170042162761}, {\"stage\": \"effect_read\", \"ms\": 0.3598440016503446}, {\"stage\": \"effect_read\", \"ms\": 0.3533320050337352}, {\"stage\": \"crm_readback\", \"ms\": 0.34558799961814657}, {\"stage\": \"effect_resolve\", \"ms\": 1.0697720063035376}, {\"stage\": \"effect_read\", \"ms\": 0.4082289960933849}, {\"stage\": \"receipt_recovery\", \"ms\": 1.8469489950803109}]}\nDISPATCH_SAMPLE {\"index\": 4, \"warmup\": false, \"duration_ms\": 12.552033993415534, \"verified\": true, \"inclusive_stages\": [{\"stage\": \"runtime_denial\", \"ms\": 0.809418001153972}, {\"stage\": \"read_only_classification\", \"ms\": 5.472992001159582}, {\"stage\": \"effect_begin\", \"ms\": 1.0635960061335936}, {\"stage\": \"runtime_denial\", \"ms\": 0.7633049972355366}, {\"stage\": \"effect_mark_dispatched\", \"ms\": 0.4069809947395697}, {\"stage\": \"business_handler\", \"ms\": 1.1536139936652035}, {\"stage\": \"effect_finish\", \"ms\": 0.40806899778544903}, {\"stage\": \"effect_read\", \"ms\": 0.3559559991117567}, {\"stage\": \"effect_read\", \"ms\": 0.3820370038738474}, {\"stage\": \"crm_readback\", \"ms\": 0.378436001483351}, {\"stage\": \"effect_resolve\", \"ms\": 1.1687980004353449}, {\"stage\": \"effect_read\", \"ms\": 0.3632360021583736}, {\"stage\": \"receipt_recovery\", \"ms\": 1.9100540012004785}]}\nDISPATCH_SAMPLE {\"index\": 5, \"warmup\": false, \"duration_ms\": 20.71609599806834, \"verified\": true, \"inclusive_stages\": [{\"stage\": \"runtime_denial\", \"ms\": 1.9964879975304939}, {\"stage\": \"read_only_classification\", \"ms\": 5.343885997717734}, {\"stage\": \"effect_begin\", \"ms\": 1.9473499996820465}, {\"stage\": \"runtime_denial\", \"ms\": 1.4061449983273633}, {\"stage\": \"effect_mark_dispatched\", \"ms\": 1.378656001179479}, {\"stage\": \"business_handler\", \"ms\": 2.2674819992971607}, {\"stage\": \"effect_finish\", \"ms\": 0.7522800005972385}, {\"stage\": \"effect_read\", \"ms\": 0.7521690058638342}, {\"stage\": \"effect_read\", \"ms\": 0.726520003809128}, {\"stage\": \"crm_readback\", \"ms\": 0.776439999754075}, {\"stage\": \"effect_resolve\", \"ms\": 2.295147001859732}, {\"stage\": \"effect_read\", \"ms\": 1.3780160006717779}, {\"stage\": \"receipt_recovery\", \"ms\": 4.435668000951409}]}\nDISPATCH_SAMPLE {\"index\": 6, \"warmup\": false, \"duration_ms\": 21.078052996017504, \"verified\": true, \"inclusive_stages\": [{\"stage\": \"runtime_denial\", \"ms\": 1.9369820001884364}, {\"stage\": \"read_only_classification\", \"ms\": 5.583520003710873}, {\"stage\": \"effect_begin\", \"ms\": 2.13434400211554}, {\"stage\": \"runtime_denial\", \"ms\": 1.8871420033974573}, {\"stage\": \"effect_mark_dispatched\", \"ms\": 0.49310999747831374}, {\"stage\": \"business_handler\", \"ms\": 1.6721799984225072}, {\"stage\": \"effect_finish\", \"ms\": 0.6620880012633279}, {\"stage\": \"effect_read\", \"ms\": 1.2952149991178885}, {\"stage\": \"effect_read\", \"ms\": 0.7148079967009835}, {\"stage\": \"crm_readback\", \"ms\": 1.3989120052428916}, {\"stage\": \"effect_resolve\", \"ms\": 3.3825830032583326}, {\"stage\": \"effect_read\", \"ms\": 0.8865700001479127}, {\"stage\": \"receipt_recovery\", \"ms\": 5.575488001341}]}\nDISPATCH_SAMPLE {\"index\": 7, \"warmup\": false, \"duration_ms\": 16.136523001478054, \"verified\": true, \"inclusive_stages\": [{\"stage\": \"runtime_denial\", \"ms\": 1.5207369942800142}, {\"stage\": \"read_only_classification\", \"ms\": 5.185899994103238}, {\"stage\": \"effect_begin\", \"ms\": 2.2186819987837225}, {\"stage\": \"runtime_denial\", \"ms\": 1.7092359994421713}, {\"stage\": \"effect_mark_dispatched\", \"ms\": 0.7402010014629923}, {\"stage\": \"business_handler\", \"ms\": 1.3518709965865128}, {\"stage\": \"effect_finish\", \"ms\": 0.41182799759553745}, {\"stage\": \"effect_read\", \"ms\": 0.3483079999568872}, {\"stage\": \"effect_read\", \"ms\": 0.343396000971552}, {\"stage\": \"crm_readback\", \"ms\": 0.32917199860094115}, {\"stage\": \"effect_resolve\", \"ms\": 1.2304629999562167}, {\"stage\": \"effect_read\", \"ms\": 0.6607909963349812}, {\"stage\": \"receipt_recovery\", \"ms\": 2.2487620008178055}]}\nDISPATCH_SAMPLE {\"index\": 8, \"warmup\": false, \"duration_ms\": 13.690958003280684, \"verified\": true, \"inclusive_stages\": [{\"stage\": \"runtime_denial\", \"ms\": 0.9937880022334866}, {\"stage\": \"read_only_classification\", \"ms\": 5.718337997677736}, {\"stage\": \"effect_begin\", \"ms\": 1.4675850034109317}, {\"stage\": \"runtime_denial\", \"ms\": 1.1044929997297004}, {\"stage\": \"effect_mark_dispatched\", \"ms\": 0.46240600204328075}, {\"stage\": \"business_handler\", \"ms\": 1.0471960049471818}, {\"stage\": \"effect_finish\", \"ms\": 0.40618099592393264}, {\"stage\": \"effect_read\", \"ms\": 0.41698000131873414}, {\"stage\": \"effect_read\", \"ms\": 0.34267600130988285}, {\"stage\": \"crm_readback\", \"ms\": 0.34061199403367937}, {\"stage\": \"effect_resolve\", \"ms\": 1.0823650009115227}, {\"stage\": \"effect_read\", \"ms\": 0.4043569933855906}, {\"stage\": \"receipt_recovery\", \"ms\": 1.9134460017085075}]}\nDISPATCH_SAMPLE {\"index\": 9, \"warmup\": false, \"duration_ms\": 16.274059998977464, \"verified\": true, \"inclusive_stages\": [{\"stage\": \"runtime_denial\", \"ms\": 0.7330160005949438}, {\"stage\": \"read_only_classification\", \"ms\": 5.362733994843438}, {\"stage\": \"effect_begin\", \"ms\": 1.512080998509191}, {\"stage\": \"runtime_denial\", \"ms\": 0.8219939991249703}, {\"stage\": \"effect_mark_dispatched\", \"ms\": 0.40394000097876415}, {\"stage\": \"business_handler\", \"ms\": 1.1862220053444616}, {\"stage\": \"effect_finish\", \"ms\": 1.111821002268698}, {\"stage\": \"effect_read\", \"ms\": 1.3438079986372031}, {\"stage\": \"effect_read\", \"ms\": 0.8075930018094368}, {\"stage\": \"crm_readback\", \"ms\": 0.6924240005901083}, {\"stage\": \"effect_resolve\", \"ms\": 2.230969999800436}, {\"stage\": \"effect_read\", \"ms\": 0.718360002792906}, {\"stage\": \"receipt_recovery\", \"ms\": 4.303362002247013}]}\nDISPATCH_SAMPLE {\"index\": 10, \"warmup\": false, \"duration_ms\": 22.27158700407017, \"verified\": true, \"inclusive_stages\": [{\"stage\": \"runtime_denial\", \"ms\": 1.9904229993699118}, {\"stage\": \"read_only_classification\", \"ms\": 5.236796001554467}, {\"stage\": \"effect_begin\", \"ms\": 2.618110003822949}, {\"stage\": \"runtime_denial\", \"ms\": 1.8462940060999244}, {\"stage\": \"effect_mark_dispatched\", \"ms\": 1.0783639954752289}, {\"stage\": \"business_handler\", \"ms\": 2.498877001926303}, {\"stage\": \"effect_finish\", \"ms\": 1.4813610032433644}, {\"stage\": \"effect_read\", \"ms\": 1.2162700004409999}, {\"stage\": \"effect_read\", \"ms\": 0.5812379968119785}, {\"stage\": \"crm_readback\", \"ms\": 0.4183410055702552}, {\"stage\": \"effect_resolve\", \"ms\": 1.6765480031608604}, {\"stage\": \"effect_read\", \"ms\": 1.3153589970897883}, {\"stage\": \"receipt_recovery\", \"ms\": 4.21827299578581}]}\nDISPATCH_SAMPLE {\"index\": 11, \"warmup\": false, \"duration_ms\": 22.304178004560526, \"verified\": true, \"inclusive_stages\": [{\"stage\": \"runtime_denial\", \"ms\": 1.6687710012774915}, {\"stage\": \"read_only_classification\", \"ms\": 5.271292997349519}, {\"stage\": \"effect_begin\", \"ms\": 2.600269996037241}, {\"stage\": \"runtime_denial\", \"ms\": 1.4911850012140349}, {\"stage\": \"effect_mark_dispatched\", \"ms\": 0.7116240012692288}, {\"stage\": \"business_handler\", \"ms\": 2.3503479969804175}, {\"stage\": \"effect_finish\", \"ms\": 1.361615999485366}, {\"stage\": \"effect_read\", \"ms\": 1.3487189935403876}, {\"stage\": \"effect_read\", \"ms\": 1.1448939985712059}, {\"stage\": \"crm_readback\", \"ms\": 1.1878530058311298}, {\"stage\": \"effect_resolve\", \"ms\": 3.4067279993905686}, {\"stage\": \"effect_read\", \"ms\": 1.0380280000390485}, {\"stage\": \"receipt_recovery\", \"ms\": 5.804963999253232}]}\nDISPATCH_SAMPLE {\"index\": 12, \"warmup\": false, \"duration_ms\": 18.85679399856599, \"verified\": true, \"inclusive_stages\": [{\"stage\": \"runtime_denial\", \"ms\": 1.485697997850366}, {\"stage\": \"read_only_classification\", \"ms\": 5.162780005775858}, {\"stage\": \"effect_begin\", \"ms\": 1.6477789977216162}, {\"stage\": \"runtime_denial\", \"ms\": 0.8557690016459674}, {\"stage\": \"effect_mark_dispatched\", \"ms\": 1.1006679997080937}, {\"stage\": \"business_handler\", \"ms\": 2.019366998865735}, {\"stage\": \"effect_finish\", \"ms\": 0.7105679978849366}, {\"stage\": \"effect_read\", \"ms\": 1.3109759966027923}, {\"stage\": \"effect_read\", \"ms\": 1.3117909984430298}, {\"stage\": \"crm_readback\", \"ms\": 0.8628419964225031}, {\"stage\": \"effect_resolve\", \"ms\": 2.928560999862384}, {\"stage\": \"effect_read\", \"ms\": 0.7483130029868335}, {\"stage\": \"receipt_recovery\", \"ms\": 4.997898002329748}]}\nDISPATCH_SAMPLE {\"index\": 13, \"warmup\": false, \"duration_ms\": 18.676136001886334, \"verified\": true, \"inclusive_stages\": [{\"stage\": \"runtime_denial\", \"ms\": 2.075687996693887}, {\"stage\": \"read_only_classification\", \"ms\": 5.201052001211792}, {\"stage\": \"effect_begin\", \"ms\": 2.1109209992573597}, {\"stage\": \"runtime_denial\", \"ms\": 1.7522600028314628}, {\"stage\": \"effect_mark_dispatched\", \"ms\": 0.47696600086055696}, {\"stage\": \"business_handler\", \"ms\": 1.3479519984684885}, {\"stage\": \"effect_finish\", \"ms\": 0.887818998307921}, {\"stage\": \"effect_read\", \"ms\": 0.7210960029624403}, {\"stage\": \"effect_read\", \"ms\": 0.7976420019986108}, {\"stage\": \"crm_readback\", \"ms\": 0.7685680029680952}, {\"stage\": \"effect_resolve\", \"ms\": 2.1892419972573407}, {\"stage\": \"effect_read\", \"ms\": 0.8751939967623912}, {\"stage\": \"receipt_recovery\", \"ms\": 3.79612400138285}]}\nDISPATCH_SAMPLE {\"index\": 14, \"warmup\": false, \"duration_ms\": 15.780262998305261, \"verified\": true, \"inclusive_stages\": [{\"stage\": \"runtime_denial\", \"ms\": 1.0896609965129755}, {\"stage\": \"read_only_classification\", \"ms\": 5.531440001504961}, {\"stage\": \"effect_begin\", \"ms\": 1.8289490035385825}, {\"stage\": \"runtime_denial\", \"ms\": 0.9993240018957295}, {\"stage\": \"effect_mark_dispatched\", \"ms\": 0.7492410004488192}, {\"stage\": \"business_handler\", \"ms\": 1.6704189984011464}, {\"stage\": \"effect_finish\", \"ms\": 0.7890330016380176}, {\"stage\": \"effect_read\", \"ms\": 0.8097059981082566}, {\"stage\": \"effect_read\", \"ms\": 0.37354000232880935}, {\"stage\": \"crm_readback\", \"ms\": 0.3832040019915439}, {\"stage\": \"effect_resolve\", \"ms\": 1.2021579968859442}, {\"stage\": \"effect_read\", \"ms\": 0.4212040003039874}, {\"stage\": \"receipt_recovery\", \"ms\": 2.4426040035905316}]}\nDISPATCH_SAMPLE {\"index\": 15, \"warmup\": false, \"duration_ms\": 15.369585998996627, \"verified\": true, \"inclusive_stages\": [{\"stage\": \"runtime_denial\", \"ms\": 1.0781730015878566}, {\"stage\": \"read_only_classification\", \"ms\": 5.343614000594243}, {\"stage\": \"effect_begin\", \"ms\": 1.7642919992795214}, {\"stage\": \"runtime_denial\", \"ms\": 1.0801890020957217}, {\"stage\": \"effect_mark_dispatched\", \"ms\": 0.7042479992378503}, {\"stage\": \"business_handler\", \"ms\": 1.8345170028624125}, {\"stage\": \"effect_finish\", \"ms\": 0.6899919972056523}, {\"stage\": \"effect_read\", \"ms\": 0.52927100477973}, {\"stage\": \"effect_read\", \"ms\": 0.41752499964786693}, {\"stage\": \"crm_readback\", \"ms\": 0.3657159977592528}, {\"stage\": \"effect_resolve\", \"ms\": 1.277807001315523}, {\"stage\": \"effect_read\", \"ms\": 0.3593799992813729}, {\"stage\": \"receipt_recovery\", \"ms\": 2.175961999455467}]}\nDISPATCH_SAMPLE {\"index\": 16, \"warmup\": false, \"duration_ms\": 16.212699003517628, \"verified\": true, \"inclusive_stages\": [{\"stage\": \"runtime_denial\", \"ms\": 1.033852000546176}, {\"stage\": \"read_only_classification\", \"ms\": 5.573729002207983}, {\"stage\": \"effect_begin\", \"ms\": 1.8002289943979122}, {\"stage\": \"runtime_denial\", \"ms\": 0.9578190001775511}, {\"stage\": \"effect_mark_dispatched\", \"ms\": 0.7521200022893026}, {\"stage\": \"business_handler\", \"ms\": 1.6778909994172864}, {\"stage\": \"effect_finish\", \"ms\": 0.7104239994077943}, {\"stage\": \"effect_read\", \"ms\": 0.7120240043150261}, {\"stage\": \"effect_read\", \"ms\": 0.396053001168184}, {\"stage\": \"crm_readback\", \"ms\": 0.6139430042821914}, {\"stage\": \"effect_resolve\", \"ms\": 1.7266920040128753}, {\"stage\": \"effect_read\", \"ms\": 0.6228869970072992}, {\"stage\": \"receipt_recovery\", \"ms\": 3.070514998398721}]}\nDISPATCH_SAMPLE {\"index\": 17, \"warmup\": false, \"duration_ms\": 15.575299999909475, \"verified\": true, \"inclusive_stages\": [{\"stage\": \"runtime_denial\", \"ms\": 1.113851998525206}, {\"stage\": \"read_only_classification\", \"ms\": 5.647137004416436}, {\"stage\": \"effect_begin\", \"ms\": 1.791332004358992}, {\"stage\": \"runtime_denial\", \"ms\": 1.0695169985410757}, {\"stage\": \"effect_mark_dispatched\", \"ms\": 0.6780719995731488}, {\"stage\": \"business_handler\", \"ms\": 1.7257319996133447}, {\"stage\": \"effect_finish\", \"ms\": 0.7471610006177798}, {\"stage\": \"effect_read\", \"ms\": 0.6958000012673438}, {\"stage\": \"effect_read\", \"ms\": 0.326995002978947}, {\"stage\": \"crm_readback\", \"ms\": 0.29726800130447373}, {\"stage\": \"effect_resolve\", \"ms\": 1.0804439953062683}, {\"stage\": \"effect_read\", \"ms\": 0.3783089996431954}, {\"stage\": \"receipt_recovery\", \"ms\": 2.1637690006173216}]}\nDISPATCH_SAMPLE {\"index\": 18, \"warmup\": false, \"duration_ms\": 15.077295000082813, \"verified\": true, \"inclusive_stages\": [{\"stage\": \"runtime_denial\", \"ms\": 1.6827550061861984}, {\"stage\": \"read_only_classification\", \"ms\": 5.233659998339135}, {\"stage\": \"effect_begin\", \"ms\": 2.1733370012952946}, {\"stage\": \"runtime_denial\", \"ms\": 1.0361880049458705}, {\"stage\": \"effect_mark_dispatched\", \"ms\": 0.6183430014061742}, {\"stage\": \"business_handler\", \"ms\": 1.164413995866198}, {\"stage\": \"effect_finish\", \"ms\": 0.42482100252527744}, {\"stage\": \"effect_read\", \"ms\": 0.39344499964499846}, {\"stage\": \"effect_read\", \"ms\": 0.39461199776269495}, {\"stage\": \"crm_readback\", \"ms\": 0.3131240009679459}, {\"stage\": \"effect_resolve\", \"ms\": 1.0896599997067824}, {\"stage\": \"effect_read\", \"ms\": 0.42043699795613065}, {\"stage\": \"receipt_recovery\", \"ms\": 1.912245999847073}]}\nDISPATCH_SAMPLE {\"index\": 19, \"warmup\": false, \"duration_ms\": 16.1412589950487, \"verified\": true, \"inclusive_stages\": [{\"stage\": \"runtime_denial\", \"ms\": 0.7894329974078573}, {\"stage\": \"read_only_classification\", \"ms\": 5.661825001880061}, {\"stage\": \"effect_begin\", \"ms\": 1.2430060014594346}, {\"stage\": \"runtime_denial\", \"ms\": 1.3952959998277947}, {\"stage\": \"effect_mark_dispatched\", \"ms\": 0.43365299643483013}, {\"stage\": \"business_handler\", \"ms\": 1.2551350009744056}, {\"stage\": \"effect_finish\", \"ms\": 0.8626339986221865}, {\"stage\": \"effect_read\", \"ms\": 0.7201209955383092}, {\"stage\": \"effect_read\", \"ms\": 0.6815430024289526}, {\"stage\": \"crm_readback\", \"ms\": 0.7668079997529276}, {\"stage\": \"effect_resolve\", \"ms\": 2.165240999602247}, {\"stage\": \"effect_read\", \"ms\": 0.6943600019440055}, {\"stage\": \"receipt_recovery\", \"ms\": 3.5911619997932576}]}\nDISPATCH_SAMPLE {\"index\": 20, \"warmup\": false, \"duration_ms\": 17.288279996137135, \"verified\": true, \"inclusive_stages\": [{\"stage\": \"runtime_denial\", \"ms\": 0.9564909996697679}, {\"stage\": \"read_only_classification\", \"ms\": 5.546608001168352}, {\"stage\": \"effect_begin\", \"ms\": 2.0949519966961816}, {\"stage\": \"runtime_denial\", \"ms\": 1.6388349977205507}, {\"stage\": \"effect_mark_dispatched\", \"ms\": 0.8861229944159277}, {\"stage\": \"business_handler\", \"ms\": 2.2055299996281974}, {\"stage\": \"effect_finish\", \"ms\": 0.880411003890913}, {\"stage\": \"effect_read\", \"ms\": 0.42587699863361195}, {\"stage\": \"effect_read\", \"ms\": 0.5257980010355823}, {\"stage\": \"crm_readback\", \"ms\": 0.39648399979341775}, {\"stage\": \"effect_resolve\", \"ms\": 1.3440469992929138}, {\"stage\": \"effect_read\", \"ms\": 0.42278900218661875}, {\"stage\": \"receipt_recovery\", \"ms\": 2.2017690062057227}]}\nDISPATCH_SAMPLE {\"index\": 21, \"warmup\": false, \"duration_ms\": 12.93027700012317, \"verified\": true, \"inclusive_stages\": [{\"stage\": \"runtime_denial\", \"ms\": 0.8800100040389225}, {\"stage\": \"read_only_classification\", \"ms\": 5.341486001270823}, {\"stage\": \"effect_begin\", \"ms\": 0.9890830042422749}, {\"stage\": \"runtime_denial\", \"ms\": 0.9138509994954802}, {\"stage\": \"effect_mark_dispatched\", \"ms\": 0.42522099829511717}, {\"stage\": \"business_handler\", \"ms\": 1.3476640015142038}, {\"stage\": \"effect_finish\", \"ms\": 0.4165170030319132}, {\"stage\": \"effect_read\", \"ms\": 0.3680360023281537}, {\"stage\": \"effect_read\", \"ms\": 0.3351400009705685}, {\"stage\": \"crm_readback\", \"ms\": 0.3398120024939999}, {\"stage\": \"effect_resolve\", \"ms\": 1.100765002775006}, {\"stage\": \"effect_read\", \"ms\": 0.3981810004916042}, {\"stage\": \"receipt_recovery\", \"ms\": 1.8763100015348755}]}\nDISPATCH_SAMPLE {\"index\": 22, \"warmup\": false, \"duration_ms\": 13.72099100262858, \"verified\": true, \"inclusive_stages\": [{\"stage\": \"runtime_denial\", \"ms\": 0.8767300023464486}, {\"stage\": \"read_only_classification\", \"ms\": 5.361037998227403}, {\"stage\": \"effect_begin\", \"ms\": 1.091932994313538}, {\"stage\": \"runtime_denial\", \"ms\": 0.7557849967270158}, {\"stage\": \"effect_mark_dispatched\", \"ms\": 0.41176499507855624}, {\"stage\": \"business_handler\", \"ms\": 1.0419640020700172}, {\"stage\": \"effect_finish\", \"ms\": 0.8391130031668581}, {\"stage\": \"effect_read\", \"ms\": 0.707464998413343}, {\"stage\": \"effect_read\", \"ms\": 0.5597660056082532}, {\"stage\": \"crm_readback\", \"ms\": 0.35272399691166356}, {\"stage\": \"effect_resolve\", \"ms\": 1.3445110016618855}, {\"stage\": \"effect_read\", \"ms\": 0.3922770047211088}, {\"stage\": \"receipt_recovery\", \"ms\": 2.454605004459154}]}\nDISPATCH_SAMPLE {\"index\": 23, \"warmup\": false, \"duration_ms\": 11.8427609995706, \"verified\": true, \"inclusive_stages\": [{\"stage\": \"runtime_denial\", \"ms\": 1.9100549980066717}, {\"stage\": \"read_only_classification\", \"ms\": 5.242220999207348}, {\"stage\": \"effect_begin\", \"ms\": 0.7157209984143265}, {\"stage\": \"runtime_denial\", \"ms\": 0.5149179996806197}, {\"stage\": \"effect_mark_dispatched\", \"ms\": 0.261890992987901}, {\"stage\": \"business_handler\", \"ms\": 0.7417849992634729}, {\"stage\": \"effect_finish\", \"ms\": 0.2775230022962205}, {\"stage\": \"effect_read\", \"ms\": 0.28147500415798277}, {\"stage\": \"effect_read\", \"ms\": 0.32422799995401874}, {\"stage\": \"crm_readback\", \"ms\": 0.21473899687407538}, {\"stage\": \"effect_resolve\", \"ms\": 0.9237869962817058}, {\"stage\": \"effect_read\", \"ms\": 0.2933630021288991}, {\"stage\": \"receipt_recovery\", \"ms\": 1.508114000898786}]}\nDISPATCH_SAMPLE {\"index\": 24, \"warmup\": false, \"duration_ms\": 9.56287799635902, \"verified\": true, \"inclusive_stages\": [{\"stage\": \"runtime_denial\", \"ms\": 0.5680699978256598}, {\"stage\": \"read_only_classification\", \"ms\": 5.467743001645431}, {\"stage\": \"effect_begin\", \"ms\": 0.5977510008960962}, {\"stage\": \"runtime_denial\", \"ms\": 0.3814930023509078}, {\"stage\": \"effect_mark_dispatched\", \"ms\": 0.14409799769055098}, {\"stage\": \"business_handler\", \"ms\": 0.5519900005310774}, {\"stage\": \"effect_finish\", \"ms\": 0.21582600311376154}, {\"stage\": \"effect_read\", \"ms\": 0.17008199938572943}, {\"stage\": \"effect_read\", \"ms\": 0.15473800158360973}, {\"stage\": \"crm_readback\", \"ms\": 0.17099399701692164}, {\"stage\": \"effect_resolve\", \"ms\": 0.6213509986991994}, {\"stage\": \"effect_read\", \"ms\": 0.1933150051627308}, {\"stage\": \"receipt_recovery\", \"ms\": 0.9877400007098913}]}\nDISPATCH_SAMPLE {\"index\": 25, \"warmup\": false, \"duration_ms\": 5.3240130000631325, \"verified\": true, \"inclusive_stages\": [{\"stage\": \"runtime_denial\", \"ms\": 0.4036679965793155}, {\"stage\": \"read_only_classification\", \"ms\": 1.9190140010323375}, {\"stage\": \"effect_begin\", \"ms\": 0.39645300421398133}, {\"stage\": \"runtime_denial\", \"ms\": 0.3753479977604002}, {\"stage\": \"effect_mark_dispatched\", \"ms\": 0.16413000412285328}, {\"stage\": \"business_handler\", \"ms\": 0.5165820039110258}, {\"stage\": \"effect_finish\", \"ms\": 0.20724999922094867}, {\"stage\": \"effect_read\", \"ms\": 0.14995400124462321}, {\"stage\": \"effect_read\", \"ms\": 0.14451400056714192}, {\"stage\": \"crm_readback\", \"ms\": 0.12155299918958917}, {\"stage\": \"effect_resolve\", \"ms\": 0.4582610054058023}, {\"stage\": \"effect_read\", \"ms\": 0.19893099670298398}, {\"stage\": \"receipt_recovery\", \"ms\": 0.8097219979390502}]}\nDISPATCH_SAMPLE {\"index\": 26, \"warmup\": false, \"duration_ms\": 9.622591998777352, \"verified\": true, \"inclusive_stages\": [{\"stage\": \"runtime_denial\", \"ms\": 0.8249219972640276}, {\"stage\": \"read_only_classification\", \"ms\": 1.8427899995003827}, {\"stage\": \"effect_begin\", \"ms\": 1.0621719993650913}, {\"stage\": \"runtime_denial\", \"ms\": 1.0693720032577403}, {\"stage\": \"effect_mark_dispatched\", \"ms\": 0.5017660005250946}, {\"stage\": \"business_handler\", \"ms\": 1.2143179992563091}, {\"stage\": \"effect_finish\", \"ms\": 0.41166799928760156}, {\"stage\": \"effect_read\", \"ms\": 0.3528680026647635}, {\"stage\": \"effect_read\", \"ms\": 0.4005329974461347}, {\"stage\": \"crm_readback\", \"ms\": 0.3509159942041151}, {\"stage\": \"effect_resolve\", \"ms\": 1.2293749969103374}, {\"stage\": \"effect_read\", \"ms\": 0.4156689974479377}, {\"stage\": \"receipt_recovery\", \"ms\": 2.0082640039618127}]}\nDISPATCH_SAMPLE {\"index\": 27, \"warmup\": false, \"duration_ms\": 14.17899599618977, \"verified\": true, \"inclusive_stages\": [{\"stage\": \"runtime_denial\", \"ms\": 1.0732759983511642}, {\"stage\": \"read_only_classification\", \"ms\": 5.610000996966846}, {\"stage\": \"effect_begin\", \"ms\": 1.109052995161619}, {\"stage\": \"runtime_denial\", \"ms\": 1.0295160027453676}, {\"stage\": \"effect_mark_dispatched\", \"ms\": 0.39038900285959244}, {\"stage\": \"business_handler\", \"ms\": 1.45273600355722}, {\"stage\": \"effect_finish\", \"ms\": 0.47189400356728584}, {\"stage\": \"effect_read\", \"ms\": 0.35478800418786705}, {\"stage\": \"effect_read\", \"ms\": 0.3102919945376925}, {\"stage\": \"crm_readback\", \"ms\": 0.3051389940083027}, {\"stage\": \"effect_resolve\", \"ms\": 1.0675329976947978}, {\"stage\": \"effect_read\", \"ms\": 0.3835400057141669}, {\"stage\": \"receipt_recovery\", \"ms\": 1.8145009962609038}]}\nDISPATCH_SAMPLE {\"index\": 28, \"warmup\": false, \"duration_ms\": 12.964790003024973, \"verified\": true, \"inclusive_stages\": [{\"stage\": \"runtime_denial\", \"ms\": 0.945883002714254}, {\"stage\": \"read_only_classification\", \"ms\": 5.428478994872421}, {\"stage\": \"effect_begin\", \"ms\": 0.9337550000054762}, {\"stage\": \"runtime_denial\", \"ms\": 0.9372270069434308}, {\"stage\": \"effect_mark_dispatched\", \"ms\": 0.3375080050318502}, {\"stage\": \"business_handler\", \"ms\": 1.3278710030135699}, {\"stage\": \"effect_finish\", \"ms\": 0.34827600029530004}, {\"stage\": \"effect_read\", \"ms\": 0.24192300043068826}, {\"stage\": \"effect_read\", \"ms\": 0.21325100533431396}, {\"stage\": \"crm_readback\", \"ms\": 0.22990600700723007}, {\"stage\": \"effect_resolve\", \"ms\": 0.8014499981072731}, {\"stage\": \"effect_read\", \"ms\": 0.27421100094215944}, {\"stage\": \"receipt_recovery\", \"ms\": 1.3209600001573563}]}\nDISPATCH_SAMPLE {\"index\": 29, \"warmup\": false, \"duration_ms\": 8.948456001235172, \"verified\": true, \"inclusive_stages\": [{\"stage\": \"runtime_denial\", \"ms\": 0.9188110052491538}, {\"stage\": \"read_only_classification\", \"ms\": 2.1151929977349937}, {\"stage\": \"effect_begin\", \"ms\": 0.6979120007599704}, {\"stage\": \"runtime_denial\", \"ms\": 0.8790819993009791}, {\"stage\": \"effect_mark_dispatched\", \"ms\": 0.3589329935493879}, {\"stage\": \"business_handler\", \"ms\": 1.1378690032870509}, {\"stage\": \"effect_finish\", \"ms\": 0.3597009999793954}, {\"stage\": \"effect_read\", \"ms\": 0.27360300009604543}, {\"stage\": \"effect_read\", \"ms\": 0.2426270002615638}, {\"stage\": \"crm_readback\", \"ms\": 0.30491500365315005}, {\"stage\": \"effect_resolve\", \"ms\": 0.8096090023173019}, {\"stage\": \"effect_read\", \"ms\": 0.3112999984296039}, {\"stage\": \"receipt_recovery\", \"ms\": 1.3975199981359765}]}\nDISPATCH_SAMPLE {\"index\": 30, \"warmup\": false, \"duration_ms\": 9.268508001696318, \"verified\": true, \"inclusive_stages\": [{\"stage\": \"runtime_denial\", \"ms\": 0.878970000485424}, {\"stage\": \"read_only_classification\", \"ms\": 2.005830996495206}, {\"stage\": \"effect_begin\", \"ms\": 0.7561039965366945}, {\"stage\": \"runtime_denial\", \"ms\": 0.7983449977473356}, {\"stage\": \"effect_mark_dispatched\", \"ms\": 0.3031559972441755}, {\"stage\": \"business_handler\", \"ms\": 1.1602049999055453}, {\"stage\": \"effect_finish\", \"ms\": 0.8668419977766462}, {\"stage\": \"effect_read\", \"ms\": 0.432309003372211}, {\"stage\": \"effect_read\", \"ms\": 0.2598909995867871}, {\"stage\": \"crm_readback\", \"ms\": 0.24320300144609064}, {\"stage\": \"effect_resolve\", \"ms\": 0.7967130004544742}, {\"stage\": \"effect_read\", \"ms\": 0.23901100212242454}, {\"stage\": \"receipt_recovery\", \"ms\": 1.472800999181345}]}\n", "stderr": "<string>:30: DeprecationWarning: 'asyncio.iscoroutinefunction' is deprecated and slated for removal in Python 3.16; use inspect.iscoroutinefunction() instead\n"}
CRM_DISPATCH_SCREENING {"baseline_revision": "eea3252b1577e3f51e6d6a6216d6f242fd7ac4a1", "current_revision": "76d3362818f7ed4d29adaf443fd7eb46da5f1637", "measurements": {"baseline": {"samples": [{"index": 0, "warmup": true, "duration_ms": 86.55665100377519, "verified": true, "inclusive_stages": []}, {"index": 1, "warmup": false, "duration_ms": 2.7386880028643645, "verified": true, "inclusive_stages": []}, {"index": 2, "warmup": false, "duration_ms": 2.820225003233645, "verified": true, "inclusive_stages": []}, {"index": 3, "warmup": false, "duration_ms": 2.211577993875835, "verified": true, "inclusive_stages": []}, {"index": 4, "warmup": false, "duration_ms": 1.4524810030707158, "verified": true, "inclusive_stages": []}, {"index": 5, "warmup": false, "duration_ms": 1.0462680002092384, "verified": true, "inclusive_stages": []}, {"index": 6, "warmup": false, "duration_ms": 1.086588999896776, "verified": true, "inclusive_stages": []}, {"index": 7, "warmup": false, "duration_ms": 0.8795940011623316, "verified": true, "inclusive_stages": []}, {"index": 8, "warmup": false, "duration_ms": 1.0980759980157018, "verified": true, "inclusive_stages": []}, {"index": 9, "warmup": false, "duration_ms": 0.88949799828697, "verified": true, "inclusive_stages": []}, {"index": 10, "warmup": false, "duration_ms": 0.8811950028757565, "verified": true, "inclusive_stages": []}, {"index": 11, "warmup": false, "duration_ms": 0.818504995550029, "verified": true, "inclusive_stages": []}, {"index": 12, "warmup": false, "duration_ms": 0.795081999967806, "verified": true, "inclusive_stages": []}, {"index": 13, "warmup": false, "duration_ms": 0.8315140003105626, "verified": true, "inclusive_stages": []}, {"index": 14, "warmup": false, "duration_ms": 0.9745709976414219, "verified": true, "inclusive_stages": []}, {"index": 15, "warmup": false, "duration_ms": 1.208109999424778, "verified": true, "inclusive_stages": []}, {"index": 16, "warmup": false, "duration_ms": 0.9028909989865497, "verified": true, "inclusive_stages": []}, {"index": 17, "warmup": false, "duration_ms": 1.048203994287178, "verified": true, "inclusive_stages": []}, {"index": 18, "warmup": false, "duration_ms": 1.717092003673315, "verified": true, "inclusive_stages": []}, {"index": 19, "warmup": false, "duration_ms": 1.0583480034256354, "verified": true, "inclusive_stages": []}, {"index": 20, "warmup": false, "duration_ms": 0.8394180040340871, "verified": true, "inclusive_stages": []}, {"index": 21, "warmup": false, "duration_ms": 0.8065860019996762, "verified": true, "inclusive_stages": []}, {"index": 22, "warmup": false, "duration_ms": 1.6187869987334125, "verified": true, "inclusive_stages": []}, {"index": 23, "warmup": false, "duration_ms": 1.23967800027458, "verified": true, "inclusive_stages": []}, {"index": 24, "warmup": false, "duration_ms": 1.1915020004380494, "verified": true, "inclusive_stages": []}, {"index": 25, "warmup": false, "duration_ms": 1.1195490005775355, "verified": true, "inclusive_stages": []}, {"index": 26, "warmup": false, "duration_ms": 0.7512239972129464, "verified": true, "inclusive_stages": []}, {"index": 27, "warmup": false, "duration_ms": 0.7162319961935282, "verified": true, "inclusive_stages": []}, {"index": 28, "warmup": false, "duration_ms": 1.4303200005088001, "verified": true, "inclusive_stages": []}, {"index": 29, "warmup": false, "duration_ms": 0.5697979941032827, "verified": true, "inclusive_stages": []}, {"index": 30, "warmup": false, "duration_ms": 0.4495249959290959, "verified": true, "inclusive_stages": []}], "p50_ms": 1.0472359972482082, "p95_ms": 2.5014884988195263, "p95_ci95_ms": [1.4805765022174455, 2.820225003233645]}, "current": {"samples": [{"index": 0, "warmup": true, "duration_ms": 82.67177399829961, "verified": true, "inclusive_stages": [{"stage": "runtime_denial", "ms": 8.401184997637756}, {"stage": "read_only_classification", "ms": 28.97347199905198}, {"stage": "effect_begin", "ms": 3.4723440039670095}, {"stage": "runtime_denial", "ms": 2.3756590017001145}, {"stage": "effect_mark_dispatched", "ms": 1.3780320005025715}, {"stage": "business_handler", "ms": 30.2928629971575}, {"stage": "effect_finish", "ms": 0.9365229998365976}, {"stage": "effect_read", "ms": 1.0763969985418953}, {"stage": "effect_read", "ms": 0.899738006410189}, {"stage": "crm_readback", "ms": 0.5018939991714433}, {"stage": "effect_resolve", "ms": 1.8982620022143237}, {"stage": "effect_read", "ms": 0.3834919989458285}, {"stage": "receipt_recovery", "ms": 3.3690150012262166}]}, {"index": 1, "warmup": false, "duration_ms": 22.3184830028913, "verified": true, "inclusive_stages": [{"stage": "runtime_denial", "ms": 2.430124004604295}, {"stage": "read_only_classification", "ms": 5.614160996628925}, {"stage": "effect_begin", "ms": 2.873776997148525}, {"stage": "runtime_denial", "ms": 1.7852849996415898}, {"stage": "effect_mark_dispatched", "ms": 0.9874030001810752}, {"stage": "business_handler", "ms": 3.012722998391837}, {"stage": "effect_finish", "ms": 0.9293390030506998}, {"stage": "effect_read", "ms": 0.768313002481591}, {"stage": "effect_read", "ms": 0.7347770006163046}, {"stage": "crm_readback", "ms": 0.6435270042857155}, {"stage": "effect_resolve", "ms": 1.8327259967918508}, {"stage": "effect_read", "ms": 0.5056209993199445}, {"stage": "receipt_recovery", "ms": 3.1203089965856634}]}, {"index": 2, "warmup": false, "duration_ms": 13.833409000653774, "verified": true, "inclusive_stages": [{"stage": "runtime_denial", "ms": 0.9635949973016977}, {"stage": "read_only_classification", "ms": 5.459599997266196}, {"stage": "effect_begin", "ms": 1.103741000406444}, {"stage": "runtime_denial", "ms": 0.9873879971564747}, {"stage": "effect_mark_dispatched", "ms": 0.4745170008391142}, {"stage": "business_handler", "ms": 1.4920489993528463}, {"stage": "effect_finish", "ms": 0.45157400018069893}, {"stage": "effect_read", "ms": 0.43811700015794486}, {"stage": "effect_read", "ms": 0.372180002159439}, {"stage": "crm_readback", "ms": 0.3159079933539033}, {"stage": "effect_resolve", "ms": 1.2143819985794835}, {"stage": "effect_read", "ms": 0.4181969998171553}, {"stage": "receipt_recovery", "ms": 2.0799920021090657}]}, {"index": 3, "warmup": false, "duration_ms": 13.186073003453203, "verified": true, "inclusive_stages": [{"stage": "runtime_denial", "ms": 1.01105200155871}, {"stage": "read_only_classification", "ms": 5.648001002555247}, {"stage": "effect_begin", "ms": 1.021500000206288}, {"stage": "runtime_denial", "ms": 0.8579140048823319}, {"stage": "effect_mark_dispatched", "ms": 0.4312050004955381}, {"stage": "business_handler", "ms": 1.2584459982463159}, {"stage": "effect_finish", "ms": 0.4157170042162761}, {"stage": "effect_read", "ms": 0.3598440016503446}, {"stage": "effect_read", "ms": 0.3533320050337352}, {"stage": "crm_readback", "ms": 0.34558799961814657}, {"stage": "effect_resolve", "ms": 1.0697720063035376}, {"stage": "effect_read", "ms": 0.4082289960933849}, {"stage": "receipt_recovery", "ms": 1.8469489950803109}]}, {"index": 4, "warmup": false, "duration_ms": 12.552033993415534, "verified": true, "inclusive_stages": [{"stage": "runtime_denial", "ms": 0.809418001153972}, {"stage": "read_only_classification", "ms": 5.472992001159582}, {"stage": "effect_begin", "ms": 1.0635960061335936}, {"stage": "runtime_denial", "ms": 0.7633049972355366}, {"stage": "effect_mark_dispatched", "ms": 0.4069809947395697}, {"stage": "business_handler", "ms": 1.1536139936652035}, {"stage": "effect_finish", "ms": 0.40806899778544903}, {"stage": "effect_read", "ms": 0.3559559991117567}, {"stage": "effect_read", "ms": 0.3820370038738474}, {"stage": "crm_readback", "ms": 0.378436001483351}, {"stage": "effect_resolve", "ms": 1.1687980004353449}, {"stage": "effect_read", "ms": 0.3632360021583736}, {"stage": "receipt_recovery", "ms": 1.9100540012004785}]}, {"index": 5, "warmup": false, "duration_ms": 20.71609599806834, "verified": true, "inclusive_stages": [{"stage": "runtime_denial", "ms": 1.9964879975304939}, {"stage": "read_only_classification", "ms": 5.343885997717734}, {"stage": "effect_begin", "ms": 1.9473499996820465}, {"stage": "runtime_denial", "ms": 1.4061449983273633}, {"stage": "effect_mark_dispatched", "ms": 1.378656001179479}, {"stage": "business_handler", "ms": 2.2674819992971607}, {"stage": "effect_finish", "ms": 0.7522800005972385}, {"stage": "effect_read", "ms": 0.7521690058638342}, {"stage": "effect_read", "ms": 0.726520003809128}, {"stage": "crm_readback", "ms": 0.776439999754075}, {"stage": "effect_resolve", "ms": 2.295147001859732}, {"stage": "effect_read", "ms": 1.3780160006717779}, {"stage": "receipt_recovery", "ms": 4.435668000951409}]}, {"index": 6, "warmup": false, "duration_ms": 21.078052996017504, "verified": true, "inclusive_stages": [{"stage": "runtime_denial", "ms": 1.9369820001884364}, {"stage": "read_only_classification", "ms": 5.583520003710873}, {"stage": "effect_begin", "ms": 2.13434400211554}, {"stage": "runtime_denial", "ms": 1.8871420033974573}, {"stage": "effect_mark_dispatched", "ms": 0.49310999747831374}, {"stage": "business_handler", "ms": 1.6721799984225072}, {"stage": "effect_finish", "ms": 0.6620880012633279}, {"stage": "effect_read", "ms": 1.2952149991178885}, {"stage": "effect_read", "ms": 0.7148079967009835}, {"stage": "crm_readback", "ms": 1.3989120052428916}, {"stage": "effect_resolve", "ms": 3.3825830032583326}, {"stage": "effect_read", "ms": 0.8865700001479127}, {"stage": "receipt_recovery", "ms": 5.575488001341}]}, {"index": 7, "warmup": false, "duration_ms": 16.136523001478054, "verified": true, "inclusive_stages": [{"stage": "runtime_denial", "ms": 1.5207369942800142}, {"stage": "read_only_classification", "ms": 5.185899994103238}, {"stage": "effect_begin", "ms": 2.2186819987837225}, {"stage": "runtime_denial", "ms": 1.7092359994421713}, {"stage": "effect_mark_dispatched", "ms": 0.7402010014629923}, {"stage": "business_handler", "ms": 1.3518709965865128}, {"stage": "effect_finish", "ms": 0.41182799759553745}, {"stage": "effect_read", "ms": 0.3483079999568872}, {"stage": "effect_read", "ms": 0.343396000971552}, {"stage": "crm_readback", "ms": 0.32917199860094115}, {"stage": "effect_resolve", "ms": 1.2304629999562167}, {"stage": "effect_read", "ms": 0.6607909963349812}, {"stage": "receipt_recovery", "ms": 2.2487620008178055}]}, {"index": 8, "warmup": false, "duration_ms": 13.690958003280684, "verified": true, "inclusive_stages": [{"stage": "runtime_denial", "ms": 0.9937880022334866}, {"stage": "read_only_classification", "ms": 5.718337997677736}, {"stage": "effect_begin", "ms": 1.4675850034109317}, {"stage": "runtime_denial", "ms": 1.1044929997297004}, {"stage": "effect_mark_dispatched", "ms": 0.46240600204328075}, {"stage": "business_handler", "ms": 1.0471960049471818}, {"stage": "effect_finish", "ms": 0.40618099592393264}, {"stage": "effect_read", "ms": 0.41698000131873414}, {"stage": "effect_read", "ms": 0.34267600130988285}, {"stage": "crm_readback", "ms": 0.34061199403367937}, {"stage": "effect_resolve", "ms": 1.0823650009115227}, {"stage": "effect_read", "ms": 0.4043569933855906}, {"stage": "receipt_recovery", "ms": 1.9134460017085075}]}, {"index": 9, "warmup": false, "duration_ms": 16.274059998977464, "verified": true, "inclusive_stages": [{"stage": "runtime_denial", "ms": 0.7330160005949438}, {"stage": "read_only_classification", "ms": 5.362733994843438}, {"stage": "effect_begin", "ms": 1.512080998509191}, {"stage": "runtime_denial", "ms": 0.8219939991249703}, {"stage": "effect_mark_dispatched", "ms": 0.40394000097876415}, {"stage": "business_handler", "ms": 1.1862220053444616}, {"stage": "effect_finish", "ms": 1.111821002268698}, {"stage": "effect_read", "ms": 1.3438079986372031}, {"stage": "effect_read", "ms": 0.8075930018094368}, {"stage": "crm_readback", "ms": 0.6924240005901083}, {"stage": "effect_resolve", "ms": 2.230969999800436}, {"stage": "effect_read", "ms": 0.718360002792906}, {"stage": "receipt_recovery", "ms": 4.303362002247013}]}, {"index": 10, "warmup": false, "duration_ms": 22.27158700407017, "verified": true, "inclusive_stages": [{"stage": "runtime_denial", "ms": 1.9904229993699118}, {"stage": "read_only_classification", "ms": 5.236796001554467}, {"stage": "effect_begin", "ms": 2.618110003822949}, {"stage": "runtime_denial", "ms": 1.8462940060999244}, {"stage": "effect_mark_dispatched", "ms": 1.0783639954752289}, {"stage": "business_handler", "ms": 2.498877001926303}, {"stage": "effect_finish", "ms": 1.4813610032433644}, {"stage": "effect_read", "ms": 1.2162700004409999}, {"stage": "effect_read", "ms": 0.5812379968119785}, {"stage": "crm_readback", "ms": 0.4183410055702552}, {"stage": "effect_resolve", "ms": 1.6765480031608604}, {"stage": "effect_read", "ms": 1.3153589970897883}, {"stage": "receipt_recovery", "ms": 4.21827299578581}]}, {"index": 11, "warmup": false, "duration_ms": 22.304178004560526, "verified": true, "inclusive_stages": [{"stage": "runtime_denial", "ms": 1.6687710012774915}, {"stage": "read_only_classification", "ms": 5.271292997349519}, {"stage": "effect_begin", "ms": 2.600269996037241}, {"stage": "runtime_denial", "ms": 1.4911850012140349}, {"stage": "effect_mark_dispatched", "ms": 0.7116240012692288}, {"stage": "business_handler", "ms": 2.3503479969804175}, {"stage": "effect_finish", "ms": 1.361615999485366}, {"stage": "effect_read", "ms": 1.3487189935403876}, {"stage": "effect_read", "ms": 1.1448939985712059}, {"stage": "crm_readback", "ms": 1.1878530058311298}, {"stage": "effect_resolve", "ms": 3.4067279993905686}, {"stage": "effect_read", "ms": 1.0380280000390485}, {"stage": "receipt_recovery", "ms": 5.804963999253232}]}, {"index": 12, "warmup": false, "duration_ms": 18.85679399856599, "verified": true, "inclusive_stages": [{"stage": "runtime_denial", "ms": 1.485697997850366}, {"stage": "read_only_classification", "ms": 5.162780005775858}, {"stage": "effect_begin", "ms": 1.6477789977216162}, {"stage": "runtime_denial", "ms": 0.8557690016459674}, {"stage": "effect_mark_dispatched", "ms": 1.1006679997080937}, {"stage": "business_handler", "ms": 2.019366998865735}, {"stage": "effect_finish", "ms": 0.7105679978849366}, {"stage": "effect_read", "ms": 1.3109759966027923}, {"stage": "effect_read", "ms": 1.3117909984430298}, {"stage": "crm_readback", "ms": 0.8628419964225031}, {"stage": "effect_resolve", "ms": 2.928560999862384}, {"stage": "effect_read", "ms": 0.7483130029868335}, {"stage": "receipt_recovery", "ms": 4.997898002329748}]}, {"index": 13, "warmup": false, "duration_ms": 18.676136001886334, "verified": true, "inclusive_stages": [{"stage": "runtime_denial", "ms": 2.075687996693887}, {"stage": "read_only_classification", "ms": 5.201052001211792}, {"stage": "effect_begin", "ms": 2.1109209992573597}, {"stage": "runtime_denial", "ms": 1.7522600028314628}, {"stage": "effect_mark_dispatched", "ms": 0.47696600086055696}, {"stage": "business_handler", "ms": 1.3479519984684885}, {"stage": "effect_finish", "ms": 0.887818998307921}, {"stage": "effect_read", "ms": 0.7210960029624403}, {"stage": "effect_read", "ms": 0.7976420019986108}, {"stage": "crm_readback", "ms": 0.7685680029680952}, {"stage": "effect_resolve", "ms": 2.1892419972573407}, {"stage": "effect_read", "ms": 0.8751939967623912}, {"stage": "receipt_recovery", "ms": 3.79612400138285}]}, {"index": 14, "warmup": false, "duration_ms": 15.780262998305261, "verified": true, "inclusive_stages": [{"stage": "runtime_denial", "ms": 1.0896609965129755}, {"stage": "read_only_classification", "ms": 5.531440001504961}, {"stage": "effect_begin", "ms": 1.8289490035385825}, {"stage": "runtime_denial", "ms": 0.9993240018957295}, {"stage": "effect_mark_dispatched", "ms": 0.7492410004488192}, {"stage": "business_handler", "ms": 1.6704189984011464}, {"stage": "effect_finish", "ms": 0.7890330016380176}, {"stage": "effect_read", "ms": 0.8097059981082566}, {"stage": "effect_read", "ms": 0.37354000232880935}, {"stage": "crm_readback", "ms": 0.3832040019915439}, {"stage": "effect_resolve", "ms": 1.2021579968859442}, {"stage": "effect_read", "ms": 0.4212040003039874}, {"stage": "receipt_recovery", "ms": 2.4426040035905316}]}, {"index": 15, "warmup": false, "duration_ms": 15.369585998996627, "verified": true, "inclusive_stages": [{"stage": "runtime_denial", "ms": 1.0781730015878566}, {"stage": "read_only_classification", "ms": 5.343614000594243}, {"stage": "effect_begin", "ms": 1.7642919992795214}, {"stage": "runtime_denial", "ms": 1.0801890020957217}, {"stage": "effect_mark_dispatched", "ms": 0.7042479992378503}, {"stage": "business_handler", "ms": 1.8345170028624125}, {"stage": "effect_finish", "ms": 0.6899919972056523}, {"stage": "effect_read", "ms": 0.52927100477973}, {"stage": "effect_read", "ms": 0.41752499964786693}, {"stage": "crm_readback", "ms": 0.3657159977592528}, {"stage": "effect_resolve", "ms": 1.277807001315523}, {"stage": "effect_read", "ms": 0.3593799992813729}, {"stage": "receipt_recovery", "ms": 2.175961999455467}]}, {"index": 16, "warmup": false, "duration_ms": 16.212699003517628, "verified": true, "inclusive_stages": [{"stage": "runtime_denial", "ms": 1.033852000546176}, {"stage": "read_only_classification", "ms": 5.573729002207983}, {"stage": "effect_begin", "ms": 1.8002289943979122}, {"stage": "runtime_denial", "ms": 0.9578190001775511}, {"stage": "effect_mark_dispatched", "ms": 0.7521200022893026}, {"stage": "business_handler", "ms": 1.6778909994172864}, {"stage": "effect_finish", "ms": 0.7104239994077943}, {"stage": "effect_read", "ms": 0.7120240043150261}, {"stage": "effect_read", "ms": 0.396053001168184}, {"stage": "crm_readback", "ms": 0.6139430042821914}, {"stage": "effect_resolve", "ms": 1.7266920040128753}, {"stage": "effect_read", "ms": 0.6228869970072992}, {"stage": "receipt_recovery", "ms": 3.070514998398721}]}, {"index": 17, "warmup": false, "duration_ms": 15.575299999909475, "verified": true, "inclusive_stages": [{"stage": "runtime_denial", "ms": 1.113851998525206}, {"stage": "read_only_classification", "ms": 5.647137004416436}, {"stage": "effect_begin", "ms": 1.791332004358992}, {"stage": "runtime_denial", "ms": 1.0695169985410757}, {"stage": "effect_mark_dispatched", "ms": 0.6780719995731488}, {"stage": "business_handler", "ms": 1.7257319996133447}, {"stage": "effect_finish", "ms": 0.7471610006177798}, {"stage": "effect_read", "ms": 0.6958000012673438}, {"stage": "effect_read", "ms": 0.326995002978947}, {"stage": "crm_readback", "ms": 0.29726800130447373}, {"stage": "effect_resolve", "ms": 1.0804439953062683}, {"stage": "effect_read", "ms": 0.3783089996431954}, {"stage": "receipt_recovery", "ms": 2.1637690006173216}]}, {"index": 18, "warmup": false, "duration_ms": 15.077295000082813, "verified": true, "inclusive_stages": [{"stage": "runtime_denial", "ms": 1.6827550061861984}, {"stage": "read_only_classification", "ms": 5.233659998339135}, {"stage": "effect_begin", "ms": 2.1733370012952946}, {"stage": "runtime_denial", "ms": 1.0361880049458705}, {"stage": "effect_mark_dispatched", "ms": 0.6183430014061742}, {"stage": "business_handler", "ms": 1.164413995866198}, {"stage": "effect_finish", "ms": 0.42482100252527744}, {"stage": "effect_read", "ms": 0.39344499964499846}, {"stage": "effect_read", "ms": 0.39461199776269495}, {"stage": "crm_readback", "ms": 0.3131240009679459}, {"stage": "effect_resolve", "ms": 1.0896599997067824}, {"stage": "effect_read", "ms": 0.42043699795613065}, {"stage": "receipt_recovery", "ms": 1.912245999847073}]}, {"index": 19, "warmup": false, "duration_ms": 16.1412589950487, "verified": true, "inclusive_stages": [{"stage": "runtime_denial", "ms": 0.7894329974078573}, {"stage": "read_only_classification", "ms": 5.661825001880061}, {"stage": "effect_begin", "ms": 1.2430060014594346}, {"stage": "runtime_denial", "ms": 1.3952959998277947}, {"stage": "effect_mark_dispatched", "ms": 0.43365299643483013}, {"stage": "business_handler", "ms": 1.2551350009744056}, {"stage": "effect_finish", "ms": 0.8626339986221865}, {"stage": "effect_read", "ms": 0.7201209955383092}, {"stage": "effect_read", "ms": 0.6815430024289526}, {"stage": "crm_readback", "ms": 0.7668079997529276}, {"stage": "effect_resolve", "ms": 2.165240999602247}, {"stage": "effect_read", "ms": 0.6943600019440055}, {"stage": "receipt_recovery", "ms": 3.5911619997932576}]}, {"index": 20, "warmup": false, "duration_ms": 17.288279996137135, "verified": true, "inclusive_stages": [{"stage": "runtime_denial", "ms": 0.9564909996697679}, {"stage": "read_only_classification", "ms": 5.546608001168352}, {"stage": "effect_begin", "ms": 2.0949519966961816}, {"stage": "runtime_denial", "ms": 1.6388349977205507}, {"stage": "effect_mark_dispatched", "ms": 0.8861229944159277}, {"stage": "business_handler", "ms": 2.2055299996281974}, {"stage": "effect_finish", "ms": 0.880411003890913}, {"stage": "effect_read", "ms": 0.42587699863361195}, {"stage": "effect_read", "ms": 0.5257980010355823}, {"stage": "crm_readback", "ms": 0.39648399979341775}, {"stage": "effect_resolve", "ms": 1.3440469992929138}, {"stage": "effect_read", "ms": 0.42278900218661875}, {"stage": "receipt_recovery", "ms": 2.2017690062057227}]}, {"index": 21, "warmup": false, "duration_ms": 12.93027700012317, "verified": true, "inclusive_stages": [{"stage": "runtime_denial", "ms": 0.8800100040389225}, {"stage": "read_only_classification", "ms": 5.341486001270823}, {"stage": "effect_begin", "ms": 0.9890830042422749}, {"stage": "runtime_denial", "ms": 0.9138509994954802}, {"stage": "effect_mark_dispatched", "ms": 0.42522099829511717}, {"stage": "business_handler", "ms": 1.3476640015142038}, {"stage": "effect_finish", "ms": 0.4165170030319132}, {"stage": "effect_read", "ms": 0.3680360023281537}, {"stage": "effect_read", "ms": 0.3351400009705685}, {"stage": "crm_readback", "ms": 0.3398120024939999}, {"stage": "effect_resolve", "ms": 1.100765002775006}, {"stage": "effect_read", "ms": 0.3981810004916042}, {"stage": "receipt_recovery", "ms": 1.8763100015348755}]}, {"index": 22, "warmup": false, "duration_ms": 13.72099100262858, "verified": true, "inclusive_stages": [{"stage": "runtime_denial", "ms": 0.8767300023464486}, {"stage": "read_only_classification", "ms": 5.361037998227403}, {"stage": "effect_begin", "ms": 1.091932994313538}, {"stage": "runtime_denial", "ms": 0.7557849967270158}, {"stage": "effect_mark_dispatched", "ms": 0.41176499507855624}, {"stage": "business_handler", "ms": 1.0419640020700172}, {"stage": "effect_finish", "ms": 0.8391130031668581}, {"stage": "effect_read", "ms": 0.707464998413343}, {"stage": "effect_read", "ms": 0.5597660056082532}, {"stage": "crm_readback", "ms": 0.35272399691166356}, {"stage": "effect_resolve", "ms": 1.3445110016618855}, {"stage": "effect_read", "ms": 0.3922770047211088}, {"stage": "receipt_recovery", "ms": 2.454605004459154}]}, {"index": 23, "warmup": false, "duration_ms": 11.8427609995706, "verified": true, "inclusive_stages": [{"stage": "runtime_denial", "ms": 1.9100549980066717}, {"stage": "read_only_classification", "ms": 5.242220999207348}, {"stage": "effect_begin", "ms": 0.7157209984143265}, {"stage": "runtime_denial", "ms": 0.5149179996806197}, {"stage": "effect_mark_dispatched", "ms": 0.261890992987901}, {"stage": "business_handler", "ms": 0.7417849992634729}, {"stage": "effect_finish", "ms": 0.2775230022962205}, {"stage": "effect_read", "ms": 0.28147500415798277}, {"stage": "effect_read", "ms": 0.32422799995401874}, {"stage": "crm_readback", "ms": 0.21473899687407538}, {"stage": "effect_resolve", "ms": 0.9237869962817058}, {"stage": "effect_read", "ms": 0.2933630021288991}, {"stage": "receipt_recovery", "ms": 1.508114000898786}]}, {"index": 24, "warmup": false, "duration_ms": 9.56287799635902, "verified": true, "inclusive_stages": [{"stage": "runtime_denial", "ms": 0.5680699978256598}, {"stage": "read_only_classification", "ms": 5.467743001645431}, {"stage": "effect_begin", "ms": 0.5977510008960962}, {"stage": "runtime_denial", "ms": 0.3814930023509078}, {"stage": "effect_mark_dispatched", "ms": 0.14409799769055098}, {"stage": "business_handler", "ms": 0.5519900005310774}, {"stage": "effect_finish", "ms": 0.21582600311376154}, {"stage": "effect_read", "ms": 0.17008199938572943}, {"stage": "effect_read", "ms": 0.15473800158360973}, {"stage": "crm_readback", "ms": 0.17099399701692164}, {"stage": "effect_resolve", "ms": 0.6213509986991994}, {"stage": "effect_read", "ms": 0.1933150051627308}, {"stage": "receipt_recovery", "ms": 0.9877400007098913}]}, {"index": 25, "warmup": false, "duration_ms": 5.3240130000631325, "verified": true, "inclusive_stages": [{"stage": "runtime_denial", "ms": 0.4036679965793155}, {"stage": "read_only_classification", "ms": 1.9190140010323375}, {"stage": "effect_begin", "ms": 0.39645300421398133}, {"stage": "runtime_denial", "ms": 0.3753479977604002}, {"stage": "effect_mark_dispatched", "ms": 0.16413000412285328}, {"stage": "business_handler", "ms": 0.5165820039110258}, {"stage": "effect_finish", "ms": 0.20724999922094867}, {"stage": "effect_read", "ms": 0.14995400124462321}, {"stage": "effect_read", "ms": 0.14451400056714192}, {"stage": "crm_readback", "ms": 0.12155299918958917}, {"stage": "effect_resolve", "ms": 0.4582610054058023}, {"stage": "effect_read", "ms": 0.19893099670298398}, {"stage": "receipt_recovery", "ms": 0.8097219979390502}]}, {"index": 26, "warmup": false, "duration_ms": 9.622591998777352, "verified": true, "inclusive_stages": [{"stage": "runtime_denial", "ms": 0.8249219972640276}, {"stage": "read_only_classification", "ms": 1.8427899995003827}, {"stage": "effect_begin", "ms": 1.0621719993650913}, {"stage": "runtime_denial", "ms": 1.0693720032577403}, {"stage": "effect_mark_dispatched", "ms": 0.5017660005250946}, {"stage": "business_handler", "ms": 1.2143179992563091}, {"stage": "effect_finish", "ms": 0.41166799928760156}, {"stage": "effect_read", "ms": 0.3528680026647635}, {"stage": "effect_read", "ms": 0.4005329974461347}, {"stage": "crm_readback", "ms": 0.3509159942041151}, {"stage": "effect_resolve", "ms": 1.2293749969103374}, {"stage": "effect_read", "ms": 0.4156689974479377}, {"stage": "receipt_recovery", "ms": 2.0082640039618127}]}, {"index": 27, "warmup": false, "duration_ms": 14.17899599618977, "verified": true, "inclusive_stages": [{"stage": "runtime_denial", "ms": 1.0732759983511642}, {"stage": "read_only_classification", "ms": 5.610000996966846}, {"stage": "effect_begin", "ms": 1.109052995161619}, {"stage": "runtime_denial", "ms": 1.0295160027453676}, {"stage": "effect_mark_dispatched", "ms": 0.39038900285959244}, {"stage": "business_handler", "ms": 1.45273600355722}, {"stage": "effect_finish", "ms": 0.47189400356728584}, {"stage": "effect_read", "ms": 0.35478800418786705}, {"stage": "effect_read", "ms": 0.3102919945376925}, {"stage": "crm_readback", "ms": 0.3051389940083027}, {"stage": "effect_resolve", "ms": 1.0675329976947978}, {"stage": "effect_read", "ms": 0.3835400057141669}, {"stage": "receipt_recovery", "ms": 1.8145009962609038}]}, {"index": 28, "warmup": false, "duration_ms": 12.964790003024973, "verified": true, "inclusive_stages": [{"stage": "runtime_denial", "ms": 0.945883002714254}, {"stage": "read_only_classification", "ms": 5.428478994872421}, {"stage": "effect_begin", "ms": 0.9337550000054762}, {"stage": "runtime_denial", "ms": 0.9372270069434308}, {"stage": "effect_mark_dispatched", "ms": 0.3375080050318502}, {"stage": "business_handler", "ms": 1.3278710030135699}, {"stage": "effect_finish", "ms": 0.34827600029530004}, {"stage": "effect_read", "ms": 0.24192300043068826}, {"stage": "effect_read", "ms": 0.21325100533431396}, {"stage": "crm_readback", "ms": 0.22990600700723007}, {"stage": "effect_resolve", "ms": 0.8014499981072731}, {"stage": "effect_read", "ms": 0.27421100094215944}, {"stage": "receipt_recovery", "ms": 1.3209600001573563}]}, {"index": 29, "warmup": false, "duration_ms": 8.948456001235172, "verified": true, "inclusive_stages": [{"stage": "runtime_denial", "ms": 0.9188110052491538}, {"stage": "read_only_classification", "ms": 2.1151929977349937}, {"stage": "effect_begin", "ms": 0.6979120007599704}, {"stage": "runtime_denial", "ms": 0.8790819993009791}, {"stage": "effect_mark_dispatched", "ms": 0.3589329935493879}, {"stage": "business_handler", "ms": 1.1378690032870509}, {"stage": "effect_finish", "ms": 0.3597009999793954}, {"stage": "effect_read", "ms": 0.27360300009604543}, {"stage": "effect_read", "ms": 0.2426270002615638}, {"stage": "crm_readback", "ms": 0.30491500365315005}, {"stage": "effect_resolve", "ms": 0.8096090023173019}, {"stage": "effect_read", "ms": 0.3112999984296039}, {"stage": "receipt_recovery", "ms": 1.3975199981359765}]}, {"index": 30, "warmup": false, "duration_ms": 9.268508001696318, "verified": true, "inclusive_stages": [{"stage": "runtime_denial", "ms": 0.878970000485424}, {"stage": "read_only_classification", "ms": 2.005830996495206}, {"stage": "effect_begin", "ms": 0.7561039965366945}, {"stage": "runtime_denial", "ms": 0.7983449977473356}, {"stage": "effect_mark_dispatched", "ms": 0.3031559972441755}, {"stage": "business_handler", "ms": 1.1602049999055453}, {"stage": "effect_finish", "ms": 0.8668419977766462}, {"stage": "effect_read", "ms": 0.432309003372211}, {"stage": "effect_read", "ms": 0.2598909995867871}, {"stage": "crm_readback", "ms": 0.24320300144609064}, {"stage": "effect_resolve", "ms": 0.7967130004544742}, {"stage": "effect_read", "ms": 0.23901100212242454}, {"stage": "receipt_recovery", "ms": 1.472800999181345}]}], "p50_ms": 15.22344049953972, "p95_ms": 22.289512054339866, "p95_ci95_ms": [18.85679399856599, 22.3184830028913]}}, "scope": "30 warm native create_task dispatch samples per revision plus one retained warmup; sequential baseline/current blocks in one private canonical database. Model, audit publishing and event delivery excluded; permission fixture identical. Includes handler and database overhead, with runtime receipt readback in current. Not complete agent harness overhead, live-provider latency, framework qualification or a causal speed comparison."}
..........................s................s....                         [100%]
=============================== warnings summary ===============================
robothor/engine/tests/test_native_goal_recovery.py::test_native_goal_recovery_waits_safely_or_reconciles_explicitly[False-False]
  /home/philip/robothor-runtime-modernization/.venv/lib/python3.14/site-packages/pydantic/_internal/_generate_schema.py:1480: UserWarning: Item 'summary' on TypedDict class 'ChatCompletionReasoningItem' is using the `ReadOnly` qualifier. Pydantic will not protect items from any mutation on dictionary instances.
    warnings.warn(

-- Docs: https://docs.pytest.org/en/stable/how-to/capture-warnings.html
46 passed, 2 skipped, 1 warning in 24.90s
