FFFF                                                                     [100%]
=================================== FAILURES ===================================
_ test_unknown_effect_overrides_timeout_retry_and_helper_recovery[1-bridge service timed out] _

message = 'bridge service timed out', consecutive = 1

    @pytest.mark.parametrize("message", ["bridge service timed out", "backing service error (HTTP 500)"])
    @pytest.mark.parametrize("consecutive", [1, 3])
    async def test_unknown_effect_overrides_timeout_retry_and_helper_recovery(message, consecutive):
        session = _session()
        with patch("robothor.engine.tracking.log_tool_event"):
            category = _record(
                session,
                tool_name="create_note",
                error_msg=message,
                result={"error": message, "retryable": False, "outcome_unknown": True},
            )
        helper = AsyncMock()
        result = await apply_error_recovery(
            session,
            SimpleNamespace(can_spawn_agents=True),
            iteration_errors=[("create_note", message, category)],
            escalation=SimpleNamespace(consecutive_errors=consecutive),
            readonly_mode=False,
            helper_spawns_used=0,
            spawn_helper=helper,
        )
        helper.assert_not_awaited()
        assert result.applied
        text = "\n".join(item["content"] for item in session.messages)
>       assert "read-only" in text and "audit" in text
E       AssertionError: assert ('read-only' in '[SYSTEM] Timeout on create_note — retrying once.')

robothor/engine/tests/test_uncertain_outcome_recovery.py:36: AssertionError
_ test_unknown_effect_overrides_timeout_retry_and_helper_recovery[1-backing service error (HTTP 500)] _

message = 'backing service error (HTTP 500)', consecutive = 1

    @pytest.mark.parametrize("message", ["bridge service timed out", "backing service error (HTTP 500)"])
    @pytest.mark.parametrize("consecutive", [1, 3])
    async def test_unknown_effect_overrides_timeout_retry_and_helper_recovery(message, consecutive):
        session = _session()
        with patch("robothor.engine.tracking.log_tool_event"):
            category = _record(
                session,
                tool_name="create_note",
                error_msg=message,
                result={"error": message, "retryable": False, "outcome_unknown": True},
            )
        helper = AsyncMock()
        result = await apply_error_recovery(
            session,
            SimpleNamespace(can_spawn_agents=True),
            iteration_errors=[("create_note", message, category)],
            escalation=SimpleNamespace(consecutive_errors=consecutive),
            readonly_mode=False,
            helper_spawns_used=0,
            spawn_helper=helper,
        )
        helper.assert_not_awaited()
>       assert result.applied
E       assert False
E        +  where False = RecoveryOutcome(applied=False, helper_spawns_used=0).applied

robothor/engine/tests/test_uncertain_outcome_recovery.py:34: AssertionError
_ test_unknown_effect_overrides_timeout_retry_and_helper_recovery[3-bridge service timed out] _

message = 'bridge service timed out', consecutive = 3

    @pytest.mark.parametrize("message", ["bridge service timed out", "backing service error (HTTP 500)"])
    @pytest.mark.parametrize("consecutive", [1, 3])
    async def test_unknown_effect_overrides_timeout_retry_and_helper_recovery(message, consecutive):
        session = _session()
        with patch("robothor.engine.tracking.log_tool_event"):
            category = _record(
                session,
                tool_name="create_note",
                error_msg=message,
                result={"error": message, "retryable": False, "outcome_unknown": True},
            )
        helper = AsyncMock()
        result = await apply_error_recovery(
            session,
            SimpleNamespace(can_spawn_agents=True),
            iteration_errors=[("create_note", message, category)],
            escalation=SimpleNamespace(consecutive_errors=consecutive),
            readonly_mode=False,
            helper_spawns_used=0,
            spawn_helper=helper,
        )
>       helper.assert_not_awaited()

robothor/engine/tests/test_uncertain_outcome_recovery.py:33: 
_ _ _ _ _ _ _ _ _ _ _ _ _ _ _ _ _ _ _ _ _ _ _ _ _ _ _ _ _ _ _ _ _ _ _ _ _ _ _ _ 

self = <AsyncMock id='256458621881040'>

    def assert_not_awaited(self):
        """
        Assert that the mock was never awaited.
        """
        if self.await_count != 0:
            msg = (f"Expected {self._mock_name or 'mock'} to not have been awaited."
                   f" Awaited {self.await_count} times.")
>           raise AssertionError(msg)
E           AssertionError: Expected mock to not have been awaited. Awaited 1 times.

../.local/share/uv/python/cpython-3.14.2-linux-aarch64-gnu/lib/python3.14/unittest/mock.py:2464: AssertionError
_ test_unknown_effect_overrides_timeout_retry_and_helper_recovery[3-backing service error (HTTP 500)] _

message = 'backing service error (HTTP 500)', consecutive = 3

    @pytest.mark.parametrize("message", ["bridge service timed out", "backing service error (HTTP 500)"])
    @pytest.mark.parametrize("consecutive", [1, 3])
    async def test_unknown_effect_overrides_timeout_retry_and_helper_recovery(message, consecutive):
        session = _session()
        with patch("robothor.engine.tracking.log_tool_event"):
            category = _record(
                session,
                tool_name="create_note",
                error_msg=message,
                result={"error": message, "retryable": False, "outcome_unknown": True},
            )
        helper = AsyncMock()
        result = await apply_error_recovery(
            session,
            SimpleNamespace(can_spawn_agents=True),
            iteration_errors=[("create_note", message, category)],
            escalation=SimpleNamespace(consecutive_errors=consecutive),
            readonly_mode=False,
            helper_spawns_used=0,
            spawn_helper=helper,
        )
        helper.assert_not_awaited()
>       assert result.applied
E       assert False
E        +  where False = RecoveryOutcome(applied=False, helper_spawns_used=0).applied

robothor/engine/tests/test_uncertain_outcome_recovery.py:34: AssertionError
=========================== short test summary info ============================
FAILED robothor/engine/tests/test_uncertain_outcome_recovery.py::test_unknown_effect_overrides_timeout_retry_and_helper_recovery[1-bridge service timed out]
FAILED robothor/engine/tests/test_uncertain_outcome_recovery.py::test_unknown_effect_overrides_timeout_retry_and_helper_recovery[1-backing service error (HTTP 500)]
FAILED robothor/engine/tests/test_uncertain_outcome_recovery.py::test_unknown_effect_overrides_timeout_retry_and_helper_recovery[3-bridge service timed out]
FAILED robothor/engine/tests/test_uncertain_outcome_recovery.py::test_unknown_effect_overrides_timeout_retry_and_helper_recovery[3-backing service error (HTTP 500)]
4 failed in 1.30s
