Applied 001_init.sql (001_init)
Applied 001_crm_tables.sql (001_crm_tables)
Applied 004_telemetry_table.sql (004_telemetry_table)
Applied 005_task_coordination.sql (005_task_coordination)
Applied 006_task_state_machine.sql (006_task_state_machine)
Applied 007_routines.sql (007_routines)
Applied 008_multi_tenancy.sql (008_multi_tenancy)
Applied 009_agent_notifications.sql (009_agent_notifications)
Applied 010_health_tables.sql (010_health_tables)
Applied 011_agent_engine.sql (011_agent_engine)
Applied 012_webchat_trigger_type.sql (012_webchat_trigger_type)
Applied 013_workflow_engine.sql (013_workflow_engine)
Applied 014_engine_enhancements.sql (014_engine_enhancements)
Applied 015_chat_history.sql (015_chat_history)
Applied 015b_supervisor_to_main.sql (015b_supervisor_to_main)
Applied 016_sub_agents.sql (016_sub_agents)
Applied 017_timezone_new_york.sql (017_timezone_new_york)
Applied 018_migration_tracking.sql (018_migration_tracking)
Applied 019_unified_session.sql (019_unified_session)
Applied 020_plan_mode.sql (020_plan_mode)
Applied 021_deep_reason.sql (021_deep_reason)
Applied 022_tool_events.sql (022_tool_events)
Applied 023_memory_v4_schema.sql (023_memory_v4_schema)
Applied 024_requires_human.sql (024_requires_human)
Applied 025_federation.sql (025_federation)
Applied 026_consolidation_tracking.sql (026_consolidation_tracking)
Applied 027_auto_task.sql (027_auto_task)
Applied 027_kairos_buddy.sql (027_kairos_buddy)
Applied 028_agent_teams.sql (028_agent_teams)
Applied 028_per_agent_buddy.sql (028_per_agent_buddy)
Applied 029_cache_token_tracking.sql (029_cache_token_tracking)
Applied 029_managed_agents.sql (029_managed_agents)
Applied 030_buddy_effectiveness.sql (030_buddy_effectiveness)
Applied 030_checkpoint_schema_version.sql (030_checkpoint_schema_version)
Applied 031_add_escalation_type.sql (031_add_escalation_type)
Applied 031_agent_reviews.sql (031_agent_reviews)
Applied 032_run_status_skipped.sql (032_run_status_skipped)
Applied 032a_seed_legacy_primary_tenant.sql (032a_seed_legacy_primary_tenant)
Applied 033_memory_multi_tenancy.sql (033_memory_multi_tenancy)
Applied 034_buddy_goals_scoring.sql (034_buddy_goals_scoring)
Applied 034_outcome_assessment.sql (034_outcome_assessment)
Applied 035_drop_legacy_buddy_columns.sql (035_drop_legacy_buddy_columns)
Applied 035_retention_indexes.sql (035_retention_indexes)
Applied 036_buddy_reviewer_type.sql (036_buddy_reviewer_type)
Applied 036_devops_metrics.sql (036_devops_metrics)
Applied 037_access_control.sql (037_access_control)
Applied 037_scheduling_policy.sql (037_scheduling_policy)
Applied 038_audit_user_id.sql (038_audit_user_id)
Applied 038_reap_category.sql (038_reap_category)
Applied 039_operator_identity.sql (039_operator_identity)
Applied 040_memory_episodes.sql (040_memory_episodes)
Applied 041_memory_procedures.sql (041_memory_procedures)
Applied 042_chat_embeddings.sql (042_chat_embeddings)
Applied 043_fact_outcomes.sql (043_fact_outcomes)
Applied 044_agent_breadcrumbs.sql (044_agent_breadcrumbs)
Applied 045_channel_bus.sql (045_channel_bus)
Applied 046_person_linkage.sql (046_person_linkage)
Applied 046b_orphan_cleanup.sql (046b_orphan_cleanup)
Applied 047_messaging_kernel.sql (047_messaging_kernel)
Applied 048_voice_calendar.sql (048_voice_calendar)
Applied 049_timeline_activity.sql (049_timeline_activity)
Applied 050_task_planner_fields.sql (050_task_planner_fields)
Applied 051_task_followup.sql (051_task_followup)
Applied 052_multi_tenant_telegram_users.sql (052_multi_tenant_telegram_users)
Applied 062_step_type_warmup_phase.sql (062_step_type_warmup_phase)
Applied 063_benchmark_results.sql (063_benchmark_results)
Applied 065_session_goal_meta.sql (065_session_goal_meta)
Applied 066_session_goal_meta_v2.sql (066_session_goal_meta_v2)
Applied 067_task_history_kind_schema.sql (067_task_history_kind_schema)
Applied 068_curator_state.sql (068_curator_state)
Applied 069_memory_facts_drift.sql (069_memory_facts_drift)
Applied 070_user_cronjobs.sql (070_user_cronjobs)
Applied 071_memory_vault.sql (071_memory_vault)
Applied 071_user_accounts.sql (071_user_accounts)
Applied 072_memory_intents.sql (072_memory_intents)
Applied 073_memory_facts_active_hnsw.sql (073_memory_facts_active_hnsw)
Applied 074_memory_active_hnsw_partials.sql (074_memory_active_hnsw_partials)
Applied 075_operator_signals.sql (075_operator_signals)
Applied 076_judge_reviewer_type.sql (076_judge_reviewer_type)
Applied 077_message_reactions_unique.sql (077_message_reactions_unique)
Applied 078_memory_facts_content_hash_unique.sql (078_memory_facts_content_hash_unique)
Applied 079_guardrail_event_modes.sql (079_guardrail_event_modes)
Applied 080_judge_reviewer_type.sql (080_judge_reviewer_type)
Applied 081_tenant_rls_backstop.sql (081_tenant_rls_backstop)
Applied 082_tenant_rls_app_role.sql (082_tenant_rls_app_role)
Applied 083_rls_global_role_defaults.sql (083_rls_global_role_defaults)
Applied 084_feature_flags.sql (084_feature_flags)
Applied 085_sso_binding_grants.sql (085_sso_binding_grants)
Applied 086_user_permissions.sql (086_user_permissions)
Applied 087_role_permission_guardrails.sql (087_role_permission_guardrails)
Applied 088_member_role_read_only.sql (088_member_role_read_only)
Applied 089_face_identities.sql (089_face_identities)
Applied 092_memory_access_rollup.sql (092_memory_access_rollup)
Applied 093_memory_write_jobs.sql (093_memory_write_jobs)
Applied 094_memory_decay_shadow.sql (094_memory_decay_shadow)
Applied 095_memory_bitemporal.sql (095_memory_bitemporal)
Applied 096_memory_block_budget.sql (096_memory_block_budget)
Applied 097_trigger_type_channel_event.sql (097_trigger_type_channel_event)
Applied 098_tenant_column_defaults.sql (098_tenant_column_defaults)
Applied 099_notification_types.sql (099_notification_types)
Applied 100_run_verification.sql (100_run_verification)
Applied 102_agent_reviews_nullable_rating.sql (102_agent_reviews_nullable_rating)
Applied 103_benchmark_pass_rate_truth.sql (103_benchmark_pass_rate_truth)
Applied 104_benchmark_sandbox_tenant.sql (104_benchmark_sandbox_tenant)
Applied 105_agent_messages.sql (105_agent_messages)
Applied 106_workflow_approvals.sql (106_workflow_approvals)
Applied 107_seed_service_role.sql (107_seed_service_role)
Applied 108_run_resume_attempts.sql (108_run_resume_attempts)
Applied 109_facts_entities_lower_gin.sql (109_facts_entities_lower_gin)
Applied 110_tool_event_error_message.sql (110_tool_event_error_message)
Applied 111_drop_shadowing_ann_index.sql (111_drop_shadowing_ann_index)
Applied 112_federation_principals.sql (112_federation_principals)
Applied 113_add_do_not_contact.sql (113_add_do_not_contact)
Applied 114_local_login.sql (114_local_login)
Applied 115_backfill_sandbox_denied_error_type.sql (115_backfill_sandbox_denied_error_type)
Applied 116_benchmark_digest_notification_type.sql (116_benchmark_digest_notification_type)
Applied 117_agent_questions.sql (117_agent_questions)
Applied 118_user_channel_identities.sql (118_user_channel_identities)
Applied 119_workflow_step_timeout.sql (119_workflow_step_timeout)
Applied 120_tenant_rls_cover_new_tables.sql (120_tenant_rls_cover_new_tables)
Applied 121_channel_conversation_refs.sql (121_channel_conversation_refs)
Applied 122_trigger_type_channel.sql (122_trigger_type_channel)
Applied 123_agent_run_task_text.sql (123_agent_run_task_text)
Applied 124_guardrail_context_overflow.sql (124_guardrail_context_overflow)
Applied 125_agent_run_step_batch.sql (125_agent_run_step_batch)
Applied 126_calendar_operations.sql (126_calendar_operations)
Applied 126_durable_operations.sql (126_durable_operations)
Applied 126_goal_pursuit.sql (126_goal_pursuit)
Applied 127_autonomous_execution.sql (127_autonomous_execution)
Applied 127_runtime_contract.sql (127_runtime_contract)
Applied 127_sales_intelligence.sql (127_sales_intelligence)
Applied 128_autonomy_resource_descriptors.sql (128_autonomy_resource_descriptors)
Applied 128_sales_business_observations.sql (128_sales_business_observations)
Applied 129_autonomy_workflows.sql (129_autonomy_workflows)
Applied 129_sales_binding_repair.sql (129_sales_binding_repair)
Applied 130_autonomy_request_context.sql (130_autonomy_request_context)
Applied 130_sales_deployments.sql (130_sales_deployments)
Applied 131_autonomy_enrollments.sql (131_autonomy_enrollments)
Applied 131_sales_calibration.sql (131_sales_calibration)
Applied 132_autonomy_enrollment_rls.sql (132_autonomy_enrollment_rls)
Applied 132_sales_research_delegation.sql (132_sales_research_delegation)
Applied 133_autonomy_terms_audit.sql (133_autonomy_terms_audit)
Applied 133_operation_fragments.sql (133_operation_fragments)
Applied 134_autonomy_material_documents.sql (134_autonomy_material_documents)
Applied 134_web_render_permission.sql (134_web_render_permission)
Applied 135_sales_requests.sql (135_sales_requests)
Applied 136_sales_pipedrive_scope.sql (136_sales_pipedrive_scope)
Applied 137_sales_analyst_permissions.sql (137_sales_analyst_permissions)
Applied 138_goal_provider_reservations.sql (138_goal_provider_reservations)
Applied 139_goal_task_family_controls.sql (139_goal_task_family_controls)
Applied 140_chat_approval_receipts.sql (140_chat_approval_receipts)
Applied 141_runtime_effects.sql (141_runtime_effects)
Applied 142_goal_effect_lookup.sql (142_goal_effect_lookup)
Nothing to apply.
Applied 001_init.sql (001_init)
Applied 001_crm_tables.sql (001_crm_tables)
Applied 004_telemetry_table.sql (004_telemetry_table)
Applied 005_task_coordination.sql (005_task_coordination)
Applied 006_task_state_machine.sql (006_task_state_machine)
Applied 007_routines.sql (007_routines)
Applied 008_multi_tenancy.sql (008_multi_tenancy)
Applied 009_agent_notifications.sql (009_agent_notifications)
Applied 010_health_tables.sql (010_health_tables)
Applied 011_agent_engine.sql (011_agent_engine)
Applied 012_webchat_trigger_type.sql (012_webchat_trigger_type)
Applied 013_workflow_engine.sql (013_workflow_engine)
Applied 014_engine_enhancements.sql (014_engine_enhancements)
Applied 015_chat_history.sql (015_chat_history)
Applied 015b_supervisor_to_main.sql (015b_supervisor_to_main)
Applied 016_sub_agents.sql (016_sub_agents)
Applied 017_timezone_new_york.sql (017_timezone_new_york)
Applied 018_migration_tracking.sql (018_migration_tracking)
Applied 019_unified_session.sql (019_unified_session)
Applied 020_plan_mode.sql (020_plan_mode)
Applied 021_deep_reason.sql (021_deep_reason)
Applied 022_tool_events.sql (022_tool_events)
Applied 023_memory_v4_schema.sql (023_memory_v4_schema)
Applied 024_requires_human.sql (024_requires_human)
Applied 025_federation.sql (025_federation)
Applied 026_consolidation_tracking.sql (026_consolidation_tracking)
Applied 027_auto_task.sql (027_auto_task)
Applied 027_kairos_buddy.sql (027_kairos_buddy)
Applied 028_agent_teams.sql (028_agent_teams)
Applied 028_per_agent_buddy.sql (028_per_agent_buddy)
Applied 029_cache_token_tracking.sql (029_cache_token_tracking)
Applied 029_managed_agents.sql (029_managed_agents)
Applied 030_buddy_effectiveness.sql (030_buddy_effectiveness)
Applied 030_checkpoint_schema_version.sql (030_checkpoint_schema_version)
Applied 031_add_escalation_type.sql (031_add_escalation_type)
Applied 031_agent_reviews.sql (031_agent_reviews)
Applied 032_run_status_skipped.sql (032_run_status_skipped)
Applied 032a_seed_legacy_primary_tenant.sql (032a_seed_legacy_primary_tenant)
Applied 033_memory_multi_tenancy.sql (033_memory_multi_tenancy)
Applied 034_buddy_goals_scoring.sql (034_buddy_goals_scoring)
Applied 034_outcome_assessment.sql (034_outcome_assessment)
Applied 035_drop_legacy_buddy_columns.sql (035_drop_legacy_buddy_columns)
Applied 035_retention_indexes.sql (035_retention_indexes)
Applied 036_buddy_reviewer_type.sql (036_buddy_reviewer_type)
Applied 036_devops_metrics.sql (036_devops_metrics)
Applied 037_access_control.sql (037_access_control)
Applied 037_scheduling_policy.sql (037_scheduling_policy)
Applied 038_audit_user_id.sql (038_audit_user_id)
Applied 038_reap_category.sql (038_reap_category)
Applied 039_operator_identity.sql (039_operator_identity)
Applied 040_memory_episodes.sql (040_memory_episodes)
Applied 041_memory_procedures.sql (041_memory_procedures)
Applied 042_chat_embeddings.sql (042_chat_embeddings)
Applied 043_fact_outcomes.sql (043_fact_outcomes)
Applied 044_agent_breadcrumbs.sql (044_agent_breadcrumbs)
Applied 045_channel_bus.sql (045_channel_bus)
Applied 046_person_linkage.sql (046_person_linkage)
Applied 046b_orphan_cleanup.sql (046b_orphan_cleanup)
Applied 047_messaging_kernel.sql (047_messaging_kernel)
Applied 048_voice_calendar.sql (048_voice_calendar)
Applied 049_timeline_activity.sql (049_timeline_activity)
Applied 050_task_planner_fields.sql (050_task_planner_fields)
Applied 051_task_followup.sql (051_task_followup)
Applied 052_multi_tenant_telegram_users.sql (052_multi_tenant_telegram_users)
Applied 062_step_type_warmup_phase.sql (062_step_type_warmup_phase)
Applied 063_benchmark_results.sql (063_benchmark_results)
Applied 065_session_goal_meta.sql (065_session_goal_meta)
Applied 066_session_goal_meta_v2.sql (066_session_goal_meta_v2)
Applied 067_task_history_kind_schema.sql (067_task_history_kind_schema)
Applied 068_curator_state.sql (068_curator_state)
Applied 069_memory_facts_drift.sql (069_memory_facts_drift)
Applied 070_user_cronjobs.sql (070_user_cronjobs)
Applied 071_memory_vault.sql (071_memory_vault)
Applied 071_user_accounts.sql (071_user_accounts)
Applied 072_memory_intents.sql (072_memory_intents)
Applied 073_memory_facts_active_hnsw.sql (073_memory_facts_active_hnsw)
Applied 074_memory_active_hnsw_partials.sql (074_memory_active_hnsw_partials)
Applied 075_operator_signals.sql (075_operator_signals)
Applied 076_judge_reviewer_type.sql (076_judge_reviewer_type)
Applied 077_message_reactions_unique.sql (077_message_reactions_unique)
Applied 078_memory_facts_content_hash_unique.sql (078_memory_facts_content_hash_unique)
Applied 079_guardrail_event_modes.sql (079_guardrail_event_modes)
Applied 080_judge_reviewer_type.sql (080_judge_reviewer_type)
Applied 081_tenant_rls_backstop.sql (081_tenant_rls_backstop)
Applied 082_tenant_rls_app_role.sql (082_tenant_rls_app_role)
Applied 083_rls_global_role_defaults.sql (083_rls_global_role_defaults)
Applied 084_feature_flags.sql (084_feature_flags)
Applied 085_sso_binding_grants.sql (085_sso_binding_grants)
Applied 086_user_permissions.sql (086_user_permissions)
Applied 087_role_permission_guardrails.sql (087_role_permission_guardrails)
Applied 088_member_role_read_only.sql (088_member_role_read_only)
Applied 089_face_identities.sql (089_face_identities)
Applied 092_memory_access_rollup.sql (092_memory_access_rollup)
Applied 093_memory_write_jobs.sql (093_memory_write_jobs)
Applied 094_memory_decay_shadow.sql (094_memory_decay_shadow)
Applied 095_memory_bitemporal.sql (095_memory_bitemporal)
Applied 096_memory_block_budget.sql (096_memory_block_budget)
Applied 097_trigger_type_channel_event.sql (097_trigger_type_channel_event)
Applied 098_tenant_column_defaults.sql (098_tenant_column_defaults)
Applied 099_notification_types.sql (099_notification_types)
Applied 100_run_verification.sql (100_run_verification)
Applied 102_agent_reviews_nullable_rating.sql (102_agent_reviews_nullable_rating)
Applied 103_benchmark_pass_rate_truth.sql (103_benchmark_pass_rate_truth)
Applied 104_benchmark_sandbox_tenant.sql (104_benchmark_sandbox_tenant)
Applied 105_agent_messages.sql (105_agent_messages)
Applied 106_workflow_approvals.sql (106_workflow_approvals)
Applied 107_seed_service_role.sql (107_seed_service_role)
Applied 108_run_resume_attempts.sql (108_run_resume_attempts)
Applied 109_facts_entities_lower_gin.sql (109_facts_entities_lower_gin)
Applied 110_tool_event_error_message.sql (110_tool_event_error_message)
Applied 111_drop_shadowing_ann_index.sql (111_drop_shadowing_ann_index)
Applied 112_federation_principals.sql (112_federation_principals)
Applied 113_add_do_not_contact.sql (113_add_do_not_contact)
Applied 114_local_login.sql (114_local_login)
Applied 115_backfill_sandbox_denied_error_type.sql (115_backfill_sandbox_denied_error_type)
Applied 116_benchmark_digest_notification_type.sql (116_benchmark_digest_notification_type)
Applied 117_agent_questions.sql (117_agent_questions)
Applied 118_user_channel_identities.sql (118_user_channel_identities)
Applied 119_workflow_step_timeout.sql (119_workflow_step_timeout)
Applied 120_tenant_rls_cover_new_tables.sql (120_tenant_rls_cover_new_tables)
Applied 121_channel_conversation_refs.sql (121_channel_conversation_refs)
Applied 122_trigger_type_channel.sql (122_trigger_type_channel)
Applied 123_agent_run_task_text.sql (123_agent_run_task_text)
Applied 124_guardrail_context_overflow.sql (124_guardrail_context_overflow)
Applied 125_agent_run_step_batch.sql (125_agent_run_step_batch)
Applied 126_calendar_operations.sql (126_calendar_operations)
Applied 126_durable_operations.sql (126_durable_operations)
Applied 126_goal_pursuit.sql (126_goal_pursuit)
Applied 127_autonomous_execution.sql (127_autonomous_execution)
Applied 127_sales_intelligence.sql (127_sales_intelligence)
Applied 128_autonomy_resource_descriptors.sql (128_autonomy_resource_descriptors)
Applied 128_sales_business_observations.sql (128_sales_business_observations)
Applied 129_autonomy_workflows.sql (129_autonomy_workflows)
Applied 129_sales_binding_repair.sql (129_sales_binding_repair)
Applied 130_autonomy_request_context.sql (130_autonomy_request_context)
Applied 130_sales_deployments.sql (130_sales_deployments)
Applied 131_autonomy_enrollments.sql (131_autonomy_enrollments)
Applied 131_sales_calibration.sql (131_sales_calibration)
Applied 132_autonomy_enrollment_rls.sql (132_autonomy_enrollment_rls)
Applied 132_sales_research_delegation.sql (132_sales_research_delegation)
Applied 133_autonomy_terms_audit.sql (133_autonomy_terms_audit)
Applied 133_operation_fragments.sql (133_operation_fragments)
Applied 134_autonomy_material_documents.sql (134_autonomy_material_documents)
Applied 134_web_render_permission.sql (134_web_render_permission)
Applied 135_sales_requests.sql (135_sales_requests)
Applied 136_sales_pipedrive_scope.sql (136_sales_pipedrive_scope)
Applied 137_sales_analyst_permissions.sql (137_sales_analyst_permissions)
Applied 127_runtime_contract.sql (127_runtime_contract)
Applied 138_goal_provider_reservations.sql (138_goal_provider_reservations)
Applied 139_goal_task_family_controls.sql (139_goal_task_family_controls)
Applied 140_chat_approval_receipts.sql (140_chat_approval_receipts)
Applied 141_runtime_effects.sql (141_runtime_effects)
Applied 142_goal_effect_lookup.sql (142_goal_effect_lookup)
Nothing to apply.
POPULATED_UPGRADE {"added_migrations": ["127_runtime_contract", "138_goal_provider_reservations", "139_goal_task_family_controls", "140_chat_approval_receipts", "141_runtime_effects", "142_goal_effect_lookup"], "preserved_tables": ["chat_sessions", "crm_tasks", "goal_pursuit_settings", "pursuit_goals", "pursuit_goal_tasks", "pursuit_goal_history", "pursuit_goal_attempts", "agent_runs", "agent_run_steps", "agent_run_checkpoints", "calendar_operations"], "repeat_apply_noop": true, "blocked_ancestor_denies_linked_task": true, "ordinary_task_runnable": true, "legacy_runtime_identity_added": true, "existing_approval_receipt_preserved": true}
BASELINE_DISPATCH_OUTPUT {"stdout": "DISPATCH_SAMPLE {\"index\": 0, \"warmup\": true, \"duration_ms\": 93.87684399553109, \"verified\": true, \"inclusive_stages\": []}\nDISPATCH_SAMPLE {\"index\": 1, \"warmup\": false, \"duration_ms\": 2.431916000205092, \"verified\": true, \"inclusive_stages\": []}\nDISPATCH_SAMPLE {\"index\": 2, \"warmup\": false, \"duration_ms\": 2.086120002786629, \"verified\": true, \"inclusive_stages\": []}\nDISPATCH_SAMPLE {\"index\": 3, \"warmup\": false, \"duration_ms\": 1.755876000970602, \"verified\": true, \"inclusive_stages\": []}\nDISPATCH_SAMPLE {\"index\": 4, \"warmup\": false, \"duration_ms\": 2.079303994833026, \"verified\": true, \"inclusive_stages\": []}\nDISPATCH_SAMPLE {\"index\": 5, \"warmup\": false, \"duration_ms\": 1.9449350002105348, \"verified\": true, \"inclusive_stages\": []}\nDISPATCH_SAMPLE {\"index\": 6, \"warmup\": false, \"duration_ms\": 2.0482640029513277, \"verified\": true, \"inclusive_stages\": []}\nDISPATCH_SAMPLE {\"index\": 7, \"warmup\": false, \"duration_ms\": 1.2081250024493784, \"verified\": true, \"inclusive_stages\": []}\nDISPATCH_SAMPLE {\"index\": 8, \"warmup\": false, \"duration_ms\": 2.4150989993358962, \"verified\": true, \"inclusive_stages\": []}\nDISPATCH_SAMPLE {\"index\": 9, \"warmup\": false, \"duration_ms\": 1.9713340007001534, \"verified\": true, \"inclusive_stages\": []}\nDISPATCH_SAMPLE {\"index\": 10, \"warmup\": false, \"duration_ms\": 1.5218420012388378, \"verified\": true, \"inclusive_stages\": []}\nDISPATCH_SAMPLE {\"index\": 11, \"warmup\": false, \"duration_ms\": 2.317850994586479, \"verified\": true, \"inclusive_stages\": []}\nDISPATCH_SAMPLE {\"index\": 12, \"warmup\": false, \"duration_ms\": 2.4491799995303154, \"verified\": true, \"inclusive_stages\": []}\nDISPATCH_SAMPLE {\"index\": 13, \"warmup\": false, \"duration_ms\": 1.818116994400043, \"verified\": true, \"inclusive_stages\": []}\nDISPATCH_SAMPLE {\"index\": 14, \"warmup\": false, \"duration_ms\": 1.2683020031545311, \"verified\": true, \"inclusive_stages\": []}\nDISPATCH_SAMPLE {\"index\": 15, \"warmup\": false, \"duration_ms\": 2.342651001526974, \"verified\": true, \"inclusive_stages\": []}\nDISPATCH_SAMPLE {\"index\": 16, \"warmup\": false, \"duration_ms\": 3.402566995646339, \"verified\": true, \"inclusive_stages\": []}\nDISPATCH_SAMPLE {\"index\": 17, \"warmup\": false, \"duration_ms\": 3.73972300440073, \"verified\": true, \"inclusive_stages\": []}\nDISPATCH_SAMPLE {\"index\": 18, \"warmup\": false, \"duration_ms\": 1.4122559950919822, \"verified\": true, \"inclusive_stages\": []}\nDISPATCH_SAMPLE {\"index\": 19, \"warmup\": false, \"duration_ms\": 1.3962879966129549, \"verified\": true, \"inclusive_stages\": []}\nDISPATCH_SAMPLE {\"index\": 20, \"warmup\": false, \"duration_ms\": 0.919386999157723, \"verified\": true, \"inclusive_stages\": []}\nDISPATCH_SAMPLE {\"index\": 21, \"warmup\": false, \"duration_ms\": 0.8728259999770671, \"verified\": true, \"inclusive_stages\": []}\nDISPATCH_SAMPLE {\"index\": 22, \"warmup\": false, \"duration_ms\": 1.3396950016613118, \"verified\": true, \"inclusive_stages\": []}\nDISPATCH_SAMPLE {\"index\": 23, \"warmup\": false, \"duration_ms\": 0.7863290011300705, \"verified\": true, \"inclusive_stages\": []}\nDISPATCH_SAMPLE {\"index\": 24, \"warmup\": false, \"duration_ms\": 1.1107010068371892, \"verified\": true, \"inclusive_stages\": []}\nDISPATCH_SAMPLE {\"index\": 25, \"warmup\": false, \"duration_ms\": 0.6553510029334575, \"verified\": true, \"inclusive_stages\": []}\nDISPATCH_SAMPLE {\"index\": 26, \"warmup\": false, \"duration_ms\": 0.7347599967033602, \"verified\": true, \"inclusive_stages\": []}\nDISPATCH_SAMPLE {\"index\": 27, \"warmup\": false, \"duration_ms\": 1.104508999560494, \"verified\": true, \"inclusive_stages\": []}\nDISPATCH_SAMPLE {\"index\": 28, \"warmup\": false, \"duration_ms\": 0.9016910044010729, \"verified\": true, \"inclusive_stages\": []}\nDISPATCH_SAMPLE {\"index\": 29, \"warmup\": false, \"duration_ms\": 1.2034699975629337, \"verified\": true, \"inclusive_stages\": []}\nDISPATCH_SAMPLE {\"index\": 30, \"warmup\": false, \"duration_ms\": 0.7573050024802797, \"verified\": true, \"inclusive_stages\": []}\n", "stderr": "<string>:30: DeprecationWarning: 'asyncio.iscoroutinefunction' is deprecated and slated for removal in Python 3.16; use inspect.iscoroutinefunction() instead\n"}
CURRENT_DISPATCH_OUTPUT {"stdout": "DISPATCH_SAMPLE {\"index\": 0, \"warmup\": true, \"duration_ms\": 65.61859700013883, \"verified\": true, \"inclusive_stages\": [{\"stage\": \"runtime_denial\", \"ms\": 6.537723005749285}, {\"stage\": \"effect_begin\", \"ms\": 1.252798996574711}, {\"stage\": \"runtime_denial\", \"ms\": 0.5217500001890585}, {\"stage\": \"effect_mark_dispatched\", \"ms\": 0.4239250047248788}, {\"stage\": \"business_handler\", \"ms\": 46.61346600187244}, {\"stage\": \"effect_finish\", \"ms\": 1.2768949964083731}, {\"stage\": \"effect_read\", \"ms\": 0.543237998499535}, {\"stage\": \"effect_read\", \"ms\": 0.5499260005308315}, {\"stage\": \"crm_readback\", \"ms\": 1.1651820022962056}, {\"stage\": \"effect_resolve\", \"ms\": 2.450300002237782}, {\"stage\": \"effect_read\", \"ms\": 0.4349330047261901}, {\"stage\": \"receipt_recovery\", \"ms\": 3.4388709973427467}]}\nDISPATCH_SAMPLE {\"index\": 1, \"warmup\": false, \"duration_ms\": 4.308625000703614, \"verified\": true, \"inclusive_stages\": [{\"stage\": \"runtime_denial\", \"ms\": 0.8087449969025329}, {\"stage\": \"effect_begin\", \"ms\": 0.5212700052652508}, {\"stage\": \"runtime_denial\", \"ms\": 0.41581299592508003}, {\"stage\": \"effect_mark_dispatched\", \"ms\": 0.20123399735894054}, {\"stage\": \"business_handler\", \"ms\": 0.7385529970633797}, {\"stage\": \"effect_finish\", \"ms\": 0.2568030031397939}, {\"stage\": \"effect_read\", \"ms\": 0.19995400361949578}, {\"stage\": \"effect_read\", \"ms\": 0.14926600124454126}, {\"stage\": \"crm_readback\", \"ms\": 0.19009799871128052}, {\"stage\": \"effect_resolve\", \"ms\": 0.5601509983534925}, {\"stage\": \"effect_read\", \"ms\": 0.20235400006640702}, {\"stage\": \"receipt_recovery\", \"ms\": 0.9666190017014742}]}\nDISPATCH_SAMPLE {\"index\": 2, \"warmup\": false, \"duration_ms\": 3.4212239988846704, \"verified\": true, \"inclusive_stages\": [{\"stage\": \"runtime_denial\", \"ms\": 0.4435090013430454}, {\"stage\": \"effect_begin\", \"ms\": 0.4290129945729859}, {\"stage\": \"runtime_denial\", \"ms\": 0.3564200014807284}, {\"stage\": \"effect_mark_dispatched\", \"ms\": 0.16334599786205217}, {\"stage\": \"business_handler\", \"ms\": 0.5653019979945384}, {\"stage\": \"effect_finish\", \"ms\": 0.23865899856900796}, {\"stage\": \"effect_read\", \"ms\": 0.18913800158770755}, {\"stage\": \"effect_read\", \"ms\": 0.19707399769686162}, {\"stage\": \"crm_readback\", \"ms\": 0.1820499965106137}, {\"stage\": \"effect_resolve\", \"ms\": 0.5685340001946315}, {\"stage\": \"effect_read\", \"ms\": 0.15945799532346427}, {\"stage\": \"receipt_recovery\", \"ms\": 0.920121994568035}]}\nDISPATCH_SAMPLE {\"index\": 3, \"warmup\": false, \"duration_ms\": 4.14937599998666, \"verified\": true, \"inclusive_stages\": [{\"stage\": \"runtime_denial\", \"ms\": 0.3962929986300878}, {\"stage\": \"effect_begin\", \"ms\": 0.37253300251904875}, {\"stage\": \"runtime_denial\", \"ms\": 0.34518800384830683}, {\"stage\": \"effect_mark_dispatched\", \"ms\": 0.18699399515753612}, {\"stage\": \"business_handler\", \"ms\": 1.0634370046318509}, {\"stage\": \"effect_finish\", \"ms\": 0.2937160024885088}, {\"stage\": \"effect_read\", \"ms\": 0.2719550029723905}, {\"stage\": \"effect_read\", \"ms\": 0.20209899957990274}, {\"stage\": \"crm_readback\", \"ms\": 0.29360299959080294}, {\"stage\": \"effect_resolve\", \"ms\": 0.6800240007578395}, {\"stage\": \"effect_read\", \"ms\": 0.1944030009326525}, {\"stage\": \"receipt_recovery\", \"ms\": 1.148669995018281}]}\nDISPATCH_SAMPLE {\"index\": 4, \"warmup\": false, \"duration_ms\": 3.6450499974307604, \"verified\": true, \"inclusive_stages\": [{\"stage\": \"runtime_denial\", \"ms\": 0.36621199978981167}, {\"stage\": \"effect_begin\", \"ms\": 0.4121809979551472}, {\"stage\": \"runtime_denial\", \"ms\": 0.3224200045224279}, {\"stage\": \"effect_mark_dispatched\", \"ms\": 0.14190499496180564}, {\"stage\": \"business_handler\", \"ms\": 1.035756002238486}, {\"stage\": \"effect_finish\", \"ms\": 0.27802000113297254}, {\"stage\": \"effect_read\", \"ms\": 0.17259400192415342}, {\"stage\": \"effect_read\", \"ms\": 0.18385799921816215}, {\"stage\": \"crm_readback\", \"ms\": 0.13014599971938878}, {\"stage\": \"effect_resolve\", \"ms\": 0.4872379940934479}, {\"stage\": \"effect_read\", \"ms\": 0.11081699631176889}, {\"stage\": \"receipt_recovery\", \"ms\": 0.7727449992671609}]}\nDISPATCH_SAMPLE {\"index\": 5, \"warmup\": false, \"duration_ms\": 3.821371996309608, \"verified\": true, \"inclusive_stages\": [{\"stage\": \"runtime_denial\", \"ms\": 0.36998800351284444}, {\"stage\": \"effect_begin\", \"ms\": 0.3525479987729341}, {\"stage\": \"runtime_denial\", \"ms\": 0.43522100168047473}, {\"stage\": \"effect_mark_dispatched\", \"ms\": 0.20797100296476856}, {\"stage\": \"business_handler\", \"ms\": 1.0054839949589223}, {\"stage\": \"effect_finish\", \"ms\": 0.23190699721453711}, {\"stage\": \"effect_read\", \"ms\": 0.17529800243210047}, {\"stage\": \"effect_read\", \"ms\": 0.15987300139386207}, {\"stage\": \"crm_readback\", \"ms\": 0.1386419971822761}, {\"stage\": \"effect_resolve\", \"ms\": 0.5269339962978847}, {\"stage\": \"effect_read\", \"ms\": 0.19739400158869103}, {\"stage\": \"receipt_recovery\", \"ms\": 0.9030820001498796}]}\nDISPATCH_SAMPLE {\"index\": 6, \"warmup\": false, \"duration_ms\": 3.85674800054403, \"verified\": true, \"inclusive_stages\": [{\"stage\": \"runtime_denial\", \"ms\": 0.4409649991430342}, {\"stage\": \"effect_begin\", \"ms\": 0.38110799505375326}, {\"stage\": \"runtime_denial\", \"ms\": 0.3303080011392012}, {\"stage\": \"effect_mark_dispatched\", \"ms\": 0.19576200429582968}, {\"stage\": \"business_handler\", \"ms\": 0.9756590006873012}, {\"stage\": \"effect_finish\", \"ms\": 0.19048199465032667}, {\"stage\": \"effect_read\", \"ms\": 0.13955400208942592}, {\"stage\": \"effect_read\", \"ms\": 0.17689800006337464}, {\"stage\": \"crm_readback\", \"ms\": 0.2541470021242276}, {\"stage\": \"effect_resolve\", \"ms\": 0.6537350054713897}, {\"stage\": \"effect_read\", \"ms\": 0.18854699737858027}, {\"stage\": \"receipt_recovery\", \"ms\": 0.9843799998634495}]}\nDISPATCH_SAMPLE {\"index\": 7, \"warmup\": false, \"duration_ms\": 3.477512000245042, \"verified\": true, \"inclusive_stages\": [{\"stage\": \"runtime_denial\", \"ms\": 0.3557640011422336}, {\"stage\": \"effect_begin\", \"ms\": 0.3534759962349199}, {\"stage\": \"runtime_denial\", \"ms\": 0.32526799623155966}, {\"stage\": \"effect_mark_dispatched\", \"ms\": 0.1756979982019402}, {\"stage\": \"business_handler\", \"ms\": 0.8998190023703501}, {\"stage\": \"effect_finish\", \"ms\": 0.210066995350644}, {\"stage\": \"effect_read\", \"ms\": 0.13955400208942592}, {\"stage\": \"effect_read\", \"ms\": 0.14748999819858}, {\"stage\": \"crm_readback\", \"ms\": 0.11864100088132545}, {\"stage\": \"effect_resolve\", \"ms\": 0.5084860022179782}, {\"stage\": \"effect_read\", \"ms\": 0.17854600446298718}, {\"stage\": \"receipt_recovery\", \"ms\": 0.8287300006486475}]}\nDISPATCH_SAMPLE {\"index\": 8, \"warmup\": false, \"duration_ms\": 6.101733997638803, \"verified\": true, \"inclusive_stages\": [{\"stage\": \"runtime_denial\", \"ms\": 1.174286000605207}, {\"stage\": \"effect_begin\", \"ms\": 0.9756110011949204}, {\"stage\": \"runtime_denial\", \"ms\": 0.8344569941982627}, {\"stage\": \"effect_mark_dispatched\", \"ms\": 0.2669629975571297}, {\"stage\": \"business_handler\", \"ms\": 0.9101379982894287}, {\"stage\": \"effect_finish\", \"ms\": 0.3092520055361092}, {\"stage\": \"effect_read\", \"ms\": 0.1838590033003129}, {\"stage\": \"effect_read\", \"ms\": 0.13665699952980503}, {\"stage\": \"crm_readback\", \"ms\": 0.19777799752773717}, {\"stage\": \"effect_resolve\", \"ms\": 0.5288379979901947}, {\"stage\": \"effect_read\", \"ms\": 0.20835400209762156}, {\"stage\": \"receipt_recovery\", \"ms\": 0.9247150010196492}]}\nDISPATCH_SAMPLE {\"index\": 9, \"warmup\": false, \"duration_ms\": 3.3725670000421815, \"verified\": true, \"inclusive_stages\": [{\"stage\": \"runtime_denial\", \"ms\": 0.4372530020191334}, {\"stage\": \"effect_begin\", \"ms\": 0.380883997422643}, {\"stage\": \"runtime_denial\", \"ms\": 0.3479879960650578}, {\"stage\": \"effect_mark_dispatched\", \"ms\": 0.23555400548502803}, {\"stage\": \"business_handler\", \"ms\": 0.5154300015419722}, {\"stage\": \"effect_finish\", \"ms\": 0.23016300110612065}, {\"stage\": \"effect_read\", \"ms\": 0.17326599481748417}, {\"stage\": \"effect_read\", \"ms\": 0.14427399582928047}, {\"stage\": \"crm_readback\", \"ms\": 0.16961799701675773}, {\"stage\": \"effect_resolve\", \"ms\": 0.5616070047835819}, {\"stage\": \"effect_read\", \"ms\": 0.18061000446323305}, {\"stage\": \"receipt_recovery\", \"ms\": 0.9180589986499399}]}\nDISPATCH_SAMPLE {\"index\": 10, \"warmup\": false, \"duration_ms\": 3.2859580023796298, \"verified\": true, \"inclusive_stages\": [{\"stage\": \"runtime_denial\", \"ms\": 0.4033479999634437}, {\"stage\": \"effect_begin\", \"ms\": 0.46632500016130507}, {\"stage\": \"runtime_denial\", \"ms\": 0.3841639991151169}, {\"stage\": \"effect_mark_dispatched\", \"ms\": 0.1836340015870519}, {\"stage\": \"business_handler\", \"ms\": 0.47173400525934994}, {\"stage\": \"effect_finish\", \"ms\": 0.23081900144461542}, {\"stage\": \"effect_read\", \"ms\": 0.20144200243521482}, {\"stage\": \"effect_read\", \"ms\": 0.1538579963380471}, {\"stage\": \"crm_readback\", \"ms\": 0.12200199853396043}, {\"stage\": \"effect_resolve\", \"ms\": 0.4629659961210564}, {\"stage\": \"effect_read\", \"ms\": 0.21288200514391065}, {\"stage\": \"receipt_recovery\", \"ms\": 0.8794020031928085}]}\nDISPATCH_SAMPLE {\"index\": 11, \"warmup\": false, \"duration_ms\": 5.397310997068416, \"verified\": true, \"inclusive_stages\": [{\"stage\": \"runtime_denial\", \"ms\": 1.135820995841641}, {\"stage\": \"effect_begin\", \"ms\": 1.0722849983721972}, {\"stage\": \"runtime_denial\", \"ms\": 0.38366900116670877}, {\"stage\": \"effect_mark_dispatched\", \"ms\": 0.18065800395561382}, {\"stage\": \"business_handler\", \"ms\": 0.5061179981566966}, {\"stage\": \"effect_finish\", \"ms\": 0.481846000184305}, {\"stage\": \"effect_read\", \"ms\": 0.27001900161849335}, {\"stage\": \"effect_read\", \"ms\": 0.18108999938704073}, {\"stage\": \"crm_readback\", \"ms\": 0.14576200192095712}, {\"stage\": \"effect_resolve\", \"ms\": 0.6185669990372844}, {\"stage\": \"effect_read\", \"ms\": 0.25867499789455906}, {\"stage\": \"receipt_recovery\", \"ms\": 1.15239700244274}]}\nDISPATCH_SAMPLE {\"index\": 12, \"warmup\": false, \"duration_ms\": 4.108430999622215, \"verified\": true, \"inclusive_stages\": [{\"stage\": \"runtime_denial\", \"ms\": 1.1131319988635369}, {\"stage\": \"effect_begin\", \"ms\": 0.5320860000210814}, {\"stage\": \"runtime_denial\", \"ms\": 0.3583880024962127}, {\"stage\": \"effect_mark_dispatched\", \"ms\": 0.1787859946489334}, {\"stage\": \"business_handler\", \"ms\": 0.5054299981566146}, {\"stage\": \"effect_finish\", \"ms\": 0.20529899484245107}, {\"stage\": \"effect_read\", \"ms\": 0.15766599972266704}, {\"stage\": \"effect_read\", \"ms\": 0.1783539992175065}, {\"stage\": \"crm_readback\", \"ms\": 0.18232200091006234}, {\"stage\": \"effect_resolve\", \"ms\": 0.5614619949483313}, {\"stage\": \"effect_read\", \"ms\": 0.16371400124626234}, {\"stage\": \"receipt_recovery\", \"ms\": 0.8860579982865602}]}\nDISPATCH_SAMPLE {\"index\": 13, \"warmup\": false, \"duration_ms\": 4.874327998550143, \"verified\": true, \"inclusive_stages\": [{\"stage\": \"runtime_denial\", \"ms\": 0.9813389988266863}, {\"stage\": \"effect_begin\", \"ms\": 1.1511170014273375}, {\"stage\": \"runtime_denial\", \"ms\": 0.4380530008347705}, {\"stage\": \"effect_mark_dispatched\", \"ms\": 0.16494599549332634}, {\"stage\": \"business_handler\", \"ms\": 0.47294999967562035}, {\"stage\": \"effect_finish\", \"ms\": 0.15793799684615806}, {\"stage\": \"effect_read\", \"ms\": 0.13616099749924615}, {\"stage\": \"effect_read\", \"ms\": 0.13724900054512545}, {\"stage\": \"crm_readback\", \"ms\": 0.1327540012425743}, {\"stage\": \"effect_resolve\", \"ms\": 0.46154099982231855}, {\"stage\": \"effect_read\", \"ms\": 0.21438599651446566}, {\"stage\": \"receipt_recovery\", \"ms\": 0.8165210019797087}]}\nDISPATCH_SAMPLE {\"index\": 14, \"warmup\": false, \"duration_ms\": 6.45095400250284, \"verified\": true, \"inclusive_stages\": [{\"stage\": \"runtime_denial\", \"ms\": 1.4218569995136932}, {\"stage\": \"effect_begin\", \"ms\": 0.9972600018954836}, {\"stage\": \"runtime_denial\", \"ms\": 0.5951589992037043}, {\"stage\": \"effect_mark_dispatched\", \"ms\": 0.1703060042927973}, {\"stage\": \"business_handler\", \"ms\": 0.8488259991281666}, {\"stage\": \"effect_finish\", \"ms\": 0.17673800175543875}, {\"stage\": \"effect_read\", \"ms\": 0.16294600209221244}, {\"stage\": \"effect_read\", \"ms\": 0.13977799972053617}, {\"stage\": \"crm_readback\", \"ms\": 0.28457900043576956}, {\"stage\": \"effect_resolve\", \"ms\": 0.7248399997479282}, {\"stage\": \"effect_read\", \"ms\": 0.14837000344414264}, {\"stage\": \"receipt_recovery\", \"ms\": 1.0399640013929456}]}\nDISPATCH_SAMPLE {\"index\": 15, \"warmup\": false, \"duration_ms\": 4.947544999595266, \"verified\": true, \"inclusive_stages\": [{\"stage\": \"runtime_denial\", \"ms\": 1.506081003753934}, {\"stage\": \"effect_begin\", \"ms\": 0.7105039985617623}, {\"stage\": \"runtime_denial\", \"ms\": 0.40134900336852297}, {\"stage\": \"effect_mark_dispatched\", \"ms\": 0.17240200395463035}, {\"stage\": \"business_handler\", \"ms\": 0.5128699995111674}, {\"stage\": \"effect_finish\", \"ms\": 0.248226999246981}, {\"stage\": \"effect_read\", \"ms\": 0.18323399854125455}, {\"stage\": \"effect_read\", \"ms\": 0.13878600293537602}, {\"stage\": \"crm_readback\", \"ms\": 0.18740999803412706}, {\"stage\": \"effect_resolve\", \"ms\": 0.49322199629386887}, {\"stage\": \"effect_read\", \"ms\": 0.14616199769079685}, {\"stage\": \"receipt_recovery\", \"ms\": 0.826186005724594}]}\nDISPATCH_SAMPLE {\"index\": 16, \"warmup\": false, \"duration_ms\": 3.2677499984856695, \"verified\": true, \"inclusive_stages\": [{\"stage\": \"runtime_denial\", \"ms\": 0.34035599674098194}, {\"stage\": \"effect_begin\", \"ms\": 0.34965200029546395}, {\"stage\": \"runtime_denial\", \"ms\": 0.42403700354043394}, {\"stage\": \"effect_mark_dispatched\", \"ms\": 0.37882000469835475}, {\"stage\": \"business_handler\", \"ms\": 0.400787997932639}, {\"stage\": \"effect_finish\", \"ms\": 0.17084999853977934}, {\"stage\": \"effect_read\", \"ms\": 0.17172899970319122}, {\"stage\": \"effect_read\", \"ms\": 0.23467500432161614}, {\"stage\": \"crm_readback\", \"ms\": 0.14195399853633717}, {\"stage\": \"effect_resolve\", \"ms\": 0.5691749975085258}, {\"stage\": \"effect_read\", \"ms\": 0.21592299890471622}, {\"stage\": \"receipt_recovery\", \"ms\": 0.959195000177715}]}\nDISPATCH_SAMPLE {\"index\": 17, \"warmup\": false, \"duration_ms\": 3.136068000458181, \"verified\": true, \"inclusive_stages\": [{\"stage\": \"runtime_denial\", \"ms\": 0.3992849960923195}, {\"stage\": \"effect_begin\", \"ms\": 0.4236370004946366}, {\"stage\": \"runtime_denial\", \"ms\": 0.35352399572730064}, {\"stage\": \"effect_mark_dispatched\", \"ms\": 0.16161699750227854}, {\"stage\": \"business_handler\", \"ms\": 0.5030449974583462}, {\"stage\": \"effect_finish\", \"ms\": 0.24416299856966361}, {\"stage\": \"effect_read\", \"ms\": 0.18060999718727544}, {\"stage\": \"effect_read\", \"ms\": 0.15675399481551722}, {\"stage\": \"crm_readback\", \"ms\": 0.14224099868442863}, {\"stage\": \"effect_resolve\", \"ms\": 0.43522100168047473}, {\"stage\": \"effect_read\", \"ms\": 0.1811700058169663}, {\"stage\": \"receipt_recovery\", \"ms\": 0.7998170040082186}]}\nDISPATCH_SAMPLE {\"index\": 18, \"warmup\": false, \"duration_ms\": 4.014414000266697, \"verified\": true, \"inclusive_stages\": [{\"stage\": \"runtime_denial\", \"ms\": 1.1045239953091368}, {\"stage\": \"effect_begin\", \"ms\": 0.6086790017434396}, {\"stage\": \"runtime_denial\", \"ms\": 0.37725199945271015}, {\"stage\": \"effect_mark_dispatched\", \"ms\": 0.1795860007405281}, {\"stage\": \"business_handler\", \"ms\": 0.4147569998167455}, {\"stage\": \"effect_finish\", \"ms\": 0.17689800006337464}, {\"stage\": \"effect_read\", \"ms\": 0.1505129985162057}, {\"stage\": \"effect_read\", \"ms\": 0.13531400327337906}, {\"stage\": \"crm_readback\", \"ms\": 0.130817003082484}, {\"stage\": \"effect_resolve\", \"ms\": 0.42755699541885406}, {\"stage\": \"effect_read\", \"ms\": 0.1518420031061396}, {\"stage\": \"receipt_recovery\", \"ms\": 0.7334799956879579}]}\nDISPATCH_SAMPLE {\"index\": 19, \"warmup\": false, \"duration_ms\": 2.77393600117648, \"verified\": true, \"inclusive_stages\": [{\"stage\": \"runtime_denial\", \"ms\": 0.3178430051775649}, {\"stage\": \"effect_begin\", \"ms\": 0.3813799994532019}, {\"stage\": \"runtime_denial\", \"ms\": 0.2722119970712811}, {\"stage\": \"effect_mark_dispatched\", \"ms\": 0.2228820012533106}, {\"stage\": \"business_handler\", \"ms\": 0.36739699862664565}, {\"stage\": \"effect_finish\", \"ms\": 0.17222599853994325}, {\"stage\": \"effect_read\", \"ms\": 0.21017899416619912}, {\"stage\": \"effect_read\", \"ms\": 0.18497800192562863}, {\"stage\": \"crm_readback\", \"ms\": 0.16389000666094944}, {\"stage\": \"effect_resolve\", \"ms\": 0.5298300020513125}, {\"stage\": \"effect_read\", \"ms\": 0.13628900342155248}, {\"stage\": \"receipt_recovery\", \"ms\": 0.8786499965935946}]}\nDISPATCH_SAMPLE {\"index\": 20, \"warmup\": false, \"duration_ms\": 5.810914997709915, \"verified\": true, \"inclusive_stages\": [{\"stage\": \"runtime_denial\", \"ms\": 0.42184499761788175}, {\"stage\": \"effect_begin\", \"ms\": 0.38872399454703555}, {\"stage\": \"runtime_denial\", \"ms\": 0.9260430015274324}, {\"stage\": \"effect_mark_dispatched\", \"ms\": 0.5061499978182837}, {\"stage\": \"business_handler\", \"ms\": 1.0379160012234934}, {\"stage\": \"effect_finish\", \"ms\": 0.5082619973109104}, {\"stage\": \"effect_read\", \"ms\": 0.5577339979936369}, {\"stage\": \"effect_read\", \"ms\": 0.3685330011649057}, {\"stage\": \"crm_readback\", \"ms\": 0.1906260004034266}, {\"stage\": \"effect_resolve\", \"ms\": 0.7139930021367036}, {\"stage\": \"effect_read\", \"ms\": 0.16621000395389274}, {\"stage\": \"receipt_recovery\", \"ms\": 1.445056994270999}]}\nDISPATCH_SAMPLE {\"index\": 21, \"warmup\": false, \"duration_ms\": 4.7274300013668835, \"verified\": true, \"inclusive_stages\": [{\"stage\": \"runtime_denial\", \"ms\": 1.1545570014277473}, {\"stage\": \"effect_begin\", \"ms\": 1.052988001902122}, {\"stage\": \"runtime_denial\", \"ms\": 0.36206799995852634}, {\"stage\": \"effect_mark_dispatched\", \"ms\": 0.17533000209368765}, {\"stage\": \"business_handler\", \"ms\": 0.5736229941248894}, {\"stage\": \"effect_finish\", \"ms\": 0.15302599786082283}, {\"stage\": \"effect_read\", \"ms\": 0.13960099749965593}, {\"stage\": \"effect_read\", \"ms\": 0.15627399989170954}, {\"stage\": \"crm_readback\", \"ms\": 0.13001800107304007}, {\"stage\": \"effect_resolve\", \"ms\": 0.5289990003802814}, {\"stage\": \"effect_read\", \"ms\": 0.13675299851456657}, {\"stage\": \"receipt_recovery\", \"ms\": 0.8091290001175366}]}\nDISPATCH_SAMPLE {\"index\": 22, \"warmup\": false, \"duration_ms\": 4.9543450004421175, \"verified\": true, \"inclusive_stages\": [{\"stage\": \"runtime_denial\", \"ms\": 0.4433170033735223}, {\"stage\": \"effect_begin\", \"ms\": 0.6983439961913973}, {\"stage\": \"runtime_denial\", \"ms\": 0.9981719995266758}, {\"stage\": \"effect_mark_dispatched\", \"ms\": 0.569351002923213}, {\"stage\": \"business_handler\", \"ms\": 0.7095760010997765}, {\"stage\": \"effect_finish\", \"ms\": 0.20392300211824477}, {\"stage\": \"effect_read\", \"ms\": 0.21132999972905964}, {\"stage\": \"effect_read\", \"ms\": 0.17133000073954463}, {\"stage\": \"crm_readback\", \"ms\": 0.17925000429386273}, {\"stage\": \"effect_resolve\", \"ms\": 0.5900870019104332}, {\"stage\": \"effect_read\", \"ms\": 0.15035399701446295}, {\"stage\": \"receipt_recovery\", \"ms\": 0.9554989956086501}]}\nDISPATCH_SAMPLE {\"index\": 23, \"warmup\": false, \"duration_ms\": 5.509262999112252, \"verified\": true, \"inclusive_stages\": [{\"stage\": \"runtime_denial\", \"ms\": 0.9929869993356988}, {\"stage\": \"effect_begin\", \"ms\": 0.6507279977086}, {\"stage\": \"runtime_denial\", \"ms\": 0.6163750003906898}, {\"stage\": \"effect_mark_dispatched\", \"ms\": 0.8757710020290688}, {\"stage\": \"business_handler\", \"ms\": 0.5613030007225461}, {\"stage\": \"effect_finish\", \"ms\": 0.2089300032821484}, {\"stage\": \"effect_read\", \"ms\": 0.22684999566990882}, {\"stage\": \"effect_read\", \"ms\": 0.1876659953268245}, {\"stage\": \"crm_readback\", \"ms\": 0.16350600344594568}, {\"stage\": \"effect_resolve\", \"ms\": 0.5283100035740063}, {\"stage\": \"effect_read\", \"ms\": 0.1687379990471527}, {\"stage\": \"receipt_recovery\", \"ms\": 0.9277060016756877}]}\nDISPATCH_SAMPLE {\"index\": 24, \"warmup\": false, \"duration_ms\": 4.046910995384678, \"verified\": true, \"inclusive_stages\": [{\"stage\": \"runtime_denial\", \"ms\": 0.44062899542041123}, {\"stage\": \"effect_begin\", \"ms\": 0.6356879966915585}, {\"stage\": \"runtime_denial\", \"ms\": 0.47421400086022913}, {\"stage\": \"effect_mark_dispatched\", \"ms\": 0.22982700465945527}, {\"stage\": \"business_handler\", \"ms\": 0.6262470051296987}, {\"stage\": \"effect_finish\", \"ms\": 0.3028840001206845}, {\"stage\": \"effect_read\", \"ms\": 0.23870699806138873}, {\"stage\": \"effect_read\", \"ms\": 0.18660999921848997}, {\"stage\": \"crm_readback\", \"ms\": 0.19027399685001}, {\"stage\": \"effect_resolve\", \"ms\": 0.5832390015712008}, {\"stage\": \"effect_read\", \"ms\": 0.1789779998944141}, {\"stage\": \"receipt_recovery\", \"ms\": 1.005147998512257}]}\nDISPATCH_SAMPLE {\"index\": 25, \"warmup\": false, \"duration_ms\": 3.169620998960454, \"verified\": true, \"inclusive_stages\": [{\"stage\": \"runtime_denial\", \"ms\": 0.4006600065622479}, {\"stage\": \"effect_begin\", \"ms\": 0.42338100320193917}, {\"stage\": \"runtime_denial\", \"ms\": 0.35678800486493856}, {\"stage\": \"effect_mark_dispatched\", \"ms\": 0.16467399836983532}, {\"stage\": \"business_handler\", \"ms\": 0.46912499965401366}, {\"stage\": \"effect_finish\", \"ms\": 0.20934700296493247}, {\"stage\": \"effect_read\", \"ms\": 0.18785800057230517}, {\"stage\": \"effect_read\", \"ms\": 0.15515399718424305}, {\"stage\": \"crm_readback\", \"ms\": 0.20878599752904847}, {\"stage\": \"effect_resolve\", \"ms\": 0.5611909946310334}, {\"stage\": \"effect_read\", \"ms\": 0.16235400107689202}, {\"stage\": \"receipt_recovery\", \"ms\": 0.9143150018644519}]}\nDISPATCH_SAMPLE {\"index\": 26, \"warmup\": false, \"duration_ms\": 3.047794998565223, \"verified\": true, \"inclusive_stages\": [{\"stage\": \"runtime_denial\", \"ms\": 0.4332850003265776}, {\"stage\": \"effect_begin\", \"ms\": 0.37507600063690916}, {\"stage\": \"runtime_denial\", \"ms\": 0.3218749989173375}, {\"stage\": \"effect_mark_dispatched\", \"ms\": 0.1738259961712174}, {\"stage\": \"business_handler\", \"ms\": 0.37928399979136884}, {\"stage\": \"effect_finish\", \"ms\": 0.23621099535375834}, {\"stage\": \"effect_read\", \"ms\": 0.1778899968485348}, {\"stage\": \"effect_read\", \"ms\": 0.158017996000126}, {\"stage\": \"crm_readback\", \"ms\": 0.1515220064902678}, {\"stage\": \"effect_resolve\", \"ms\": 0.4736379996757023}, {\"stage\": \"effect_read\", \"ms\": 0.15108899970073253}, {\"stage\": \"receipt_recovery\", \"ms\": 0.8051769982557744}]}\nDISPATCH_SAMPLE {\"index\": 27, \"warmup\": false, \"duration_ms\": 5.304222002450842, \"verified\": true, \"inclusive_stages\": [{\"stage\": \"runtime_denial\", \"ms\": 1.1378220006008632}, {\"stage\": \"effect_begin\", \"ms\": 0.7486489994334988}, {\"stage\": \"runtime_denial\", \"ms\": 0.39141299930633977}, {\"stage\": \"effect_mark_dispatched\", \"ms\": 0.5179419968044385}, {\"stage\": \"business_handler\", \"ms\": 0.7246009990922175}, {\"stage\": \"effect_finish\", \"ms\": 0.403828002163209}, {\"stage\": \"effect_read\", \"ms\": 0.21500999719137326}, {\"stage\": \"effect_read\", \"ms\": 0.13579400547314435}, {\"stage\": \"crm_readback\", \"ms\": 0.1515379990451038}, {\"stage\": \"effect_resolve\", \"ms\": 0.4711899964604527}, {\"stage\": \"effect_read\", \"ms\": 0.14035299682291225}, {\"stage\": \"receipt_recovery\", \"ms\": 0.8303449940285645}]}\nDISPATCH_SAMPLE {\"index\": 28, \"warmup\": false, \"duration_ms\": 8.161181998730171, \"verified\": true, \"inclusive_stages\": [{\"stage\": \"runtime_denial\", \"ms\": 0.7252249997691251}, {\"stage\": \"effect_begin\", \"ms\": 1.2145260043325834}, {\"stage\": \"runtime_denial\", \"ms\": 0.9141059999819845}, {\"stage\": \"effect_mark_dispatched\", \"ms\": 0.5048540042480454}, {\"stage\": \"business_handler\", \"ms\": 1.3296800025273114}, {\"stage\": \"effect_finish\", \"ms\": 0.4829179961234331}, {\"stage\": \"effect_read\", \"ms\": 0.43133299914188683}, {\"stage\": \"effect_read\", \"ms\": 0.45887000305810943}, {\"stage\": \"crm_readback\", \"ms\": 0.4551410020212643}, {\"stage\": \"effect_resolve\", \"ms\": 1.4613929961342365}, {\"stage\": \"effect_read\", \"ms\": 0.5164699978195131}, {\"stage\": \"receipt_recovery\", \"ms\": 2.419420001388062}]}\nDISPATCH_SAMPLE {\"index\": 29, \"warmup\": false, \"duration_ms\": 8.157679003488738, \"verified\": true, \"inclusive_stages\": [{\"stage\": \"runtime_denial\", \"ms\": 0.8290659970953129}, {\"stage\": \"effect_begin\", \"ms\": 1.1528290051501244}, {\"stage\": \"runtime_denial\", \"ms\": 0.8137050026562065}, {\"stage\": \"effect_mark_dispatched\", \"ms\": 0.4748379942611791}, {\"stage\": \"business_handler\", \"ms\": 1.4420490042539313}, {\"stage\": \"effect_finish\", \"ms\": 0.5497029997059144}, {\"stage\": \"effect_read\", \"ms\": 0.4845020011998713}, {\"stage\": \"effect_read\", \"ms\": 0.3879080031765625}, {\"stage\": \"crm_readback\", \"ms\": 0.46326899609994143}, {\"stage\": \"effect_resolve\", \"ms\": 1.3349750006454997}, {\"stage\": \"effect_read\", \"ms\": 0.4942619998473674}, {\"stage\": \"receipt_recovery\", \"ms\": 2.3241550006787293}]}\nDISPATCH_SAMPLE {\"index\": 30, \"warmup\": false, \"duration_ms\": 8.665588000440039, \"verified\": true, \"inclusive_stages\": [{\"stage\": \"runtime_denial\", \"ms\": 0.9661709991632961}, {\"stage\": \"effect_begin\", \"ms\": 1.1349889973644167}, {\"stage\": \"runtime_denial\", \"ms\": 1.0247480022371747}, {\"stage\": \"effect_mark_dispatched\", \"ms\": 0.5450460012070835}, {\"stage\": \"business_handler\", \"ms\": 1.3468800025293604}, {\"stage\": \"effect_finish\", \"ms\": 0.5603909958153963}, {\"stage\": \"effect_read\", \"ms\": 0.4574289996526204}, {\"stage\": \"effect_read\", \"ms\": 0.4444369988050312}, {\"stage\": \"crm_readback\", \"ms\": 0.442117998318281}, {\"stage\": \"effect_resolve\", \"ms\": 1.3877439996576868}, {\"stage\": \"effect_read\", \"ms\": 0.49557400052435696}, {\"stage\": \"receipt_recovery\", \"ms\": 2.352122995944228}]}\n", "stderr": "<string>:30: DeprecationWarning: 'asyncio.iscoroutinefunction' is deprecated and slated for removal in Python 3.16; use inspect.iscoroutinefunction() instead\n"}
CRM_DISPATCH_SCREENING {"baseline_revision": "eea3252b1577e3f51e6d6a6216d6f242fd7ac4a1", "current_revision": "76d3362818f7ed4d29adaf443fd7eb46da5f1637", "measurements": {"baseline": {"samples": [{"index": 0, "warmup": true, "duration_ms": 93.87684399553109, "verified": true, "inclusive_stages": []}, {"index": 1, "warmup": false, "duration_ms": 2.431916000205092, "verified": true, "inclusive_stages": []}, {"index": 2, "warmup": false, "duration_ms": 2.086120002786629, "verified": true, "inclusive_stages": []}, {"index": 3, "warmup": false, "duration_ms": 1.755876000970602, "verified": true, "inclusive_stages": []}, {"index": 4, "warmup": false, "duration_ms": 2.079303994833026, "verified": true, "inclusive_stages": []}, {"index": 5, "warmup": false, "duration_ms": 1.9449350002105348, "verified": true, "inclusive_stages": []}, {"index": 6, "warmup": false, "duration_ms": 2.0482640029513277, "verified": true, "inclusive_stages": []}, {"index": 7, "warmup": false, "duration_ms": 1.2081250024493784, "verified": true, "inclusive_stages": []}, {"index": 8, "warmup": false, "duration_ms": 2.4150989993358962, "verified": true, "inclusive_stages": []}, {"index": 9, "warmup": false, "duration_ms": 1.9713340007001534, "verified": true, "inclusive_stages": []}, {"index": 10, "warmup": false, "duration_ms": 1.5218420012388378, "verified": true, "inclusive_stages": []}, {"index": 11, "warmup": false, "duration_ms": 2.317850994586479, "verified": true, "inclusive_stages": []}, {"index": 12, "warmup": false, "duration_ms": 2.4491799995303154, "verified": true, "inclusive_stages": []}, {"index": 13, "warmup": false, "duration_ms": 1.818116994400043, "verified": true, "inclusive_stages": []}, {"index": 14, "warmup": false, "duration_ms": 1.2683020031545311, "verified": true, "inclusive_stages": []}, {"index": 15, "warmup": false, "duration_ms": 2.342651001526974, "verified": true, "inclusive_stages": []}, {"index": 16, "warmup": false, "duration_ms": 3.402566995646339, "verified": true, "inclusive_stages": []}, {"index": 17, "warmup": false, "duration_ms": 3.73972300440073, "verified": true, "inclusive_stages": []}, {"index": 18, "warmup": false, "duration_ms": 1.4122559950919822, "verified": true, "inclusive_stages": []}, {"index": 19, "warmup": false, "duration_ms": 1.3962879966129549, "verified": true, "inclusive_stages": []}, {"index": 20, "warmup": false, "duration_ms": 0.919386999157723, "verified": true, "inclusive_stages": []}, {"index": 21, "warmup": false, "duration_ms": 0.8728259999770671, "verified": true, "inclusive_stages": []}, {"index": 22, "warmup": false, "duration_ms": 1.3396950016613118, "verified": true, "inclusive_stages": []}, {"index": 23, "warmup": false, "duration_ms": 0.7863290011300705, "verified": true, "inclusive_stages": []}, {"index": 24, "warmup": false, "duration_ms": 1.1107010068371892, "verified": true, "inclusive_stages": []}, {"index": 25, "warmup": false, "duration_ms": 0.6553510029334575, "verified": true, "inclusive_stages": []}, {"index": 26, "warmup": false, "duration_ms": 0.7347599967033602, "verified": true, "inclusive_stages": []}, {"index": 27, "warmup": false, "duration_ms": 1.104508999560494, "verified": true, "inclusive_stages": []}, {"index": 28, "warmup": false, "duration_ms": 0.9016910044010729, "verified": true, "inclusive_stages": []}, {"index": 29, "warmup": false, "duration_ms": 1.2034699975629337, "verified": true, "inclusive_stages": []}, {"index": 30, "warmup": false, "duration_ms": 0.7573050024802797, "verified": true, "inclusive_stages": []}], "p50_ms": 1.46704899816541, "p95_ms": 2.9735428473941283, "p95_ci95_ms": [2.342651001526974, 3.73972300440073]}, "current": {"samples": [{"index": 0, "warmup": true, "duration_ms": 65.61859700013883, "verified": true, "inclusive_stages": [{"stage": "runtime_denial", "ms": 6.537723005749285}, {"stage": "effect_begin", "ms": 1.252798996574711}, {"stage": "runtime_denial", "ms": 0.5217500001890585}, {"stage": "effect_mark_dispatched", "ms": 0.4239250047248788}, {"stage": "business_handler", "ms": 46.61346600187244}, {"stage": "effect_finish", "ms": 1.2768949964083731}, {"stage": "effect_read", "ms": 0.543237998499535}, {"stage": "effect_read", "ms": 0.5499260005308315}, {"stage": "crm_readback", "ms": 1.1651820022962056}, {"stage": "effect_resolve", "ms": 2.450300002237782}, {"stage": "effect_read", "ms": 0.4349330047261901}, {"stage": "receipt_recovery", "ms": 3.4388709973427467}]}, {"index": 1, "warmup": false, "duration_ms": 4.308625000703614, "verified": true, "inclusive_stages": [{"stage": "runtime_denial", "ms": 0.8087449969025329}, {"stage": "effect_begin", "ms": 0.5212700052652508}, {"stage": "runtime_denial", "ms": 0.41581299592508003}, {"stage": "effect_mark_dispatched", "ms": 0.20123399735894054}, {"stage": "business_handler", "ms": 0.7385529970633797}, {"stage": "effect_finish", "ms": 0.2568030031397939}, {"stage": "effect_read", "ms": 0.19995400361949578}, {"stage": "effect_read", "ms": 0.14926600124454126}, {"stage": "crm_readback", "ms": 0.19009799871128052}, {"stage": "effect_resolve", "ms": 0.5601509983534925}, {"stage": "effect_read", "ms": 0.20235400006640702}, {"stage": "receipt_recovery", "ms": 0.9666190017014742}]}, {"index": 2, "warmup": false, "duration_ms": 3.4212239988846704, "verified": true, "inclusive_stages": [{"stage": "runtime_denial", "ms": 0.4435090013430454}, {"stage": "effect_begin", "ms": 0.4290129945729859}, {"stage": "runtime_denial", "ms": 0.3564200014807284}, {"stage": "effect_mark_dispatched", "ms": 0.16334599786205217}, {"stage": "business_handler", "ms": 0.5653019979945384}, {"stage": "effect_finish", "ms": 0.23865899856900796}, {"stage": "effect_read", "ms": 0.18913800158770755}, {"stage": "effect_read", "ms": 0.19707399769686162}, {"stage": "crm_readback", "ms": 0.1820499965106137}, {"stage": "effect_resolve", "ms": 0.5685340001946315}, {"stage": "effect_read", "ms": 0.15945799532346427}, {"stage": "receipt_recovery", "ms": 0.920121994568035}]}, {"index": 3, "warmup": false, "duration_ms": 4.14937599998666, "verified": true, "inclusive_stages": [{"stage": "runtime_denial", "ms": 0.3962929986300878}, {"stage": "effect_begin", "ms": 0.37253300251904875}, {"stage": "runtime_denial", "ms": 0.34518800384830683}, {"stage": "effect_mark_dispatched", "ms": 0.18699399515753612}, {"stage": "business_handler", "ms": 1.0634370046318509}, {"stage": "effect_finish", "ms": 0.2937160024885088}, {"stage": "effect_read", "ms": 0.2719550029723905}, {"stage": "effect_read", "ms": 0.20209899957990274}, {"stage": "crm_readback", "ms": 0.29360299959080294}, {"stage": "effect_resolve", "ms": 0.6800240007578395}, {"stage": "effect_read", "ms": 0.1944030009326525}, {"stage": "receipt_recovery", "ms": 1.148669995018281}]}, {"index": 4, "warmup": false, "duration_ms": 3.6450499974307604, "verified": true, "inclusive_stages": [{"stage": "runtime_denial", "ms": 0.36621199978981167}, {"stage": "effect_begin", "ms": 0.4121809979551472}, {"stage": "runtime_denial", "ms": 0.3224200045224279}, {"stage": "effect_mark_dispatched", "ms": 0.14190499496180564}, {"stage": "business_handler", "ms": 1.035756002238486}, {"stage": "effect_finish", "ms": 0.27802000113297254}, {"stage": "effect_read", "ms": 0.17259400192415342}, {"stage": "effect_read", "ms": 0.18385799921816215}, {"stage": "crm_readback", "ms": 0.13014599971938878}, {"stage": "effect_resolve", "ms": 0.4872379940934479}, {"stage": "effect_read", "ms": 0.11081699631176889}, {"stage": "receipt_recovery", "ms": 0.7727449992671609}]}, {"index": 5, "warmup": false, "duration_ms": 3.821371996309608, "verified": true, "inclusive_stages": [{"stage": "runtime_denial", "ms": 0.36998800351284444}, {"stage": "effect_begin", "ms": 0.3525479987729341}, {"stage": "runtime_denial", "ms": 0.43522100168047473}, {"stage": "effect_mark_dispatched", "ms": 0.20797100296476856}, {"stage": "business_handler", "ms": 1.0054839949589223}, {"stage": "effect_finish", "ms": 0.23190699721453711}, {"stage": "effect_read", "ms": 0.17529800243210047}, {"stage": "effect_read", "ms": 0.15987300139386207}, {"stage": "crm_readback", "ms": 0.1386419971822761}, {"stage": "effect_resolve", "ms": 0.5269339962978847}, {"stage": "effect_read", "ms": 0.19739400158869103}, {"stage": "receipt_recovery", "ms": 0.9030820001498796}]}, {"index": 6, "warmup": false, "duration_ms": 3.85674800054403, "verified": true, "inclusive_stages": [{"stage": "runtime_denial", "ms": 0.4409649991430342}, {"stage": "effect_begin", "ms": 0.38110799505375326}, {"stage": "runtime_denial", "ms": 0.3303080011392012}, {"stage": "effect_mark_dispatched", "ms": 0.19576200429582968}, {"stage": "business_handler", "ms": 0.9756590006873012}, {"stage": "effect_finish", "ms": 0.19048199465032667}, {"stage": "effect_read", "ms": 0.13955400208942592}, {"stage": "effect_read", "ms": 0.17689800006337464}, {"stage": "crm_readback", "ms": 0.2541470021242276}, {"stage": "effect_resolve", "ms": 0.6537350054713897}, {"stage": "effect_read", "ms": 0.18854699737858027}, {"stage": "receipt_recovery", "ms": 0.9843799998634495}]}, {"index": 7, "warmup": false, "duration_ms": 3.477512000245042, "verified": true, "inclusive_stages": [{"stage": "runtime_denial", "ms": 0.3557640011422336}, {"stage": "effect_begin", "ms": 0.3534759962349199}, {"stage": "runtime_denial", "ms": 0.32526799623155966}, {"stage": "effect_mark_dispatched", "ms": 0.1756979982019402}, {"stage": "business_handler", "ms": 0.8998190023703501}, {"stage": "effect_finish", "ms": 0.210066995350644}, {"stage": "effect_read", "ms": 0.13955400208942592}, {"stage": "effect_read", "ms": 0.14748999819858}, {"stage": "crm_readback", "ms": 0.11864100088132545}, {"stage": "effect_resolve", "ms": 0.5084860022179782}, {"stage": "effect_read", "ms": 0.17854600446298718}, {"stage": "receipt_recovery", "ms": 0.8287300006486475}]}, {"index": 8, "warmup": false, "duration_ms": 6.101733997638803, "verified": true, "inclusive_stages": [{"stage": "runtime_denial", "ms": 1.174286000605207}, {"stage": "effect_begin", "ms": 0.9756110011949204}, {"stage": "runtime_denial", "ms": 0.8344569941982627}, {"stage": "effect_mark_dispatched", "ms": 0.2669629975571297}, {"stage": "business_handler", "ms": 0.9101379982894287}, {"stage": "effect_finish", "ms": 0.3092520055361092}, {"stage": "effect_read", "ms": 0.1838590033003129}, {"stage": "effect_read", "ms": 0.13665699952980503}, {"stage": "crm_readback", "ms": 0.19777799752773717}, {"stage": "effect_resolve", "ms": 0.5288379979901947}, {"stage": "effect_read", "ms": 0.20835400209762156}, {"stage": "receipt_recovery", "ms": 0.9247150010196492}]}, {"index": 9, "warmup": false, "duration_ms": 3.3725670000421815, "verified": true, "inclusive_stages": [{"stage": "runtime_denial", "ms": 0.4372530020191334}, {"stage": "effect_begin", "ms": 0.380883997422643}, {"stage": "runtime_denial", "ms": 0.3479879960650578}, {"stage": "effect_mark_dispatched", "ms": 0.23555400548502803}, {"stage": "business_handler", "ms": 0.5154300015419722}, {"stage": "effect_finish", "ms": 0.23016300110612065}, {"stage": "effect_read", "ms": 0.17326599481748417}, {"stage": "effect_read", "ms": 0.14427399582928047}, {"stage": "crm_readback", "ms": 0.16961799701675773}, {"stage": "effect_resolve", "ms": 0.5616070047835819}, {"stage": "effect_read", "ms": 0.18061000446323305}, {"stage": "receipt_recovery", "ms": 0.9180589986499399}]}, {"index": 10, "warmup": false, "duration_ms": 3.2859580023796298, "verified": true, "inclusive_stages": [{"stage": "runtime_denial", "ms": 0.4033479999634437}, {"stage": "effect_begin", "ms": 0.46632500016130507}, {"stage": "runtime_denial", "ms": 0.3841639991151169}, {"stage": "effect_mark_dispatched", "ms": 0.1836340015870519}, {"stage": "business_handler", "ms": 0.47173400525934994}, {"stage": "effect_finish", "ms": 0.23081900144461542}, {"stage": "effect_read", "ms": 0.20144200243521482}, {"stage": "effect_read", "ms": 0.1538579963380471}, {"stage": "crm_readback", "ms": 0.12200199853396043}, {"stage": "effect_resolve", "ms": 0.4629659961210564}, {"stage": "effect_read", "ms": 0.21288200514391065}, {"stage": "receipt_recovery", "ms": 0.8794020031928085}]}, {"index": 11, "warmup": false, "duration_ms": 5.397310997068416, "verified": true, "inclusive_stages": [{"stage": "runtime_denial", "ms": 1.135820995841641}, {"stage": "effect_begin", "ms": 1.0722849983721972}, {"stage": "runtime_denial", "ms": 0.38366900116670877}, {"stage": "effect_mark_dispatched", "ms": 0.18065800395561382}, {"stage": "business_handler", "ms": 0.5061179981566966}, {"stage": "effect_finish", "ms": 0.481846000184305}, {"stage": "effect_read", "ms": 0.27001900161849335}, {"stage": "effect_read", "ms": 0.18108999938704073}, {"stage": "crm_readback", "ms": 0.14576200192095712}, {"stage": "effect_resolve", "ms": 0.6185669990372844}, {"stage": "effect_read", "ms": 0.25867499789455906}, {"stage": "receipt_recovery", "ms": 1.15239700244274}]}, {"index": 12, "warmup": false, "duration_ms": 4.108430999622215, "verified": true, "inclusive_stages": [{"stage": "runtime_denial", "ms": 1.1131319988635369}, {"stage": "effect_begin", "ms": 0.5320860000210814}, {"stage": "runtime_denial", "ms": 0.3583880024962127}, {"stage": "effect_mark_dispatched", "ms": 0.1787859946489334}, {"stage": "business_handler", "ms": 0.5054299981566146}, {"stage": "effect_finish", "ms": 0.20529899484245107}, {"stage": "effect_read", "ms": 0.15766599972266704}, {"stage": "effect_read", "ms": 0.1783539992175065}, {"stage": "crm_readback", "ms": 0.18232200091006234}, {"stage": "effect_resolve", "ms": 0.5614619949483313}, {"stage": "effect_read", "ms": 0.16371400124626234}, {"stage": "receipt_recovery", "ms": 0.8860579982865602}]}, {"index": 13, "warmup": false, "duration_ms": 4.874327998550143, "verified": true, "inclusive_stages": [{"stage": "runtime_denial", "ms": 0.9813389988266863}, {"stage": "effect_begin", "ms": 1.1511170014273375}, {"stage": "runtime_denial", "ms": 0.4380530008347705}, {"stage": "effect_mark_dispatched", "ms": 0.16494599549332634}, {"stage": "business_handler", "ms": 0.47294999967562035}, {"stage": "effect_finish", "ms": 0.15793799684615806}, {"stage": "effect_read", "ms": 0.13616099749924615}, {"stage": "effect_read", "ms": 0.13724900054512545}, {"stage": "crm_readback", "ms": 0.1327540012425743}, {"stage": "effect_resolve", "ms": 0.46154099982231855}, {"stage": "effect_read", "ms": 0.21438599651446566}, {"stage": "receipt_recovery", "ms": 0.8165210019797087}]}, {"index": 14, "warmup": false, "duration_ms": 6.45095400250284, "verified": true, "inclusive_stages": [{"stage": "runtime_denial", "ms": 1.4218569995136932}, {"stage": "effect_begin", "ms": 0.9972600018954836}, {"stage": "runtime_denial", "ms": 0.5951589992037043}, {"stage": "effect_mark_dispatched", "ms": 0.1703060042927973}, {"stage": "business_handler", "ms": 0.8488259991281666}, {"stage": "effect_finish", "ms": 0.17673800175543875}, {"stage": "effect_read", "ms": 0.16294600209221244}, {"stage": "effect_read", "ms": 0.13977799972053617}, {"stage": "crm_readback", "ms": 0.28457900043576956}, {"stage": "effect_resolve", "ms": 0.7248399997479282}, {"stage": "effect_read", "ms": 0.14837000344414264}, {"stage": "receipt_recovery", "ms": 1.0399640013929456}]}, {"index": 15, "warmup": false, "duration_ms": 4.947544999595266, "verified": true, "inclusive_stages": [{"stage": "runtime_denial", "ms": 1.506081003753934}, {"stage": "effect_begin", "ms": 0.7105039985617623}, {"stage": "runtime_denial", "ms": 0.40134900336852297}, {"stage": "effect_mark_dispatched", "ms": 0.17240200395463035}, {"stage": "business_handler", "ms": 0.5128699995111674}, {"stage": "effect_finish", "ms": 0.248226999246981}, {"stage": "effect_read", "ms": 0.18323399854125455}, {"stage": "effect_read", "ms": 0.13878600293537602}, {"stage": "crm_readback", "ms": 0.18740999803412706}, {"stage": "effect_resolve", "ms": 0.49322199629386887}, {"stage": "effect_read", "ms": 0.14616199769079685}, {"stage": "receipt_recovery", "ms": 0.826186005724594}]}, {"index": 16, "warmup": false, "duration_ms": 3.2677499984856695, "verified": true, "inclusive_stages": [{"stage": "runtime_denial", "ms": 0.34035599674098194}, {"stage": "effect_begin", "ms": 0.34965200029546395}, {"stage": "runtime_denial", "ms": 0.42403700354043394}, {"stage": "effect_mark_dispatched", "ms": 0.37882000469835475}, {"stage": "business_handler", "ms": 0.400787997932639}, {"stage": "effect_finish", "ms": 0.17084999853977934}, {"stage": "effect_read", "ms": 0.17172899970319122}, {"stage": "effect_read", "ms": 0.23467500432161614}, {"stage": "crm_readback", "ms": 0.14195399853633717}, {"stage": "effect_resolve", "ms": 0.5691749975085258}, {"stage": "effect_read", "ms": 0.21592299890471622}, {"stage": "receipt_recovery", "ms": 0.959195000177715}]}, {"index": 17, "warmup": false, "duration_ms": 3.136068000458181, "verified": true, "inclusive_stages": [{"stage": "runtime_denial", "ms": 0.3992849960923195}, {"stage": "effect_begin", "ms": 0.4236370004946366}, {"stage": "runtime_denial", "ms": 0.35352399572730064}, {"stage": "effect_mark_dispatched", "ms": 0.16161699750227854}, {"stage": "business_handler", "ms": 0.5030449974583462}, {"stage": "effect_finish", "ms": 0.24416299856966361}, {"stage": "effect_read", "ms": 0.18060999718727544}, {"stage": "effect_read", "ms": 0.15675399481551722}, {"stage": "crm_readback", "ms": 0.14224099868442863}, {"stage": "effect_resolve", "ms": 0.43522100168047473}, {"stage": "effect_read", "ms": 0.1811700058169663}, {"stage": "receipt_recovery", "ms": 0.7998170040082186}]}, {"index": 18, "warmup": false, "duration_ms": 4.014414000266697, "verified": true, "inclusive_stages": [{"stage": "runtime_denial", "ms": 1.1045239953091368}, {"stage": "effect_begin", "ms": 0.6086790017434396}, {"stage": "runtime_denial", "ms": 0.37725199945271015}, {"stage": "effect_mark_dispatched", "ms": 0.1795860007405281}, {"stage": "business_handler", "ms": 0.4147569998167455}, {"stage": "effect_finish", "ms": 0.17689800006337464}, {"stage": "effect_read", "ms": 0.1505129985162057}, {"stage": "effect_read", "ms": 0.13531400327337906}, {"stage": "crm_readback", "ms": 0.130817003082484}, {"stage": "effect_resolve", "ms": 0.42755699541885406}, {"stage": "effect_read", "ms": 0.1518420031061396}, {"stage": "receipt_recovery", "ms": 0.7334799956879579}]}, {"index": 19, "warmup": false, "duration_ms": 2.77393600117648, "verified": true, "inclusive_stages": [{"stage": "runtime_denial", "ms": 0.3178430051775649}, {"stage": "effect_begin", "ms": 0.3813799994532019}, {"stage": "runtime_denial", "ms": 0.2722119970712811}, {"stage": "effect_mark_dispatched", "ms": 0.2228820012533106}, {"stage": "business_handler", "ms": 0.36739699862664565}, {"stage": "effect_finish", "ms": 0.17222599853994325}, {"stage": "effect_read", "ms": 0.21017899416619912}, {"stage": "effect_read", "ms": 0.18497800192562863}, {"stage": "crm_readback", "ms": 0.16389000666094944}, {"stage": "effect_resolve", "ms": 0.5298300020513125}, {"stage": "effect_read", "ms": 0.13628900342155248}, {"stage": "receipt_recovery", "ms": 0.8786499965935946}]}, {"index": 20, "warmup": false, "duration_ms": 5.810914997709915, "verified": true, "inclusive_stages": [{"stage": "runtime_denial", "ms": 0.42184499761788175}, {"stage": "effect_begin", "ms": 0.38872399454703555}, {"stage": "runtime_denial", "ms": 0.9260430015274324}, {"stage": "effect_mark_dispatched", "ms": 0.5061499978182837}, {"stage": "business_handler", "ms": 1.0379160012234934}, {"stage": "effect_finish", "ms": 0.5082619973109104}, {"stage": "effect_read", "ms": 0.5577339979936369}, {"stage": "effect_read", "ms": 0.3685330011649057}, {"stage": "crm_readback", "ms": 0.1906260004034266}, {"stage": "effect_resolve", "ms": 0.7139930021367036}, {"stage": "effect_read", "ms": 0.16621000395389274}, {"stage": "receipt_recovery", "ms": 1.445056994270999}]}, {"index": 21, "warmup": false, "duration_ms": 4.7274300013668835, "verified": true, "inclusive_stages": [{"stage": "runtime_denial", "ms": 1.1545570014277473}, {"stage": "effect_begin", "ms": 1.052988001902122}, {"stage": "runtime_denial", "ms": 0.36206799995852634}, {"stage": "effect_mark_dispatched", "ms": 0.17533000209368765}, {"stage": "business_handler", "ms": 0.5736229941248894}, {"stage": "effect_finish", "ms": 0.15302599786082283}, {"stage": "effect_read", "ms": 0.13960099749965593}, {"stage": "effect_read", "ms": 0.15627399989170954}, {"stage": "crm_readback", "ms": 0.13001800107304007}, {"stage": "effect_resolve", "ms": 0.5289990003802814}, {"stage": "effect_read", "ms": 0.13675299851456657}, {"stage": "receipt_recovery", "ms": 0.8091290001175366}]}, {"index": 22, "warmup": false, "duration_ms": 4.9543450004421175, "verified": true, "inclusive_stages": [{"stage": "runtime_denial", "ms": 0.4433170033735223}, {"stage": "effect_begin", "ms": 0.6983439961913973}, {"stage": "runtime_denial", "ms": 0.9981719995266758}, {"stage": "effect_mark_dispatched", "ms": 0.569351002923213}, {"stage": "business_handler", "ms": 0.7095760010997765}, {"stage": "effect_finish", "ms": 0.20392300211824477}, {"stage": "effect_read", "ms": 0.21132999972905964}, {"stage": "effect_read", "ms": 0.17133000073954463}, {"stage": "crm_readback", "ms": 0.17925000429386273}, {"stage": "effect_resolve", "ms": 0.5900870019104332}, {"stage": "effect_read", "ms": 0.15035399701446295}, {"stage": "receipt_recovery", "ms": 0.9554989956086501}]}, {"index": 23, "warmup": false, "duration_ms": 5.509262999112252, "verified": true, "inclusive_stages": [{"stage": "runtime_denial", "ms": 0.9929869993356988}, {"stage": "effect_begin", "ms": 0.6507279977086}, {"stage": "runtime_denial", "ms": 0.6163750003906898}, {"stage": "effect_mark_dispatched", "ms": 0.8757710020290688}, {"stage": "business_handler", "ms": 0.5613030007225461}, {"stage": "effect_finish", "ms": 0.2089300032821484}, {"stage": "effect_read", "ms": 0.22684999566990882}, {"stage": "effect_read", "ms": 0.1876659953268245}, {"stage": "crm_readback", "ms": 0.16350600344594568}, {"stage": "effect_resolve", "ms": 0.5283100035740063}, {"stage": "effect_read", "ms": 0.1687379990471527}, {"stage": "receipt_recovery", "ms": 0.9277060016756877}]}, {"index": 24, "warmup": false, "duration_ms": 4.046910995384678, "verified": true, "inclusive_stages": [{"stage": "runtime_denial", "ms": 0.44062899542041123}, {"stage": "effect_begin", "ms": 0.6356879966915585}, {"stage": "runtime_denial", "ms": 0.47421400086022913}, {"stage": "effect_mark_dispatched", "ms": 0.22982700465945527}, {"stage": "business_handler", "ms": 0.6262470051296987}, {"stage": "effect_finish", "ms": 0.3028840001206845}, {"stage": "effect_read", "ms": 0.23870699806138873}, {"stage": "effect_read", "ms": 0.18660999921848997}, {"stage": "crm_readback", "ms": 0.19027399685001}, {"stage": "effect_resolve", "ms": 0.5832390015712008}, {"stage": "effect_read", "ms": 0.1789779998944141}, {"stage": "receipt_recovery", "ms": 1.005147998512257}]}, {"index": 25, "warmup": false, "duration_ms": 3.169620998960454, "verified": true, "inclusive_stages": [{"stage": "runtime_denial", "ms": 0.4006600065622479}, {"stage": "effect_begin", "ms": 0.42338100320193917}, {"stage": "runtime_denial", "ms": 0.35678800486493856}, {"stage": "effect_mark_dispatched", "ms": 0.16467399836983532}, {"stage": "business_handler", "ms": 0.46912499965401366}, {"stage": "effect_finish", "ms": 0.20934700296493247}, {"stage": "effect_read", "ms": 0.18785800057230517}, {"stage": "effect_read", "ms": 0.15515399718424305}, {"stage": "crm_readback", "ms": 0.20878599752904847}, {"stage": "effect_resolve", "ms": 0.5611909946310334}, {"stage": "effect_read", "ms": 0.16235400107689202}, {"stage": "receipt_recovery", "ms": 0.9143150018644519}]}, {"index": 26, "warmup": false, "duration_ms": 3.047794998565223, "verified": true, "inclusive_stages": [{"stage": "runtime_denial", "ms": 0.4332850003265776}, {"stage": "effect_begin", "ms": 0.37507600063690916}, {"stage": "runtime_denial", "ms": 0.3218749989173375}, {"stage": "effect_mark_dispatched", "ms": 0.1738259961712174}, {"stage": "business_handler", "ms": 0.37928399979136884}, {"stage": "effect_finish", "ms": 0.23621099535375834}, {"stage": "effect_read", "ms": 0.1778899968485348}, {"stage": "effect_read", "ms": 0.158017996000126}, {"stage": "crm_readback", "ms": 0.1515220064902678}, {"stage": "effect_resolve", "ms": 0.4736379996757023}, {"stage": "effect_read", "ms": 0.15108899970073253}, {"stage": "receipt_recovery", "ms": 0.8051769982557744}]}, {"index": 27, "warmup": false, "duration_ms": 5.304222002450842, "verified": true, "inclusive_stages": [{"stage": "runtime_denial", "ms": 1.1378220006008632}, {"stage": "effect_begin", "ms": 0.7486489994334988}, {"stage": "runtime_denial", "ms": 0.39141299930633977}, {"stage": "effect_mark_dispatched", "ms": 0.5179419968044385}, {"stage": "business_handler", "ms": 0.7246009990922175}, {"stage": "effect_finish", "ms": 0.403828002163209}, {"stage": "effect_read", "ms": 0.21500999719137326}, {"stage": "effect_read", "ms": 0.13579400547314435}, {"stage": "crm_readback", "ms": 0.1515379990451038}, {"stage": "effect_resolve", "ms": 0.4711899964604527}, {"stage": "effect_read", "ms": 0.14035299682291225}, {"stage": "receipt_recovery", "ms": 0.8303449940285645}]}, {"index": 28, "warmup": false, "duration_ms": 8.161181998730171, "verified": true, "inclusive_stages": [{"stage": "runtime_denial", "ms": 0.7252249997691251}, {"stage": "effect_begin", "ms": 1.2145260043325834}, {"stage": "runtime_denial", "ms": 0.9141059999819845}, {"stage": "effect_mark_dispatched", "ms": 0.5048540042480454}, {"stage": "business_handler", "ms": 1.3296800025273114}, {"stage": "effect_finish", "ms": 0.4829179961234331}, {"stage": "effect_read", "ms": 0.43133299914188683}, {"stage": "effect_read", "ms": 0.45887000305810943}, {"stage": "crm_readback", "ms": 0.4551410020212643}, {"stage": "effect_resolve", "ms": 1.4613929961342365}, {"stage": "effect_read", "ms": 0.5164699978195131}, {"stage": "receipt_recovery", "ms": 2.419420001388062}]}, {"index": 29, "warmup": false, "duration_ms": 8.157679003488738, "verified": true, "inclusive_stages": [{"stage": "runtime_denial", "ms": 0.8290659970953129}, {"stage": "effect_begin", "ms": 1.1528290051501244}, {"stage": "runtime_denial", "ms": 0.8137050026562065}, {"stage": "effect_mark_dispatched", "ms": 0.4748379942611791}, {"stage": "business_handler", "ms": 1.4420490042539313}, {"stage": "effect_finish", "ms": 0.5497029997059144}, {"stage": "effect_read", "ms": 0.4845020011998713}, {"stage": "effect_read", "ms": 0.3879080031765625}, {"stage": "crm_readback", "ms": 0.46326899609994143}, {"stage": "effect_resolve", "ms": 1.3349750006454997}, {"stage": "effect_read", "ms": 0.4942619998473674}, {"stage": "receipt_recovery", "ms": 2.3241550006787293}]}, {"index": 30, "warmup": false, "duration_ms": 8.665588000440039, "verified": true, "inclusive_stages": [{"stage": "runtime_denial", "ms": 0.9661709991632961}, {"stage": "effect_begin", "ms": 1.1349889973644167}, {"stage": "runtime_denial", "ms": 1.0247480022371747}, {"stage": "effect_mark_dispatched", "ms": 0.5450460012070835}, {"stage": "business_handler", "ms": 1.3468800025293604}, {"stage": "effect_finish", "ms": 0.5603909958153963}, {"stage": "effect_read", "ms": 0.4574289996526204}, {"stage": "effect_read", "ms": 0.4444369988050312}, {"stage": "crm_readback", "ms": 0.442117998318281}, {"stage": "effect_resolve", "ms": 1.3877439996576868}, {"stage": "effect_read", "ms": 0.49557400052435696}, {"stage": "receipt_recovery", "ms": 2.352122995944228}]}], "p50_ms": 4.128903499804437, "p95_ms": 8.159605650871526, "p95_ci95_ms": [5.784743647382129, 8.665588000440039]}}, "scope": "30 warm native create_task dispatch samples per revision plus one retained warmup; sequential baseline/current blocks in one private canonical database. Model, audit publishing and event delivery excluded; permission fixture identical. Includes handler and database overhead, with runtime receipt readback in current. Not complete agent harness overhead, live-provider latency, framework qualification or a causal speed comparison."}
..........................s................s....                         [100%]
=============================== warnings summary ===============================
robothor/engine/tests/test_native_goal_recovery.py::test_native_goal_recovery_waits_safely_or_reconciles_explicitly[False-False]
  /home/philip/robothor-runtime-modernization/.venv/lib/python3.14/site-packages/pydantic/_internal/_generate_schema.py:1480: UserWarning: Item 'summary' on TypedDict class 'ChatCompletionReasoningItem' is using the `ReadOnly` qualifier. Pydantic will not protect items from any mutation on dictionary instances.
    warnings.warn(

-- Docs: https://docs.pytest.org/en/stable/how-to/capture-warnings.html
46 passed, 2 skipped, 1 warning in 20.14s
