........................................................................ [  0%]
........................................................................ [  1%]
........................................................................ [  1%]
..............................................ssssssssssssss............ [  2%]
........................................................................ [  3%]
........................................................................ [  3%]
........................................................................ [  4%]
........................................................................ [  5%]
........................................................................ [  5%]
........................................................................ [  6%]
........................................................................ [  6%]
........................................................................ [  7%]
........................................................................ [  8%]
........................................................................ [  8%]
........................................................................ [  9%]
........................................................................ [ 10%]
........................................................................ [ 10%]
........................................................................ [ 11%]
........................................................................ [ 11%]
........................................................................ [ 12%]
........................................................................ [ 13%]
........................................................................ [ 13%]
........................................................................ [ 14%]
........................................................................ [ 15%]
........................................................................ [ 15%]
........................................................................ [ 16%]
........................................................................ [ 16%]
........................................................................ [ 17%]
........................................................................ [ 18%]
........................................................................ [ 18%]
........................................................................ [ 19%]
........................................................................ [ 20%]
........................................................................ [ 20%]
........................................................................ [ 21%]
........................................................................ [ 21%]
........................................................................ [ 22%]
........................................................................ [ 23%]
........................................................................ [ 23%]
........................................................................ [ 24%]
........................................................................ [ 25%]
........................................................................ [ 25%]
........................................................................ [ 26%]
........................................................................ [ 27%]
........................................................................ [ 27%]
........................................................................ [ 28%]
........................................................................ [ 28%]
........................................................................ [ 29%]
.............................................s.......................... [ 30%]
........................................................................ [ 30%]
........................................................................ [ 31%]
........................................................................ [ 32%]
........................................................................ [ 32%]
........................................................................ [ 33%]
........................................................................ [ 33%]
........................................................................ [ 34%]
........................................................................ [ 35%]
........................................................................ [ 35%]
........................................................................ [ 36%]
........................................................................ [ 37%]
........................................................................ [ 37%]
........................................................................ [ 38%]
........................................................................ [ 38%]
........................................................................ [ 39%]
........................................................................ [ 40%]
.....................................................................sss [ 40%]
........................................................................ [ 41%]
............................s........................................... [ 42%]
........................................................................ [ 42%]
........................................................................ [ 43%]
........................................................................ [ 43%]
........................................................................ [ 44%]
........................................................................ [ 45%]
........................................................................ [ 45%]
........................................................................ [ 46%]
........................................................................ [ 47%]
........................................................................ [ 47%]
........................................................................ [ 48%]
........................................................................ [ 48%]
........................................................................ [ 49%]
........................................................................ [ 50%]
........................................................................ [ 50%]
........................................................................ [ 51%]
........................................................................ [ 52%]
........................................................................ [ 52%]
........................................................................ [ 53%]
........................................................................ [ 54%]
........................................................................ [ 54%]
........................................................................ [ 55%]
........................................................................ [ 55%]
................sssssss................................................. [ 56%]
........................................................................ [ 57%]
........................................................................ [ 57%]
........................................................................ [ 58%]
........................................................................ [ 59%]
........................................................................ [ 59%]
........................................................................ [ 60%]
........................................................................ [ 60%]
........................................................................ [ 61%]
........................................................................ [ 62%]
........................................................................ [ 62%]
..........................s............................................. [ 63%]
........................................................................ [ 64%]
........................................................................ [ 64%]
........................................................................ [ 65%]
........................................................................ [ 65%]
........................................................................ [ 66%]
........................................................................ [ 67%]
........................................................................ [ 67%]
........................................................................ [ 68%]
........................................................................ [ 69%]
........................................................................ [ 69%]
........................................................................ [ 70%]
........................................................................ [ 70%]
........................................................................ [ 71%]
........................................................................ [ 72%]
........................................................................ [ 72%]
........................................................................ [ 73%]
........................................................................ [ 74%]
........................................................................ [ 74%]
........................................................................ [ 75%]
........................................................................ [ 76%]
........................................................................ [ 76%]
........................................................................ [ 77%]
........................................................................ [ 77%]
........................................................................ [ 78%]
........................................................................ [ 79%]
........................................................................ [ 79%]
........................................................................ [ 80%]
........................................................................ [ 81%]
........................................................................ [ 81%]
........................................................................ [ 82%]
........................................................................ [ 82%]
........................................................................ [ 83%]
........................................................................ [ 84%]
........................................................................ [ 84%]
........................................................................ [ 85%]
........................................................................ [ 86%]
........................................................................ [ 86%]
........................................................................ [ 87%]
........................................................................ [ 87%]
........................................................................ [ 88%]
........................................................................ [ 89%]
........................................................................ [ 89%]
........................................................................ [ 90%]
........................................................................ [ 91%]
........................................................................ [ 91%]
........................................................................ [ 92%]
........................................................................ [ 92%]
........................................................................ [ 93%]
........................................................................ [ 94%]
........................................................................ [ 94%]
........................................................................ [ 95%]
........................................................................ [ 96%]
........................................................................ [ 96%]
........................................................................ [ 97%]
..............................s......................................... [ 97%]
........................................................................ [ 98%]
........................................................................ [ 99%]
........................................................................ [ 99%]
..............                                                           [100%]
=============================== warnings summary ===============================
robothor/engine/tests/test_admin_approvals.py:17
  /home/philip/robothor-runtime-modernization/robothor/engine/tests/test_admin_approvals.py:17: StarletteDeprecationWarning: Using `httpx` with `starlette.testclient` is deprecated; install `httpx2` instead.
    from starlette.testclient import TestClient

.venv/lib/python3.14/site-packages/starlette/testclient.py:53
  /home/philip/robothor-runtime-modernization/.venv/lib/python3.14/site-packages/starlette/testclient.py:53: DeprecationWarning: The anyio.abc.BlockingPortal alias is deprecated, use anyio.from_thread.BlockingPortal instead.
    _PortalFactoryType = Callable[[], AbstractContextManager[anyio.abc.BlockingPortal]]

robothor/engine/tests/test_admin_approvals.py: 7 warnings
robothor/engine/tests/test_admin_plugins.py: 25 warnings
robothor/engine/tests/test_admin_plugins_install.py: 25 warnings
robothor/engine/tests/test_admin_plugins_offloop.py: 16 warnings
robothor/engine/tests/test_admin_providers.py: 45 warnings
robothor/engine/tests/test_admin_providers_defaults_read.py: 3 warnings
robothor/engine/tests/test_admin_scheduler.py: 11 warnings
robothor/engine/tests/test_benchmark_decontamination.py: 4 warnings
robothor/engine/tests/test_dashboard_completions.py: 10 warnings
robothor/engine/tests/test_engine_auth.py: 6 warnings
robothor/engine/tests/test_health_apis.py: 7 warnings
robothor/engine/tests/test_health_execution_mode.py: 4 warnings
robothor/engine/tests/test_health_route_annotations.py: 6 warnings
robothor/engine/tests/test_manifest_schema_readiness.py: 5 warnings
robothor/engine/tests/test_polish.py: 1 warning
robothor/engine/tests/test_readiness.py: 3 warnings
robothor/engine/tests/test_sales_runtime_startup.py: 2 warnings
robothor/engine/tests/test_timeouts_endpoint.py: 2 warnings
  /home/philip/robothor-runtime-modernization/robothor/engine/health.py:1210: DeprecationWarning: 
          on_event is deprecated, use lifespan event handlers instead.
  
          Read more about it in the
          [FastAPI docs for Lifespan Events](https://fastapi.tiangolo.com/advanced/events/).
          
    @app.on_event("startup")

robothor/engine/tests/test_admin_approvals.py: 7 warnings
robothor/engine/tests/test_admin_plugins.py: 25 warnings
robothor/engine/tests/test_admin_plugins_install.py: 25 warnings
robothor/engine/tests/test_admin_plugins_offloop.py: 16 warnings
robothor/engine/tests/test_admin_providers.py: 45 warnings
robothor/engine/tests/test_admin_providers_defaults_read.py: 3 warnings
robothor/engine/tests/test_admin_scheduler.py: 11 warnings
robothor/engine/tests/test_benchmark_decontamination.py: 4 warnings
robothor/engine/tests/test_dashboard_completions.py: 10 warnings
robothor/engine/tests/test_engine_auth.py: 6 warnings
robothor/engine/tests/test_health_apis.py: 7 warnings
robothor/engine/tests/test_health_execution_mode.py: 4 warnings
robothor/engine/tests/test_health_route_annotations.py: 6 warnings
robothor/engine/tests/test_manifest_schema_readiness.py: 5 warnings
robothor/engine/tests/test_polish.py: 1 warning
robothor/engine/tests/test_readiness.py: 3 warnings
robothor/engine/tests/test_sales_runtime_startup.py: 2 warnings
robothor/engine/tests/test_timeouts_endpoint.py: 2 warnings
  /home/philip/robothor-runtime-modernization/.venv/lib/python3.14/site-packages/fastapi/applications.py:4681: DeprecationWarning: 
          on_event is deprecated, use lifespan event handlers instead.
  
          Read more about it in the
          [FastAPI docs for Lifespan Events](https://fastapi.tiangolo.com/advanced/events/).
          
    return self.router.on_event(event_type)  # ty: ignore[deprecated]

robothor/engine/tests/test_bounded_model_fallback.py::test_shared_worker_route_exclusion_reaches_funded_fallback[main]
robothor/engine/tests/test_reasoning_content_roundtrip.py::TestStreaming::test_streamed_reasoning_is_accumulated_and_replayed
  /home/philip/robothor-runtime-modernization/.venv/lib/python3.14/site-packages/pydantic/_internal/_generate_schema.py:1480: UserWarning: Item 'summary' on TypedDict class 'ChatCompletionReasoningItem' is using the `ReadOnly` qualifier. Pydantic will not protect items from any mutation on dictionary instances.
    warnings.warn(

robothor/engine/tests/test_config.py::TestDeliveryToFallbackChain::test_agent_delivery_to_falls_back_to_unprefixed
robothor/engine/tests/test_config.py::TestDeliveryToFallbackChain::test_heartbeat_delivery_to_falls_back_to_unprefixed
  /home/philip/robothor-runtime-modernization/robothor/settings/aliases.py:78: DeprecationWarning: Configuration variable TELEGRAM_CHAT_ID is deprecated; use ROBOTHOR_TELEGRAM_CHAT_ID instead. The old name still works, but it will stop being read after two minor releases. See robothor/settings/aliases.py.
    warnings.warn(

robothor/engine/tests/test_extraction_is_linear_in_the_task.py::TestTheExtractorIsLinearInItsInput::test_a_100kb_adversarial_task_extracts_inside_a_second
robothor/engine/tests/test_extraction_is_linear_in_the_task.py::TestTheExtractorIsLinearInItsInput::test_each_flagged_regex_survives_its_own_worst_case[bullet]
robothor/engine/tests/test_extraction_is_linear_in_the_task.py::TestTheExtractorIsLinearInItsInput::test_each_flagged_regex_survives_its_own_worst_case[columns]
robothor/engine/tests/test_extraction_is_linear_in_the_task.py::TestTheExtractorIsLinearInItsInput::test_each_flagged_regex_survives_its_own_worst_case[heading]
robothor/engine/tests/test_extraction_is_linear_in_the_task.py::TestTheExtractorIsLinearInItsInput::test_each_flagged_regex_survives_its_own_worst_case[sort]
robothor/engine/tests/test_extraction_is_linear_in_the_task.py::TestTheExtractorIsLinearInItsInput::test_each_flagged_regex_survives_its_own_worst_case[fence]
  /home/philip/.local/share/uv/python/cpython-3.14.2-linux-aarch64-gnu/lib/python3.14/multiprocessing/popen_fork.py:70: DeprecationWarning: This process (pid=2683003) is multi-threaded, use of fork() may lead to deadlocks in the child.
    self.pid = os.fork()

robothor/engine/tests/test_hook_enhancements.py: 8 warnings
robothor/engine/tests/test_hook_registry.py: 8 warnings
  /home/philip/robothor-runtime-modernization/robothor/engine/hook_registry.py:407: DeprecationWarning: 'asyncio.iscoroutinefunction' is deprecated and slated for removal in Python 3.16; use inspect.iscoroutinefunction() instead
    if asyncio.iscoroutinefunction(handler):

robothor/engine/tests/test_todo_promotion.py::TestPromoteTodoToSubtask::test_inherits_priority_from_parent
  /home/philip/.local/share/uv/python/cpython-3.14.2-linux-aarch64-gnu/lib/python3.14/unittest/mock.py:2252: RuntimeWarning: coroutine 'connect_tcp.<locals>.try_connect' was never awaited
    def __init__(self, name, parent):
  Enable tracemalloc to get traceback where the object was allocated.
  See https://docs.pytest.org/en/stable/how-to/capture-warnings.html#resource-warnings for more info.

-- Docs: https://docs.pytest.org/en/stable/how-to/capture-warnings.html
11434 passed, 29 skipped, 230 deselected, 393 warnings in 465.72s (0:07:45)
